<?xml version="1.0" encoding="ISO-8859-1" ?>
<link_info>
   <banner>TMS320C2000 Linker PC v22.6.0.LTS</banner>
   <copyright>Copyright (c) 1996-2018 Texas Instruments Incorporated</copyright>
   <link_time>0x64c23ad1</link_time>
   <link_errors>0x0</link_errors>
   <output_file>my_driverlib_SPLL_PFC_2023_7_27_0.out</output_file>
   <entry_point>
      <name>code_start</name>
      <address>0x0</address>
   </entry_point>
   <input_file_list>
      <input_file id="fl-2">
         <path>.\syscfg\</path>
         <kind>object</kind>
         <file>board.obj</file>
         <name>board.obj</name>
      </input_file>
      <input_file id="fl-3">
         <path>.\syscfg\</path>
         <kind>object</kind>
         <file>c2000ware_libraries.obj</file>
         <name>c2000ware_libraries.obj</name>
      </input_file>
      <input_file id="fl-4">
         <path>.\</path>
         <kind>object</kind>
         <file>pfc_hal.obj</file>
         <name>pfc_hal.obj</name>
      </input_file>
      <input_file id="fl-5">
         <path>.\</path>
         <kind>object</kind>
         <file>spll_pfc_main.obj</file>
         <name>spll_pfc_main.obj</name>
      </input_file>
      <input_file id="fl-6">
         <path>.\</path>
         <kind>object</kind>
         <file>spll_sogi.obj</file>
         <name>spll_sogi.obj</name>
      </input_file>
      <input_file id="fl-7">
         <path>.\device\</path>
         <kind>object</kind>
         <file>device.obj</file>
         <name>device.obj</name>
      </input_file>
      <input_file id="fl-8">
         <path>.\device\</path>
         <kind>object</kind>
         <file>f28003x_codestartbranch.obj</file>
         <name>f28003x_codestartbranch.obj</name>
      </input_file>
      <input_file id="fl-13">
         <kind>object</kind>
         <file>&lt;internal&gt;</file>
         <name>&lt;internal&gt;</name>
      </input_file>
      <input_file id="fl-14">
         <path>D:\Program\ti\ccs1220\C2000Ware_4_03_00_00\driverlib\f28003x\driverlib\ccs\Debug\</path>
         <kind>archive</kind>
         <file>driverlib.lib</file>
         <name>adc.obj</name>
      </input_file>
      <input_file id="fl-15">
         <path>D:\Program\ti\ccs1220\C2000Ware_4_03_00_00\driverlib\f28003x\driverlib\ccs\Debug\</path>
         <kind>archive</kind>
         <file>driverlib.lib</file>
         <name>dcc.obj</name>
      </input_file>
      <input_file id="fl-16">
         <path>D:\Program\ti\ccs1220\C2000Ware_4_03_00_00\driverlib\f28003x\driverlib\ccs\Debug\</path>
         <kind>archive</kind>
         <file>driverlib.lib</file>
         <name>gpio.obj</name>
      </input_file>
      <input_file id="fl-17">
         <path>D:\Program\ti\ccs1220\C2000Ware_4_03_00_00\driverlib\f28003x\driverlib\ccs\Debug\</path>
         <kind>archive</kind>
         <file>driverlib.lib</file>
         <name>interrupt.obj</name>
      </input_file>
      <input_file id="fl-18">
         <path>D:\Program\ti\ccs1220\C2000Ware_4_03_00_00\driverlib\f28003x\driverlib\ccs\Debug\</path>
         <kind>archive</kind>
         <file>driverlib.lib</file>
         <name>sysctl.obj</name>
      </input_file>
      <input_file id="fl-19">
         <path>..\</path>
         <kind>archive</kind>
         <file>rts2800_fpu32_eabi.lib</file>
         <name>s_cos.c.obj</name>
      </input_file>
      <input_file id="fl-1a">
         <path>..\</path>
         <kind>archive</kind>
         <file>rts2800_fpu32_eabi.lib</file>
         <name>boot28.asm.obj</name>
      </input_file>
      <input_file id="fl-1b">
         <path>..\</path>
         <kind>archive</kind>
         <file>rts2800_fpu32_eabi.lib</file>
         <name>fd_neg28.asm.obj</name>
      </input_file>
      <input_file id="fl-1c">
         <path>..\</path>
         <kind>archive</kind>
         <file>rts2800_fpu32_eabi.lib</file>
         <name>fd_sub28.asm.obj</name>
      </input_file>
      <input_file id="fl-1d">
         <path>..\</path>
         <kind>archive</kind>
         <file>rts2800_fpu32_eabi.lib</file>
         <name>fd_toi28.asm.obj</name>
      </input_file>
      <input_file id="fl-1e">
         <path>..\</path>
         <kind>archive</kind>
         <file>rts2800_fpu32_eabi.lib</file>
         <name>fs_div28.asm.obj</name>
      </input_file>
      <input_file id="fl-1f">
         <path>..\</path>
         <kind>archive</kind>
         <file>rts2800_fpu32_eabi.lib</file>
         <name>ll_cmp28.asm.obj</name>
      </input_file>
      <input_file id="fl-20">
         <path>..\</path>
         <kind>archive</kind>
         <file>rts2800_fpu32_eabi.lib</file>
         <name>fs_tofdfpu32.asm.obj</name>
      </input_file>
      <input_file id="fl-21">
         <path>..\</path>
         <kind>archive</kind>
         <file>rts2800_fpu32_eabi.lib</file>
         <name>pre_init.c.obj</name>
      </input_file>
      <input_file id="fl-22">
         <path>..\</path>
         <kind>archive</kind>
         <file>rts2800_fpu32_eabi.lib</file>
         <name>autoinit.c.obj</name>
      </input_file>
      <input_file id="fl-23">
         <path>..\</path>
         <kind>archive</kind>
         <file>rts2800_fpu32_eabi.lib</file>
         <name>copy_zero_init.c.obj</name>
      </input_file>
      <input_file id="fl-24">
         <path>..\</path>
         <kind>archive</kind>
         <file>rts2800_fpu32_eabi.lib</file>
         <name>copy_decompress_none.c.obj</name>
      </input_file>
      <input_file id="fl-25">
         <path>..\</path>
         <kind>archive</kind>
         <file>rts2800_fpu32_eabi.lib</file>
         <name>copy_decompress_lzss.c.obj</name>
      </input_file>
      <input_file id="fl-26">
         <path>..\</path>
         <kind>archive</kind>
         <file>rts2800_fpu32_eabi.lib</file>
         <name>e_rem_pio2.c.obj</name>
      </input_file>
      <input_file id="fl-27">
         <path>..\</path>
         <kind>archive</kind>
         <file>rts2800_fpu32_eabi.lib</file>
         <name>k_rem_pio2.c.obj</name>
      </input_file>
      <input_file id="fl-28">
         <path>..\</path>
         <kind>archive</kind>
         <file>rts2800_fpu32_eabi.lib</file>
         <name>exit.c.obj</name>
      </input_file>
      <input_file id="fl-29">
         <path>..\</path>
         <kind>archive</kind>
         <file>rts2800_fpu32_eabi.lib</file>
         <name>_lock.c.obj</name>
      </input_file>
      <input_file id="fl-2a">
         <path>..\</path>
         <kind>archive</kind>
         <file>rts2800_fpu32_eabi.lib</file>
         <name>args_main.c.obj</name>
      </input_file>
      <input_file id="fl-2b">
         <path>..\</path>
         <kind>archive</kind>
         <file>rts2800_fpu32_eabi.lib</file>
         <name>memset.c.obj</name>
      </input_file>
      <input_file id="fl-2c">
         <path>..\</path>
         <kind>archive</kind>
         <file>rts2800_fpu32_eabi.lib</file>
         <name>k_cos.c.obj</name>
      </input_file>
      <input_file id="fl-2d">
         <path>..\</path>
         <kind>archive</kind>
         <file>rts2800_fpu32_eabi.lib</file>
         <name>k_sin.c.obj</name>
      </input_file>
      <input_file id="fl-2e">
         <path>..\</path>
         <kind>archive</kind>
         <file>rts2800_fpu32_eabi.lib</file>
         <name>s_floor.c.obj</name>
      </input_file>
      <input_file id="fl-2f">
         <path>..\</path>
         <kind>archive</kind>
         <file>rts2800_fpu32_eabi.lib</file>
         <name>s_scalbn.c.obj</name>
      </input_file>
      <input_file id="fl-30">
         <path>..\</path>
         <kind>archive</kind>
         <file>rts2800_fpu32_eabi.lib</file>
         <name>s_copysign.c.obj</name>
      </input_file>
      <input_file id="fl-31">
         <path>..\</path>
         <kind>archive</kind>
         <file>rts2800_fpu32_eabi.lib</file>
         <name>fd_add28.asm.obj</name>
      </input_file>
      <input_file id="fl-32">
         <path>..\</path>
         <kind>archive</kind>
         <file>rts2800_fpu32_eabi.lib</file>
         <name>fd_cmp28.asm.obj</name>
      </input_file>
      <input_file id="fl-33">
         <path>..\</path>
         <kind>archive</kind>
         <file>rts2800_fpu32_eabi.lib</file>
         <name>fd_mpy28.asm.obj</name>
      </input_file>
      <input_file id="fl-34">
         <path>..\</path>
         <kind>archive</kind>
         <file>rts2800_fpu32_eabi.lib</file>
         <name>fd_tol28.asm.obj</name>
      </input_file>
      <input_file id="fl-35">
         <path>..\</path>
         <kind>archive</kind>
         <file>rts2800_fpu32_eabi.lib</file>
         <name>ll_aox28.asm.obj</name>
      </input_file>
      <input_file id="fl-36">
         <path>..\</path>
         <kind>archive</kind>
         <file>rts2800_fpu32_eabi.lib</file>
         <name>i_div28.asm.obj</name>
      </input_file>
      <input_file id="fl-37">
         <path>..\</path>
         <kind>archive</kind>
         <file>rts2800_fpu32_eabi.lib</file>
         <name>l_tofd28.asm.obj</name>
      </input_file>
      <input_file id="fl-38">
         <path>..\</path>
         <kind>archive</kind>
         <file>rts2800_fpu32_eabi.lib</file>
         <name>cpy_tbl.c.obj</name>
      </input_file>
      <input_file id="fl-39">
         <path>..\</path>
         <kind>archive</kind>
         <file>rts2800_fpu32_eabi.lib</file>
         <name>memcpy.c.obj</name>
      </input_file>
      <input_file id="fl-3a">
         <path>..\</path>
         <kind>archive</kind>
         <file>rts2800_fpu32_eabi.lib</file>
         <name>startup.c.obj</name>
      </input_file>
      <input_file id="fl-3b">
         <path>..\</path>
         <kind>archive</kind>
         <file>rts2800_fpu32_eabi.lib</file>
         <name>errno.c.obj</name>
      </input_file>
      <input_file id="fl-3f">
         <path>D:\Program\ti\ccs1220\C2000Ware_4_03_00_00\\libraries\calibration\hrpwm\f28003x\lib\</path>
         <kind>archive</kind>
         <file>SFO_v8_fpu_lib_build_c28_driverlib_eabi.lib</file>
         <name>SFO_v8_fpu_lib_build_c28_driverlib.obj</name>
      </input_file>
   </input_file_list>
   <object_component_list>
      <object_component id="oc-26">
         <name>codestart</name>
         <load_address>0x0</load_address>
         <run_address>0x0</run_address>
         <size>0x2</size>
         <input_file_ref idref="fl-8"/>
      </object_component>
      <object_component id="oc-1a4">
         <name>.TI.ramfunc</name>
         <load_address>0x128</load_address>
         <run_address>0x128</run_address>
         <size>0x4</size>
         <input_file_ref idref="fl-18"/>
      </object_component>
      <object_component id="oc-3e0">
         <name>.text</name>
         <load_address>0x8000</load_address>
         <run_address>0x8000</run_address>
         <size>0x67d</size>
         <input_file_ref idref="fl-27"/>
      </object_component>
      <object_component id="oc-266">
         <name>.text</name>
         <load_address>0x867d</load_address>
         <run_address>0x867d</run_address>
         <size>0x125</size>
         <input_file_ref idref="fl-2d"/>
      </object_component>
      <object_component id="oc-27d">
         <name>.text:SPLL_1PH_SOGI_reset</name>
         <load_address>0x87a2</load_address>
         <run_address>0x87a2</run_address>
         <size>0x5b</size>
         <input_file_ref idref="fl-6"/>
      </object_component>
      <object_component id="oc-22b">
         <name>.text:ADC_init</name>
         <load_address>0x87fd</load_address>
         <run_address>0x87fd</run_address>
         <size>0x3</size>
         <input_file_ref idref="fl-2"/>
      </object_component>
      <object_component id="oc-260">
         <name>.text</name>
         <load_address>0x8800</load_address>
         <run_address>0x8800</run_address>
         <size>0x431</size>
         <input_file_ref idref="fl-26"/>
      </object_component>
      <object_component id="oc-273">
         <name>.text</name>
         <load_address>0x8c31</load_address>
         <run_address>0x8c31</run_address>
         <size>0x1f1</size>
         <input_file_ref idref="fl-3f"/>
      </object_component>
      <object_component id="oc-231">
         <name>.text:EPWM_init</name>
         <load_address>0x8e22</load_address>
         <run_address>0x8e22</run_address>
         <size>0x1d3</size>
         <input_file_ref idref="fl-2"/>
      </object_component>
      <object_component id="oc-2a2">
         <name>.text:SysCtl_isMCDClockFailureDetected</name>
         <load_address>0x8ff5</load_address>
         <run_address>0x8ff5</run_address>
         <size>0xb</size>
         <input_file_ref idref="fl-18"/>
      </object_component>
      <object_component id="oc-1cb">
         <name>.text:SysCtl_setClock</name>
         <load_address>0x9000</load_address>
         <run_address>0x9000</run_address>
         <size>0x123</size>
         <input_file_ref idref="fl-18"/>
      </object_component>
      <object_component id="oc-255">
         <name>.text</name>
         <load_address>0x9123</load_address>
         <run_address>0x9123</run_address>
         <size>0x113</size>
         <input_file_ref idref="fl-2c"/>
      </object_component>
      <object_component id="oc-2b4">
         <name>.text:SysCtl_isPLLValid</name>
         <load_address>0x9236</load_address>
         <run_address>0x9236</run_address>
         <size>0xfe</size>
         <input_file_ref idref="fl-18"/>
      </object_component>
      <object_component id="oc-52f">
         <name>.text</name>
         <load_address>0x9334</load_address>
         <run_address>0x9334</run_address>
         <size>0xe8</size>
         <input_file_ref idref="fl-2e"/>
      </object_component>
      <object_component id="oc-1ea">
         <name>.text:Device_enableAllPeripherals</name>
         <load_address>0x941c</load_address>
         <run_address>0x941c</run_address>
         <size>0xce</size>
         <input_file_ref idref="fl-7"/>
      </object_component>
      <object_component id="oc-192">
         <name>.text</name>
         <load_address>0x94ea</load_address>
         <run_address>0x94ea</run_address>
         <size>0xce</size>
         <input_file_ref idref="fl-19"/>
      </object_component>
      <object_component id="oc-408">
         <name>.text:SPLL_1PH_SOGI_coeff_calc</name>
         <load_address>0x95b8</load_address>
         <run_address>0x95b8</run_address>
         <size>0xb1</size>
         <input_file_ref idref="fl-6"/>
      </object_component>
      <object_component id="oc-529">
         <name>.text</name>
         <load_address>0x9669</load_address>
         <run_address>0x9669</run_address>
         <size>0xa9</size>
         <input_file_ref idref="fl-2f"/>
      </object_component>
      <object_component id="oc-3c1">
         <name>.text</name>
         <load_address>0x9712</load_address>
         <run_address>0x9712</run_address>
         <size>0x9c</size>
         <input_file_ref idref="fl-31"/>
      </object_component>
      <object_component id="oc-2d5">
         <name>.text:GPIO_setPadConfig</name>
         <load_address>0x97ae</load_address>
         <run_address>0x97ae</run_address>
         <size>0x52</size>
         <input_file_ref idref="fl-16"/>
      </object_component>
      <object_component id="oc-403">
         <name>.text</name>
         <load_address>0x9800</load_address>
         <run_address>0x9800</run_address>
         <size>0x88</size>
         <input_file_ref idref="fl-1e"/>
      </object_component>
      <object_component id="oc-3b9">
         <name>.text</name>
         <load_address>0x9888</load_address>
         <run_address>0x9888</run_address>
         <size>0x83</size>
         <input_file_ref idref="fl-33"/>
      </object_component>
      <object_component id="oc-302">
         <name>.text:myADC0_init</name>
         <load_address>0x990b</load_address>
         <run_address>0x990b</run_address>
         <size>0x77</size>
         <input_file_ref idref="fl-2"/>
      </object_component>
      <object_component id="oc-36f">
         <name>.text:EPWM_setADCTriggerSource</name>
         <load_address>0x9982</load_address>
         <run_address>0x9982</run_address>
         <size>0x75</size>
         <input_file_ref idref="fl-2"/>
      </object_component>
      <object_component id="oc-462">
         <name>.text:DCC_setCounterSeeds</name>
         <load_address>0x99f7</load_address>
         <run_address>0x99f7</run_address>
         <size>0x73</size>
         <input_file_ref idref="fl-18"/>
      </object_component>
      <object_component id="oc-219">
         <name>.text:PinMux_init</name>
         <load_address>0x9a6a</load_address>
         <run_address>0x9a6a</run_address>
         <size>0x6c</size>
         <input_file_ref idref="fl-2"/>
      </object_component>
      <object_component id="oc-1f6">
         <name>.text:GPIO_setAnalogMode</name>
         <load_address>0x9ad6</load_address>
         <run_address>0x9ad6</run_address>
         <size>0x6a</size>
         <input_file_ref idref="fl-16"/>
      </object_component>
      <object_component id="oc-2b">
         <name>.text:INT_myADC0_1_ISR</name>
         <load_address>0x9b40</load_address>
         <run_address>0x9b40</run_address>
         <size>0x67</size>
         <input_file_ref idref="fl-5"/>
      </object_component>
      <object_component id="oc-1d7">
         <name>.text:SysCtl_getClock</name>
         <load_address>0x9ba7</load_address>
         <run_address>0x9ba7</run_address>
         <size>0x65</size>
         <input_file_ref idref="fl-18"/>
      </object_component>
      <object_component id="oc-12c">
         <name>.text:main</name>
         <load_address>0x9c0c</load_address>
         <run_address>0x9c0c</run_address>
         <size>0x65</size>
         <input_file_ref idref="fl-5"/>
      </object_component>
      <object_component id="oc-2a8">
         <name>.text:SysCtl_selectOscSource</name>
         <load_address>0x9c71</load_address>
         <run_address>0x9c71</run_address>
         <size>0x49</size>
         <input_file_ref idref="fl-18"/>
      </object_component>
      <object_component id="oc-34b">
         <name>.text:EPWM_setActionQualifierAction</name>
         <load_address>0x9cba</load_address>
         <run_address>0x9cba</run_address>
         <size>0x40</size>
         <input_file_ref idref="fl-2"/>
      </object_component>
      <object_component id="oc-157">
         <name>.text:Device_init</name>
         <load_address>0x9cfa</load_address>
         <run_address>0x9cfa</run_address>
         <size>0x3e</size>
         <input_file_ref idref="fl-7"/>
      </object_component>
      <object_component id="oc-345">
         <name>.text:EPWM_setCounterCompareShadowLoadMode</name>
         <load_address>0x9d38</load_address>
         <run_address>0x9d38</run_address>
         <size>0x3e</size>
         <input_file_ref idref="fl-2"/>
      </object_component>
      <object_component id="oc-163">
         <name>.text:Interrupt_initModule</name>
         <load_address>0x9d76</load_address>
         <run_address>0x9d76</run_address>
         <size>0x3d</size>
         <input_file_ref idref="fl-17"/>
      </object_component>
      <object_component id="oc-375">
         <name>.text:EPWM_setADCTriggerEventPrescale</name>
         <load_address>0x9db3</load_address>
         <run_address>0x9db3</run_address>
         <size>0x3a</size>
         <input_file_ref idref="fl-2"/>
      </object_component>
      <object_component id="oc-351">
         <name>.text:EPWM_setFallingEdgeDeadBandDelayInput</name>
         <load_address>0x9ded</load_address>
         <run_address>0x9ded</run_address>
         <size>0x37</size>
         <input_file_ref idref="fl-2"/>
      </object_component>
      <object_component id="oc-505">
         <name>.text:GPIO_setControllerCore</name>
         <load_address>0x9e24</load_address>
         <run_address>0x9e24</run_address>
         <size>0x37</size>
         <input_file_ref idref="fl-16"/>
      </object_component>
      <object_component id="oc-2cf">
         <name>.text:GPIO_setPinConfig</name>
         <load_address>0x9e5b</load_address>
         <run_address>0x9e5b</run_address>
         <size>0x37</size>
         <input_file_ref idref="fl-16"/>
      </object_component>
      <object_component id="oc-2db">
         <name>.text:GPIO_setQualificationMode</name>
         <load_address>0x9e92</load_address>
         <run_address>0x9e92</run_address>
         <size>0x37</size>
         <input_file_ref idref="fl-16"/>
      </object_component>
      <object_component id="oc-81">
         <name>.text:Interrupt_enable</name>
         <load_address>0x9ec9</load_address>
         <run_address>0x9ec9</run_address>
         <size>0x37</size>
         <input_file_ref idref="fl-17"/>
      </object_component>
      <object_component id="oc-4af">
         <name>.text:ADC_setupSOC</name>
         <load_address>0x9f00</load_address>
         <run_address>0x9f00</run_address>
         <size>0x36</size>
         <input_file_ref idref="fl-2"/>
      </object_component>
      <object_component id="oc-4ff">
         <name>.text:GPIO_setDirectionMode</name>
         <load_address>0x9f36</load_address>
         <run_address>0x9f36</run_address>
         <size>0x31</size>
         <input_file_ref idref="fl-16"/>
      </object_component>
      <object_component id="oc-4bb">
         <name>.text:ADC_setInterruptSource</name>
         <load_address>0x9f67</load_address>
         <run_address>0x9f67</run_address>
         <size>0x2f</size>
         <input_file_ref idref="fl-2"/>
      </object_component>
      <object_component id="oc-4b5">
         <name>.text:ADC_setInterruptSOCTrigger</name>
         <load_address>0x9f96</load_address>
         <run_address>0x9f96</run_address>
         <size>0x2e</size>
         <input_file_ref idref="fl-2"/>
      </object_component>
      <object_component id="oc-19">
         <name>.text:decompress:lzss</name>
         <load_address>0x9fc4</load_address>
         <run_address>0x9fc4</run_address>
         <size>0x2e</size>
         <input_file_ref idref="fl-25"/>
      </object_component>
      <object_component id="oc-205">
         <name>.text:Interrupt_defaultHandler</name>
         <load_address>0x9ff2</load_address>
         <run_address>0x9ff2</run_address>
         <size>0xe</size>
         <input_file_ref idref="fl-17"/>
      </object_component>
      <object_component id="oc-4d4">
         <name>.text:EPWM_isBaseValid</name>
         <load_address>0xa000</load_address>
         <run_address>0xa000</run_address>
         <size>0x2b</size>
         <input_file_ref idref="fl-2"/>
      </object_component>
      <object_component id="oc-54f">
         <name>.text:EPWM_isBaseValid</name>
         <load_address>0xa02b</load_address>
         <run_address>0xa02b</run_address>
         <size>0x2b</size>
         <input_file_ref idref="fl-4"/>
      </object_component>
      <object_component id="oc-247">
         <name>.text:EPWM_isBaseValid</name>
         <load_address>0xa056</load_address>
         <run_address>0xa056</run_address>
         <size>0x2b</size>
         <input_file_ref idref="fl-5"/>
      </object_component>
      <object_component id="oc-424">
         <name>.text:SysCtl_selectXTAL</name>
         <load_address>0xa081</load_address>
         <run_address>0xa081</run_address>
         <size>0x2b</size>
         <input_file_ref idref="fl-18"/>
      </object_component>
      <object_component id="oc-fc">
         <name>.text:__TI_auto_init_nobinit_nopinit</name>
         <load_address>0xa0ac</load_address>
         <run_address>0xa0ac</run_address>
         <size>0x2b</size>
         <input_file_ref idref="fl-22"/>
      </object_component>
      <object_component id="oc-418">
         <name>.text:HRPWM_setCounterCompareValue</name>
         <load_address>0xa0d7</load_address>
         <run_address>0xa0d7</run_address>
         <size>0x2a</size>
         <input_file_ref idref="fl-4"/>
      </object_component>
      <object_component id="oc-3db">
         <name>.text</name>
         <load_address>0xa101</load_address>
         <run_address>0xa101</run_address>
         <size>0x2a</size>
         <input_file_ref idref="fl-32"/>
      </object_component>
      <object_component id="oc-283">
         <name>.text:SPLL_1PH_SOGI_config</name>
         <load_address>0xa12b</load_address>
         <run_address>0xa12b</run_address>
         <size>0x29</size>
         <input_file_ref idref="fl-6"/>
      </object_component>
      <object_component id="oc-e7">
         <name>.text</name>
         <load_address>0xa154</load_address>
         <run_address>0xa154</run_address>
         <size>0x29</size>
         <input_file_ref idref="fl-28"/>
      </object_component>
      <object_component id="oc-48b">
         <name>.text:ADC_setOffsetTrimAll</name>
         <load_address>0xa17d</load_address>
         <run_address>0xa17d</run_address>
         <size>0x28</size>
         <input_file_ref idref="fl-14"/>
      </object_component>
      <object_component id="oc-30f">
         <name>.text:EPWM_setGlobalLoadEventPrescale</name>
         <load_address>0xa1a5</load_address>
         <run_address>0xa1a5</run_address>
         <size>0x28</size>
         <input_file_ref idref="fl-2"/>
      </object_component>
      <object_component id="oc-387">
         <name>.text:HRPWM_setHiResCounterCompareValueOnly</name>
         <load_address>0xa1cd</load_address>
         <run_address>0xa1cd</run_address>
         <size>0x28</size>
         <input_file_ref idref="fl-2"/>
      </object_component>
      <object_component id="oc-4f9">
         <name>.text:GPIO_writePin</name>
         <load_address>0xa1f5</load_address>
         <run_address>0xa1f5</run_address>
         <size>0x27</size>
         <input_file_ref idref="fl-2"/>
      </object_component>
      <object_component id="oc-28b">
         <name>.text:HAL_pwm_set_duty</name>
         <load_address>0xa21c</load_address>
         <run_address>0xa21c</run_address>
         <size>0x25</size>
         <input_file_ref idref="fl-4"/>
      </object_component>
      <object_component id="oc-468">
         <name>.text:DCC_enableSingleShotMode</name>
         <load_address>0xa241</load_address>
         <run_address>0xa241</run_address>
         <size>0x24</size>
         <input_file_ref idref="fl-18"/>
      </object_component>
      <object_component id="oc-5a6">
         <name>.text</name>
         <load_address>0xa265</load_address>
         <run_address>0xa265</run_address>
         <size>0x24</size>
         <input_file_ref idref="fl-30"/>
      </object_component>
      <object_component id="oc-55e">
         <name>.text:SysCtl_pollX1Counter</name>
         <load_address>0xa289</load_address>
         <run_address>0xa289</run_address>
         <size>0x23</size>
         <input_file_ref idref="fl-18"/>
      </object_component>
      <object_component id="oc-33f">
         <name>.text:EPWM_setCounterCompareValue</name>
         <load_address>0xa2ac</load_address>
         <run_address>0xa2ac</run_address>
         <size>0x22</size>
         <input_file_ref idref="fl-2"/>
      </object_component>
      <object_component id="oc-399">
         <name>.text:EPWM_setupEPWMLinks</name>
         <load_address>0xa2ce</load_address>
         <run_address>0xa2ce</run_address>
         <size>0x22</size>
         <input_file_ref idref="fl-2"/>
      </object_component>
      <object_component id="oc-381">
         <name>.text:HRPWM_setMEPEdgeSelect</name>
         <load_address>0xa2f0</load_address>
         <run_address>0xa2f0</run_address>
         <size>0x22</size>
         <input_file_ref idref="fl-2"/>
      </object_component>
      <object_component id="oc-51e">
         <name>.text</name>
         <load_address>0xa312</load_address>
         <run_address>0xa312</run_address>
         <size>0x22</size>
         <input_file_ref idref="fl-36"/>
      </object_component>
      <object_component id="oc-4cd">
         <name>.text:ADC_disableContinuousMode</name>
         <load_address>0xa334</load_address>
         <run_address>0xa334</run_address>
         <size>0x21</size>
         <input_file_ref idref="fl-2"/>
      </object_component>
      <object_component id="oc-24f">
         <name>.text</name>
         <load_address>0xa355</load_address>
         <run_address>0xa355</run_address>
         <size>0x21</size>
         <input_file_ref idref="fl-1d"/>
      </object_component>
      <object_component id="oc-4c1">
         <name>.text:ADC_enableInterrupt</name>
         <load_address>0xa376</load_address>
         <run_address>0xa376</run_address>
         <size>0x20</size>
         <input_file_ref idref="fl-2"/>
      </object_component>
      <object_component id="oc-54">
         <name>.text:GPIO_togglePin</name>
         <load_address>0xa396</load_address>
         <run_address>0xa396</run_address>
         <size>0x1f</size>
         <input_file_ref idref="fl-5"/>
      </object_component>
      <object_component id="oc-393">
         <name>.text:HRPWM_setChannelBOutputPath</name>
         <load_address>0xa3b5</load_address>
         <run_address>0xa3b5</run_address>
         <size>0x1f</size>
         <input_file_ref idref="fl-2"/>
      </object_component>
      <object_component id="oc-333">
         <name>.text:HRPWM_setPhaseShift</name>
         <load_address>0xa3d4</load_address>
         <run_address>0xa3d4</run_address>
         <size>0x1f</size>
         <input_file_ref idref="fl-2"/>
      </object_component>
      <object_component id="oc-3ce">
         <name>.text</name>
         <load_address>0xa3f3</load_address>
         <run_address>0xa3f3</run_address>
         <size>0x1f</size>
         <input_file_ref idref="fl-34"/>
      </object_component>
      <object_component id="oc-456">
         <name>.text:DCC_setCounter0ClkSource</name>
         <load_address>0xa412</load_address>
         <run_address>0xa412</run_address>
         <size>0x1e</size>
         <input_file_ref idref="fl-18"/>
      </object_component>
      <object_component id="oc-45c">
         <name>.text:DCC_setCounter1ClkSource</name>
         <load_address>0xa430</load_address>
         <run_address>0xa430</run_address>
         <size>0x1e</size>
         <input_file_ref idref="fl-18"/>
      </object_component>
      <object_component id="oc-169">
         <name>.text:Interrupt_initVectorTable</name>
         <load_address>0xa44e</load_address>
         <run_address>0xa44e</run_address>
         <size>0x1e</size>
         <input_file_ref idref="fl-17"/>
      </object_component>
      <object_component id="oc-66">
         <name>.text:ADC_getInterruptOverflowStatus</name>
         <load_address>0xa46c</load_address>
         <run_address>0xa46c</run_address>
         <size>0x1d</size>
         <input_file_ref idref="fl-5"/>
      </object_component>
      <object_component id="oc-339">
         <name>.text:EPWM_enableSyncOutPulseSource</name>
         <load_address>0xa489</load_address>
         <run_address>0xa489</run_address>
         <size>0x1d</size>
         <input_file_ref idref="fl-2"/>
      </object_component>
      <object_component id="oc-363">
         <name>.text:EPWM_setDeadBandCounterClock</name>
         <load_address>0xa4a6</load_address>
         <run_address>0xa4a6</run_address>
         <size>0x1d</size>
         <input_file_ref idref="fl-2"/>
      </object_component>
      <object_component id="oc-35d">
         <name>.text:EPWM_setFallingEdgeDelayCount</name>
         <load_address>0xa4c3</load_address>
         <run_address>0xa4c3</run_address>
         <size>0x1d</size>
         <input_file_ref idref="fl-2"/>
      </object_component>
      <object_component id="oc-357">
         <name>.text:EPWM_setRisingEdgeDelayCount</name>
         <load_address>0xa4e0</load_address>
         <run_address>0xa4e0</run_address>
         <size>0x1d</size>
         <input_file_ref idref="fl-2"/>
      </object_component>
      <object_component id="oc-3a">
         <name>.text</name>
         <load_address>0xa4fd</load_address>
         <run_address>0xa4fd</run_address>
         <size>0x1d</size>
         <input_file_ref idref="fl-39"/>
      </object_component>
      <object_component id="oc-4a9">
         <name>.text:ADC_setSOCPriority</name>
         <load_address>0xa51a</load_address>
         <run_address>0xa51a</run_address>
         <size>0x1c</size>
         <input_file_ref idref="fl-2"/>
      </object_component>
      <object_component id="oc-369">
         <name>.text:EPWM_enableADCTrigger</name>
         <load_address>0xa536</load_address>
         <run_address>0xa536</run_address>
         <size>0x1c</size>
         <input_file_ref idref="fl-2"/>
      </object_component>
      <object_component id="oc-187">
         <name>.text:EPWM_enableADCTrigger</name>
         <load_address>0xa552</load_address>
         <run_address>0xa552</run_address>
         <size>0x1c</size>
         <input_file_ref idref="fl-5"/>
      </object_component>
      <object_component id="oc-315">
         <name>.text:EPWM_setClockPrescaler</name>
         <load_address>0xa56e</load_address>
         <run_address>0xa56e</run_address>
         <size>0x1c</size>
         <input_file_ref idref="fl-2"/>
      </object_component>
      <object_component id="oc-38d">
         <name>.text:HRPWM_setDeadbandMEPEdgeSelect</name>
         <load_address>0xa58a</load_address>
         <run_address>0xa58a</run_address>
         <size>0x1c</size>
         <input_file_ref idref="fl-2"/>
      </object_component>
      <object_component id="oc-18d">
         <name>.text</name>
         <load_address>0xa5a6</load_address>
         <run_address>0xa5a6</run_address>
         <size>0x1c</size>
         <input_file_ref idref="fl-20"/>
      </object_component>
      <object_component id="oc-3d3">
         <name>.text</name>
         <load_address>0xa5c2</load_address>
         <run_address>0xa5c2</run_address>
         <size>0x1c</size>
         <input_file_ref idref="fl-37"/>
      </object_component>
      <object_component id="oc-4e0">
         <name>.text:HRPWM_isBaseValid</name>
         <load_address>0xa5de</load_address>
         <run_address>0xa5de</run_address>
         <size>0x1b</size>
         <input_file_ref idref="fl-2"/>
      </object_component>
      <object_component id="oc-557">
         <name>.text:HRPWM_isBaseValid</name>
         <load_address>0xa5f9</load_address>
         <run_address>0xa5f9</run_address>
         <size>0x1b</size>
         <input_file_ref idref="fl-4"/>
      </object_component>
      <object_component id="oc-5a">
         <name>.text:ADC_readResult</name>
         <load_address>0xa614</load_address>
         <run_address>0xa614</run_address>
         <size>0x1a</size>
         <input_file_ref idref="fl-5"/>
      </object_component>
      <object_component id="oc-1de">
         <name>.text:SysCtl_getLowSpeedClock</name>
         <load_address>0xa62e</load_address>
         <run_address>0xa62e</run_address>
         <size>0x1a</size>
         <input_file_ref idref="fl-18"/>
      </object_component>
      <object_component id="oc-42a">
         <name>.text:SysCtl_selectXTALSingleEnded</name>
         <load_address>0xa648</load_address>
         <run_address>0xa648</run_address>
         <size>0x1a</size>
         <input_file_ref idref="fl-18"/>
      </object_component>
      <object_component id="oc-2fb">
         <name>.text:ASysCtl_setAnalogReference2P5</name>
         <load_address>0xa662</load_address>
         <run_address>0xa662</run_address>
         <size>0x19</size>
         <input_file_ref idref="fl-2"/>
      </object_component>
      <object_component id="oc-3a6">
         <name>.text:LED_onboard_G_init</name>
         <load_address>0xa67b</load_address>
         <run_address>0xa67b</run_address>
         <size>0x19</size>
         <input_file_ref idref="fl-2"/>
      </object_component>
      <object_component id="oc-3a0">
         <name>.text:LED_onboard_R_init</name>
         <load_address>0xa694</load_address>
         <run_address>0xa694</run_address>
         <size>0x19</size>
         <input_file_ref idref="fl-2"/>
      </object_component>
      <object_component id="oc-2f5">
         <name>.text:ASysCtl_setAnalogReferenceInternal</name>
         <load_address>0xa6ad</load_address>
         <run_address>0xa6ad</run_address>
         <size>0x18</size>
         <input_file_ref idref="fl-2"/>
      </object_component>
      <object_component id="oc-16f">
         <name>.text:SysCtl_disablePeripheral</name>
         <load_address>0xa6c5</load_address>
         <run_address>0xa6c5</run_address>
         <size>0x18</size>
         <input_file_ref idref="fl-5"/>
      </object_component>
      <object_component id="oc-3c9">
         <name>.text</name>
         <load_address>0xa6dd</load_address>
         <run_address>0xa6dd</run_address>
         <size>0x18</size>
         <input_file_ref idref="fl-35"/>
      </object_component>
      <object_component id="oc-580">
         <name>.text:ADC_isBaseValid</name>
         <load_address>0xa6f5</load_address>
         <run_address>0xa6f5</run_address>
         <size>0x17</size>
         <input_file_ref idref="fl-2"/>
      </object_component>
      <object_component id="oc-b1">
         <name>.text:ADC_isBaseValid</name>
         <load_address>0xa70c</load_address>
         <run_address>0xa70c</run_address>
         <size>0x17</size>
         <input_file_ref idref="fl-5"/>
      </object_component>
      <object_component id="oc-2c0">
         <name>.text:SysCtl_enablePeripheral</name>
         <load_address>0xa723</load_address>
         <run_address>0xa723</run_address>
         <size>0x17</size>
         <input_file_ref idref="fl-7"/>
      </object_component>
      <object_component id="oc-432">
         <name>.text:SysCtl_enablePeripheral</name>
         <load_address>0xa73a</load_address>
         <run_address>0xa73a</run_address>
         <size>0x17</size>
         <input_file_ref idref="fl-18"/>
      </object_component>
      <object_component id="oc-17b">
         <name>.text:SysCtl_enablePeripheral</name>
         <load_address>0xa751</load_address>
         <run_address>0xa751</run_address>
         <size>0x17</size>
         <input_file_ref idref="fl-5"/>
      </object_component>
      <object_component id="oc-9c">
         <name>.text</name>
         <load_address>0xa768</load_address>
         <run_address>0xa768</run_address>
         <size>0x17</size>
         <input_file_ref idref="fl-1a"/>
      </object_component>
      <object_component id="oc-19e">
         <name>.text:spll_Start_wrapper</name>
         <load_address>0xa77f</load_address>
         <run_address>0xa77f</run_address>
         <size>0x17</size>
         <input_file_ref idref="fl-6"/>
      </object_component>
      <object_component id="oc-497">
         <name>.text:ADC_setInterruptPulseMode</name>
         <load_address>0xa796</load_address>
         <run_address>0xa796</run_address>
         <size>0x16</size>
         <input_file_ref idref="fl-2"/>
      </object_component>
      <object_component id="oc-491">
         <name>.text:ADC_setPrescaler</name>
         <load_address>0xa7ac</load_address>
         <run_address>0xa7ac</run_address>
         <size>0x16</size>
         <input_file_ref idref="fl-2"/>
      </object_component>
      <object_component id="oc-450">
         <name>.text:DCC_disableDoneSignal</name>
         <load_address>0xa7c2</load_address>
         <run_address>0xa7c2</run_address>
         <size>0x16</size>
         <input_file_ref idref="fl-18"/>
      </object_component>
      <object_component id="oc-4a3">
         <name>.text:ADC_disableBurstMode</name>
         <load_address>0xa7d8</load_address>
         <run_address>0xa7d8</run_address>
         <size>0x15</size>
         <input_file_ref idref="fl-2"/>
      </object_component>
      <object_component id="oc-49d">
         <name>.text:ADC_enableConverter</name>
         <load_address>0xa7ed</load_address>
         <run_address>0xa7ed</run_address>
         <size>0x13</size>
         <input_file_ref idref="fl-2"/>
      </object_component>
      <object_component id="oc-43e">
         <name>.text:DCC_clearDoneFlag</name>
         <load_address>0xa81c</load_address>
         <run_address>0xa81c</run_address>
         <size>0x15</size>
         <input_file_ref idref="fl-18"/>
      </object_component>
      <object_component id="oc-438">
         <name>.text:DCC_clearErrorFlag</name>
         <load_address>0xa831</load_address>
         <run_address>0xa831</run_address>
         <size>0x15</size>
         <input_file_ref idref="fl-18"/>
      </object_component>
      <object_component id="oc-44a">
         <name>.text:DCC_disableErrorSignal</name>
         <load_address>0xa846</load_address>
         <run_address>0xa846</run_address>
         <size>0x15</size>
         <input_file_ref idref="fl-18"/>
      </object_component>
      <object_component id="oc-56d">
         <name>.text:DCC_isBaseValid</name>
         <load_address>0xa85b</load_address>
         <run_address>0xa85b</run_address>
         <size>0x15</size>
         <input_file_ref idref="fl-18"/>
      </object_component>
      <object_component id="oc-309">
         <name>.text:EPWM_enableGlobalLoad</name>
         <load_address>0xa870</load_address>
         <run_address>0xa870</run_address>
         <size>0x15</size>
         <input_file_ref idref="fl-2"/>
      </object_component>
      <object_component id="oc-1fd">
         <name>.text:GPIO_unlockPortConfig</name>
         <load_address>0xa885</load_address>
         <run_address>0xa885</run_address>
         <size>0x15</size>
         <input_file_ref idref="fl-7"/>
      </object_component>
      <object_component id="oc-32d">
         <name>.text:HRPWM_disablePhaseShiftLoad</name>
         <load_address>0xa89a</load_address>
         <run_address>0xa89a</run_address>
         <size>0x15</size>
         <input_file_ref idref="fl-2"/>
      </object_component>
      <object_component id="oc-37b">
         <name>.text:HRPWM_enableAutoConversion</name>
         <load_address>0xa8af</load_address>
         <run_address>0xa8af</run_address>
         <size>0x15</size>
         <input_file_ref idref="fl-2"/>
      </object_component>
      <object_component id="oc-6c">
         <name>.text:ADC_clearInterruptOverflowStatus</name>
         <load_address>0xa8c4</load_address>
         <run_address>0xa8c4</run_address>
         <size>0x14</size>
         <input_file_ref idref="fl-5"/>
      </object_component>
      <object_component id="oc-4c7">
         <name>.text:ADC_clearInterruptStatus</name>
         <load_address>0xa8d8</load_address>
         <run_address>0xa8d8</run_address>
         <size>0x14</size>
         <input_file_ref idref="fl-2"/>
      </object_component>
      <object_component id="oc-60">
         <name>.text:ADC_clearInterruptStatus</name>
         <load_address>0xa8ec</load_address>
         <run_address>0xa8ec</run_address>
         <size>0x14</size>
         <input_file_ref idref="fl-5"/>
      </object_component>
      <object_component id="oc-444">
         <name>.text:DCC_disableModule</name>
         <load_address>0xa900</load_address>
         <run_address>0xa900</run_address>
         <size>0x14</size>
         <input_file_ref idref="fl-18"/>
      </object_component>
      <object_component id="oc-46e">
         <name>.text:DCC_enableModule</name>
         <load_address>0xa914</load_address>
         <run_address>0xa914</run_address>
         <size>0x14</size>
         <input_file_ref idref="fl-18"/>
      </object_component>
      <object_component id="oc-327">
         <name>.text:EPWM_setTimeBaseCounterMode</name>
         <load_address>0xa928</load_address>
         <run_address>0xa928</run_address>
         <size>0x14</size>
         <input_file_ref idref="fl-2"/>
      </object_component>
      <object_component id="oc-31b">
         <name>.text:EPWM_setTimeBasePeriod</name>
         <load_address>0xa93c</load_address>
         <run_address>0xa93c</run_address>
         <size>0x14</size>
         <input_file_ref idref="fl-2"/>
      </object_component>
      <object_component id="oc-593">
         <name>.text:GPIO_isPinValid</name>
         <load_address>0xa950</load_address>
         <run_address>0xa950</run_address>
         <size>0x14</size>
         <input_file_ref idref="fl-2"/>
      </object_component>
      <object_component id="oc-47d">
         <name>.text:GPIO_isPinValid</name>
         <load_address>0xa964</load_address>
         <run_address>0xa964</run_address>
         <size>0x14</size>
         <input_file_ref idref="fl-16"/>
      </object_component>
      <object_component id="oc-a2">
         <name>.text:GPIO_isPinValid</name>
         <load_address>0xa978</load_address>
         <run_address>0xa978</run_address>
         <size>0x14</size>
         <input_file_ref idref="fl-5"/>
      </object_component>
      <object_component id="oc-2ae">
         <name>.text:SysCtl_setPLLSysClk</name>
         <load_address>0xa98c</load_address>
         <run_address>0xa98c</run_address>
         <size>0x14</size>
         <input_file_ref idref="fl-18"/>
      </object_component>
      <object_component id="oc-412">
         <name>.text:EPWM_getTimeBasePeriod</name>
         <load_address>0xa9a0</load_address>
         <run_address>0xa9a0</run_address>
         <size>0x12</size>
         <input_file_ref idref="fl-4"/>
      </object_component>
      <object_component id="oc-321">
         <name>.text:EPWM_setTimeBaseCounter</name>
         <load_address>0xa9b2</load_address>
         <run_address>0xa9b2</run_address>
         <size>0x12</size>
         <input_file_ref idref="fl-2"/>
      </object_component>
      <object_component id="oc-3ad">
         <name>.text:SFO_init</name>
         <load_address>0xa9c4</load_address>
         <run_address>0xa9c4</run_address>
         <size>0x12</size>
         <input_file_ref idref="fl-3"/>
      </object_component>
      <object_component id="oc-2e2">
         <name>.text:SysCtl_setSyncOutputConfig</name>
         <load_address>0xa9d6</load_address>
         <run_address>0xa9d6</run_address>
         <size>0x12</size>
         <input_file_ref idref="fl-2"/>
      </object_component>
      <object_component id="oc-175">
         <name>.text:Board_init</name>
         <load_address>0xa9e8</load_address>
         <run_address>0xa9e8</run_address>
         <size>0x11</size>
         <input_file_ref idref="fl-2"/>
      </object_component>
      <object_component id="oc-15d">
         <name>.text:Device_initGPIO</name>
         <load_address>0xa9f9</load_address>
         <run_address>0xa9f9</run_address>
         <size>0x10</size>
         <input_file_ref idref="fl-7"/>
      </object_component>
      <object_component id="oc-7b">
         <name>.text:Interrupt_register</name>
         <load_address>0xaa09</load_address>
         <run_address>0xaa09</run_address>
         <size>0xf</size>
         <input_file_ref idref="fl-2"/>
      </object_component>
      <object_component id="oc-1a5">
         <name>.text:PFC_hal_epwm_set_duty</name>
         <load_address>0xaa18</load_address>
         <run_address>0xaa18</run_address>
         <size>0xf</size>
         <input_file_ref idref="fl-4"/>
      </object_component>
      <object_component id="oc-25b">
         <name>.text</name>
         <load_address>0xaa27</load_address>
         <run_address>0xaa27</run_address>
         <size>0xe</size>
         <input_file_ref idref="fl-1c"/>
      </object_component>
      <object_component id="oc-2c">
         <name>.text:INTERRUPT_init</name>
         <load_address>0xaa35</load_address>
         <run_address>0xaa35</run_address>
         <size>0xd</size>
         <input_file_ref idref="fl-2"/>
      </object_component>
      <object_component id="oc-be">
         <name>.text:Interrupt_disableGlobal</name>
         <load_address>0xaa42</load_address>
         <run_address>0xaa42</run_address>
         <size>0xd</size>
         <input_file_ref idref="fl-17"/>
      </object_component>
      <object_component id="oc-c4">
         <name>.text:Interrupt_enableGlobal</name>
         <load_address>0xaa4f</load_address>
         <run_address>0xaa4f</run_address>
         <size>0xd</size>
         <input_file_ref idref="fl-17"/>
      </object_component>
      <object_component id="oc-1d1">
         <name>.text:SysCtl_setLowSpeedClock</name>
         <load_address>0xaa5c</load_address>
         <run_address>0xaa5c</run_address>
         <size>0xd</size>
         <input_file_ref idref="fl-7"/>
      </object_component>
      <object_component id="oc-2e8">
         <name>.text:SysCtl_enableExtADCSOCSource</name>
         <load_address>0xaa69</load_address>
         <run_address>0xaa69</run_address>
         <size>0xc</size>
         <input_file_ref idref="fl-2"/>
      </object_component>
      <object_component id="oc-e1">
         <name>.text</name>
         <load_address>0xaa75</load_address>
         <run_address>0xaa75</run_address>
         <size>0xc</size>
         <input_file_ref idref="fl-2a"/>
      </object_component>
      <object_component id="oc-198">
         <name>.text:SFO_runtime</name>
         <load_address>0xaa81</load_address>
         <run_address>0xaa81</run_address>
         <size>0xa</size>
         <input_file_ref idref="fl-3"/>
      </object_component>
      <object_component id="oc-21f">
         <name>.text:SYNC_init</name>
         <load_address>0xaa8b</load_address>
         <run_address>0xaa8b</run_address>
         <size>0xa</size>
         <input_file_ref idref="fl-2"/>
      </object_component>
      <object_component id="oc-225">
         <name>.text:ASYSCTL_init</name>
         <load_address>0xaa95</load_address>
         <run_address>0xaa95</run_address>
         <size>0x9</size>
         <input_file_ref idref="fl-2"/>
      </object_component>
      <object_component id="oc-1b2">
         <name>.text</name>
         <load_address>0xaa9e</load_address>
         <run_address>0xaa9e</run_address>
         <size>0x9</size>
         <input_file_ref idref="fl-29"/>
      </object_component>
      <object_component id="oc-26c">
         <name>.text</name>
         <load_address>0xaaa7</load_address>
         <run_address>0xaaa7</run_address>
         <size>0x9</size>
         <input_file_ref idref="fl-1b"/>
      </object_component>
      <object_component id="oc-1c5">
         <name>.text:SysCtl_disableWatchdog</name>
         <load_address>0xaab0</load_address>
         <run_address>0xaab0</run_address>
         <size>0x8</size>
         <input_file_ref idref="fl-7"/>
      </object_component>
      <object_component id="oc-1f">
         <name>.text:decompress:none</name>
         <load_address>0xaab8</load_address>
         <run_address>0xaab8</run_address>
         <size>0x8</size>
         <input_file_ref idref="fl-24"/>
      </object_component>
      <object_component id="oc-4e">
         <name>.text</name>
         <load_address>0xaac0</load_address>
         <run_address>0xaac0</run_address>
         <size>0x8</size>
         <input_file_ref idref="fl-8"/>
      </object_component>
      <object_component id="oc-2ef">
         <name>.text:ASysCtl_disableTemperatureSensor</name>
         <load_address>0xaac8</load_address>
         <run_address>0xaac8</run_address>
         <size>0x7</size>
         <input_file_ref idref="fl-2"/>
      </object_component>
      <object_component id="oc-1f0">
         <name>.text:ASysCtl_lockVREG</name>
         <load_address>0xaacf</load_address>
         <run_address>0xaacf</run_address>
         <size>0x7</size>
         <input_file_ref idref="fl-7"/>
      </object_component>
      <object_component id="oc-564">
         <name>.text:SysCtl_resetMCD</name>
         <load_address>0xaad6</load_address>
         <run_address>0xaad6</run_address>
         <size>0x7</size>
         <input_file_ref idref="fl-18"/>
      </object_component>
      <object_component id="oc-a9">
         <name>.text:__error__</name>
         <load_address>0xaadd</load_address>
         <run_address>0xaadd</run_address>
         <size>0x7</size>
         <input_file_ref idref="fl-7"/>
      </object_component>
      <object_component id="oc-95">
         <name>.text</name>
         <load_address>0xaae4</load_address>
         <run_address>0xaae4</run_address>
         <size>0x7</size>
         <input_file_ref idref="fl-2b"/>
      </object_component>
      <object_component id="oc-72">
         <name>.text:Interrupt_clearACKGroup</name>
         <load_address>0xaaeb</load_address>
         <run_address>0xaaeb</run_address>
         <size>0x6</size>
         <input_file_ref idref="fl-5"/>
      </object_component>
      <object_component id="oc-48">
         <name>.text:decompress:ZI</name>
         <load_address>0xaaf1</load_address>
         <run_address>0xaaf1</run_address>
         <size>0x6</size>
         <input_file_ref idref="fl-23"/>
      </object_component>
      <object_component id="oc-237">
         <name>.text:GPIO_init</name>
         <load_address>0xaaf7</load_address>
         <run_address>0xaaf7</run_address>
         <size>0x5</size>
         <input_file_ref idref="fl-2"/>
      </object_component>
      <object_component id="oc-1e4">
         <name>.text:SysCtl_deviceCal</name>
         <load_address>0xaafc</load_address>
         <run_address>0xaafc</run_address>
         <size>0x4</size>
         <input_file_ref idref="fl-7"/>
      </object_component>
      <object_component id="oc-181">
         <name>.text:C2000Ware_libraries_init</name>
         <load_address>0xab00</load_address>
         <run_address>0xab00</run_address>
         <size>0x3</size>
         <input_file_ref idref="fl-3"/>
      </object_component>
      <object_component id="oc-23f">
         <name>.text:HRPWM_SFO_init</name>
         <load_address>0xab03</load_address>
         <run_address>0xab03</run_address>
         <size>0x3</size>
         <input_file_ref idref="fl-3"/>
      </object_component>
      <object_component id="oc-211">
         <name>.text:Interrupt_illegalOperationHandler</name>
         <load_address>0xab06</load_address>
         <run_address>0xab06</run_address>
         <size>0x2</size>
         <input_file_ref idref="fl-17"/>
      </object_component>
      <object_component id="oc-20b">
         <name>.text:Interrupt_nmiHandler</name>
         <load_address>0xab08</load_address>
         <run_address>0xab08</run_address>
         <size>0x2</size>
         <input_file_ref idref="fl-17"/>
      </object_component>
      <object_component id="oc-da">
         <name>.text</name>
         <load_address>0xab0a</load_address>
         <run_address>0xab0a</run_address>
         <size>0x2</size>
         <input_file_ref idref="fl-21"/>
      </object_component>
      <object_component id="oc-142">
         <name>.text</name>
         <load_address>0xab0c</load_address>
         <run_address>0xab0c</run_address>
         <size>0x1</size>
         <input_file_ref idref="fl-3a"/>
      </object_component>
      <object_component id="oc-609">
         <name>.cinit..data.load</name>
         <load_address>0x12c</load_address>
         <run_address>0x12c</run_address>
         <size>0x1a</size>
      </object_component>
      <object_component id="oc-606">
         <name>__TI_handler_table</name>
         <load_address>0x146</load_address>
         <run_address>0x146</run_address>
         <size>0x6</size>
      </object_component>
      <object_component id="oc-608">
         <name>.cinit..bss.load</name>
         <load_address>0x14c</load_address>
         <run_address>0x14c</run_address>
         <size>0x4</size>
      </object_component>
      <object_component id="oc-607">
         <name>__TI_cinit_table</name>
         <load_address>0x150</load_address>
         <run_address>0x150</run_address>
         <size>0x8</size>
      </object_component>
      <object_component id="oc-37">
         <name>.stack</name>
         <uninitialized>true</uninitialized>
         <run_address>0x400</run_address>
         <size>0x0</size>
         <input_file_ref idref="fl-1a"/>
      </object_component>
      <object_component id="oc-60a">
         <name>.stack</name>
         <uninitialized>true</uninitialized>
         <run_address>0x400</run_address>
         <size>0x0</size>
      </object_component>
      <object_component id="oc-3f8">
         <name>.bss</name>
         <uninitialized>true</uninitialized>
         <run_address>0xaf1c</run_address>
         <size>0x1</size>
         <input_file_ref idref="fl-3"/>
      </object_component>
      <object_component id="oc-78">
         <name>.bss:myADC0Results</name>
         <uninitialized>true</uninitialized>
         <run_address>0xab0e</run_address>
         <size>0x400</size>
         <input_file_ref idref="fl-5"/>
      </object_component>
      <object_component id="oc-27a">
         <name>.bss</name>
         <uninitialized>true</uninitialized>
         <run_address>0xaf40</run_address>
         <size>0x42</size>
         <input_file_ref idref="fl-6"/>
      </object_component>
      <object_component id="oc-3f1">
         <name>.bss</name>
         <uninitialized>true</uninitialized>
         <run_address>0xaf17</run_address>
         <size>0x5</size>
         <input_file_ref idref="fl-3f"/>
      </object_component>
      <object_component id="oc-3f5">
         <name>.bss:MEP_SF</name>
         <uninitialized>true</uninitialized>
         <run_address>0xaf0e</run_address>
         <size>0x9</size>
         <input_file_ref idref="fl-3f"/>
      </object_component>
      <object_component id="oc-488">
         <name>.const:.string</name>
         <load_address>0xb000</load_address>
         <run_address>0xb000</run_address>
         <size>0x18b</size>
         <input_file_ref idref="fl-2"/>
      </object_component>
      <object_component id="oc-a8">
         <name>.const:.string</name>
         <load_address>0xb18c</load_address>
         <run_address>0xb18c</run_address>
         <size>0x139</size>
         <input_file_ref idref="fl-5"/>
      </object_component>
      <object_component id="oc-555">
         <name>.const:.string</name>
         <load_address>0xb2c6</load_address>
         <run_address>0xb2c6</run_address>
         <size>0x9d</size>
         <input_file_ref idref="fl-4"/>
      </object_component>
      <object_component id="oc-2a1">
         <name>.const:.string</name>
         <load_address>0xb364</load_address>
         <run_address>0xb364</run_address>
         <size>0x9a</size>
         <input_file_ref idref="fl-18"/>
      </object_component>
      <object_component id="oc-2c8">
         <name>.const:.string</name>
         <load_address>0xb3fe</load_address>
         <run_address>0xb3fe</run_address>
         <size>0x98</size>
         <input_file_ref idref="fl-16"/>
      </object_component>
      <object_component id="oc-523">
         <name>.const:ipio2</name>
         <load_address>0xb496</load_address>
         <run_address>0xb496</run_address>
         <size>0x84</size>
         <input_file_ref idref="fl-27"/>
      </object_component>
      <object_component id="oc-535">
         <name>.const:PIo2</name>
         <load_address>0xb51a</load_address>
         <run_address>0xb51a</run_address>
         <size>0x20</size>
         <input_file_ref idref="fl-27"/>
      </object_component>
      <object_component id="oc-51b">
         <name>.const:init_jk</name>
         <load_address>0xb53a</load_address>
         <run_address>0xb53a</run_address>
         <size>0x4</size>
         <input_file_ref idref="fl-27"/>
      </object_component>
      <object_component id="oc-3d8">
         <name>.const</name>
         <load_address>0xb540</load_address>
         <run_address>0xb540</run_address>
         <size>0x64</size>
         <input_file_ref idref="fl-26"/>
      </object_component>
      <object_component id="oc-1dd">
         <name>.const:.string</name>
         <load_address>0xb5a4</load_address>
         <run_address>0xb5a4</run_address>
         <size>0x63</size>
         <input_file_ref idref="fl-7"/>
      </object_component>
      <object_component id="oc-3e8">
         <name>.const</name>
         <load_address>0xb608</load_address>
         <run_address>0xb608</run_address>
         <size>0x38</size>
         <input_file_ref idref="fl-2d"/>
      </object_component>
      <object_component id="oc-3be">
         <name>.const</name>
         <load_address>0xb640</load_address>
         <run_address>0xb640</run_address>
         <size>0x3c</size>
         <input_file_ref idref="fl-2c"/>
      </object_component>
      <object_component id="oc-254">
         <name>.const</name>
         <load_address>0xb67c</load_address>
         <run_address>0xb67c</run_address>
         <size>0x4</size>
         <input_file_ref idref="fl-19"/>
      </object_component>
      <object_component id="oc-526">
         <name>.const</name>
         <load_address>0xb680</load_address>
         <run_address>0xb680</run_address>
         <size>0x2c</size>
         <input_file_ref idref="fl-27"/>
      </object_component>
      <object_component id="oc-5b1">
         <name>.const</name>
         <load_address>0xb6ac</load_address>
         <run_address>0xb6ac</run_address>
         <size>0xc</size>
         <input_file_ref idref="fl-2e"/>
      </object_component>
      <object_component id="oc-5a3">
         <name>.const</name>
         <load_address>0xb6c0</load_address>
         <run_address>0xb6c0</run_address>
         <size>0x1c</size>
         <input_file_ref idref="fl-2f"/>
      </object_component>
      <object_component id="oc-3fb">
         <name>.data:ePWM</name>
         <load_address>0xa800</load_address>
         <run_address>0xa800</run_address>
         <size>0x10</size>
         <input_file_ref idref="fl-3"/>
      </object_component>
      <object_component id="oc-134">
         <name>.data</name>
         <load_address>0xa810</load_address>
         <run_address>0xa810</run_address>
         <size>0x6</size>
         <input_file_ref idref="fl-28"/>
      </object_component>
      <object_component id="oc-137">
         <name>.data:_lock</name>
         <load_address>0xa816</load_address>
         <run_address>0xa816</run_address>
         <size>0x2</size>
         <input_file_ref idref="fl-29"/>
      </object_component>
      <object_component id="oc-293">
         <name>.data:_unlock</name>
         <load_address>0xa818</load_address>
         <run_address>0xa818</run_address>
         <size>0x2</size>
         <input_file_ref idref="fl-29"/>
      </object_component>
      <object_component id="oc-5ac">
         <name>.data</name>
         <load_address>0xa81b</load_address>
         <run_address>0xa81b</run_address>
         <size>0x1</size>
         <input_file_ref idref="fl-3b"/>
      </object_component>
      <object_component id="oc-3f4">
         <name>.data</name>
         <load_address>0xa81a</load_address>
         <run_address>0xa81a</run_address>
         <size>0x1</size>
         <input_file_ref idref="fl-3f"/>
      </object_component>
      <object_component id="oc-88">
         <name>.debug_types</name>
         <load_address>0x0</load_address>
         <run_address>0x0</run_address>
         <size>0x28df</size>
         <input_file_ref idref="fl-2"/>
      </object_component>
      <object_component id="oc-246">
         <name>.debug_types</name>
         <load_address>0x28df</load_address>
         <run_address>0x28df</run_address>
         <size>0x32</size>
         <input_file_ref idref="fl-3"/>
      </object_component>
      <object_component id="oc-292">
         <name>.debug_types</name>
         <load_address>0x0</load_address>
         <run_address>0x0</run_address>
         <size>0x0</size>
         <input_file_ref idref="fl-4"/>
      </object_component>
      <object_component id="oc-8a">
         <name>.debug_types</name>
         <load_address>0x2911</load_address>
         <run_address>0x2911</run_address>
         <size>0x787</size>
         <input_file_ref idref="fl-5"/>
      </object_component>
      <object_component id="oc-28a">
         <name>.debug_types</name>
         <load_address>0x3098</load_address>
         <run_address>0x3098</run_address>
         <size>0x4c3</size>
         <input_file_ref idref="fl-6"/>
      </object_component>
      <object_component id="oc-f0">
         <name>.debug_types</name>
         <load_address>0x355b</load_address>
         <run_address>0x355b</run_address>
         <size>0x468</size>
         <input_file_ref idref="fl-7"/>
      </object_component>
      <object_component id="oc-57f">
         <name>.debug_types</name>
         <load_address>0x39c3</load_address>
         <run_address>0x39c3</run_address>
         <size>0x17c</size>
         <input_file_ref idref="fl-14"/>
      </object_component>
      <object_component id="oc-2ca">
         <name>.debug_types</name>
         <load_address>0x3b3f</load_address>
         <run_address>0x3b3f</run_address>
         <size>0x24d</size>
         <input_file_ref idref="fl-16"/>
      </object_component>
      <object_component id="oc-cb">
         <name>.debug_types</name>
         <load_address>0x0</load_address>
         <run_address>0x0</run_address>
         <size>0x0</size>
         <input_file_ref idref="fl-17"/>
      </object_component>
      <object_component id="oc-2bb">
         <name>.debug_types</name>
         <load_address>0x3d8c</load_address>
         <run_address>0x3d8c</run_address>
         <size>0x768</size>
         <input_file_ref idref="fl-18"/>
      </object_component>
      <object_component id="oc-272">
         <name>.debug_types</name>
         <load_address>0x44f4</load_address>
         <run_address>0x44f4</run_address>
         <size>0x115</size>
         <input_file_ref idref="fl-19"/>
      </object_component>
      <object_component id="oc-fb">
         <name>.debug_types</name>
         <load_address>0x0</load_address>
         <run_address>0x0</run_address>
         <size>0x0</size>
         <input_file_ref idref="fl-21"/>
      </object_component>
      <object_component id="oc-149">
         <name>.debug_types</name>
         <load_address>0x4609</load_address>
         <run_address>0x4609</run_address>
         <size>0x49b</size>
         <input_file_ref idref="fl-22"/>
      </object_component>
      <object_component id="oc-94">
         <name>.debug_types</name>
         <load_address>0x4aa4</load_address>
         <run_address>0x4aa4</run_address>
         <size>0x1f3</size>
         <input_file_ref idref="fl-23"/>
      </object_component>
      <object_component id="oc-41">
         <name>.debug_types</name>
         <load_address>0x0</load_address>
         <run_address>0x0</run_address>
         <size>0x0</size>
         <input_file_ref idref="fl-24"/>
      </object_component>
      <object_component id="oc-39">
         <name>.debug_types</name>
         <load_address>0x4c97</load_address>
         <run_address>0x4c97</run_address>
         <size>0x191</size>
         <input_file_ref idref="fl-25"/>
      </object_component>
      <object_component id="oc-3e7">
         <name>.debug_types</name>
         <load_address>0x4e28</load_address>
         <run_address>0x4e28</run_address>
         <size>0xcb</size>
         <input_file_ref idref="fl-26"/>
      </object_component>
      <object_component id="oc-539">
         <name>.debug_types</name>
         <load_address>0x4ef3</load_address>
         <run_address>0x4ef3</run_address>
         <size>0x187</size>
         <input_file_ref idref="fl-27"/>
      </object_component>
      <object_component id="oc-13b">
         <name>.debug_types</name>
         <load_address>0x507a</load_address>
         <run_address>0x507a</run_address>
         <size>0x90</size>
         <input_file_ref idref="fl-28"/>
      </object_component>
      <object_component id="oc-1ba">
         <name>.debug_types</name>
         <load_address>0x510a</load_address>
         <run_address>0x510a</run_address>
         <size>0x2f</size>
         <input_file_ref idref="fl-29"/>
      </object_component>
      <object_component id="oc-133">
         <name>.debug_types</name>
         <load_address>0x5139</load_address>
         <run_address>0x5139</run_address>
         <size>0xe1</size>
         <input_file_ref idref="fl-2a"/>
      </object_component>
      <object_component id="oc-d9">
         <name>.debug_types</name>
         <load_address>0x521a</load_address>
         <run_address>0x521a</run_address>
         <size>0x2f</size>
         <input_file_ref idref="fl-2b"/>
      </object_component>
      <object_component id="oc-3c7">
         <name>.debug_types</name>
         <load_address>0x0</load_address>
         <run_address>0x0</run_address>
         <size>0x0</size>
         <input_file_ref idref="fl-2c"/>
      </object_component>
      <object_component id="oc-3ec">
         <name>.debug_types</name>
         <load_address>0x0</load_address>
         <run_address>0x0</run_address>
         <size>0x0</size>
         <input_file_ref idref="fl-2d"/>
      </object_component>
      <object_component id="oc-5b5">
         <name>.debug_types</name>
         <load_address>0x0</load_address>
         <run_address>0x0</run_address>
         <size>0x0</size>
         <input_file_ref idref="fl-2e"/>
      </object_component>
      <object_component id="oc-5b0">
         <name>.debug_types</name>
         <load_address>0x0</load_address>
         <run_address>0x0</run_address>
         <size>0x0</size>
         <input_file_ref idref="fl-2f"/>
      </object_component>
      <object_component id="oc-5c8">
         <name>.debug_types</name>
         <load_address>0x0</load_address>
         <run_address>0x0</run_address>
         <size>0x0</size>
         <input_file_ref idref="fl-30"/>
      </object_component>
      <object_component id="oc-8f">
         <name>.debug_types</name>
         <load_address>0x5249</load_address>
         <run_address>0x5249</run_address>
         <size>0x89</size>
         <input_file_ref idref="fl-39"/>
      </object_component>
      <object_component id="oc-1bf">
         <name>.debug_types</name>
         <load_address>0x0</load_address>
         <run_address>0x0</run_address>
         <size>0x0</size>
         <input_file_ref idref="fl-3a"/>
      </object_component>
      <object_component id="oc-5cb">
         <name>.debug_types</name>
         <load_address>0x0</load_address>
         <run_address>0x0</run_address>
         <size>0x0</size>
         <input_file_ref idref="fl-3b"/>
      </object_component>
      <object_component id="oc-3ff">
         <name>.debug_types</name>
         <load_address>0x52d2</load_address>
         <run_address>0x52d2</run_address>
         <size>0xce</size>
         <input_file_ref idref="fl-3f"/>
      </object_component>
      <object_component id="oc-581">
         <name>.debug_info</name>
         <load_address>0x0</load_address>
         <run_address>0x0</run_address>
         <size>0x199</size>
         <input_file_ref idref="fl-2"/>
      </object_component>
      <object_component id="oc-492">
         <name>.debug_info</name>
         <load_address>0x199</load_address>
         <run_address>0x199</run_address>
         <size>0x1e6</size>
         <input_file_ref idref="fl-2"/>
      </object_component>
      <object_component id="oc-4b0">
         <name>.debug_info</name>
         <load_address>0x37f</load_address>
         <run_address>0x37f</run_address>
         <size>0x254</size>
         <input_file_ref idref="fl-2"/>
      </object_component>
      <object_component id="oc-4b6">
         <name>.debug_info</name>
         <load_address>0x5d3</load_address>
         <run_address>0x5d3</run_address>
         <size>0x232</size>
         <input_file_ref idref="fl-2"/>
      </object_component>
      <object_component id="oc-498">
         <name>.debug_info</name>
         <load_address>0x805</load_address>
         <run_address>0x805</run_address>
         <size>0x1f4</size>
         <input_file_ref idref="fl-2"/>
      </object_component>
      <object_component id="oc-49e">
         <name>.debug_info</name>
         <load_address>0x9f9</load_address>
         <run_address>0x9f9</run_address>
         <size>0x1bd</size>
         <input_file_ref idref="fl-2"/>
      </object_component>
      <object_component id="oc-4c8">
         <name>.debug_info</name>
         <load_address>0xbb6</load_address>
         <run_address>0xbb6</run_address>
         <size>0x1f2</size>
         <input_file_ref idref="fl-2"/>
      </object_component>
      <object_component id="oc-4a4">
         <name>.debug_info</name>
         <load_address>0xda8</load_address>
         <run_address>0xda8</run_address>
         <size>0x1bf</size>
         <input_file_ref idref="fl-2"/>
      </object_component>
      <object_component id="oc-4aa">
         <name>.debug_info</name>
         <load_address>0xf67</load_address>
         <run_address>0xf67</run_address>
         <size>0x1e2</size>
         <input_file_ref idref="fl-2"/>
      </object_component>
      <object_component id="oc-4c2">
         <name>.debug_info</name>
         <load_address>0x1149</load_address>
         <run_address>0x1149</run_address>
         <size>0x214</size>
         <input_file_ref idref="fl-2"/>
      </object_component>
      <object_component id="oc-4bc">
         <name>.debug_info</name>
         <load_address>0x135d</load_address>
         <run_address>0x135d</run_address>
         <size>0x256</size>
         <input_file_ref idref="fl-2"/>
      </object_component>
      <object_component id="oc-4ce">
         <name>.debug_info</name>
         <load_address>0x15b3</load_address>
         <run_address>0x15b3</run_address>
         <size>0x220</size>
         <input_file_ref idref="fl-2"/>
      </object_component>
      <object_component id="oc-7c">
         <name>.debug_info</name>
         <load_address>0x17d3</load_address>
         <run_address>0x17d3</run_address>
         <size>0x1ee</size>
         <input_file_ref idref="fl-2"/>
      </object_component>
      <object_component id="oc-2f0">
         <name>.debug_info</name>
         <load_address>0x19c1</load_address>
         <run_address>0x19c1</run_address>
         <size>0x194</size>
         <input_file_ref idref="fl-2"/>
      </object_component>
      <object_component id="oc-2f6">
         <name>.debug_info</name>
         <load_address>0x1b55</load_address>
         <run_address>0x1b55</run_address>
         <size>0x1d2</size>
         <input_file_ref idref="fl-2"/>
      </object_component>
      <object_component id="oc-2fc">
         <name>.debug_info</name>
         <load_address>0x1d27</load_address>
         <run_address>0x1d27</run_address>
         <size>0x1c9</size>
         <input_file_ref idref="fl-2"/>
      </object_component>
      <object_component id="oc-2e3">
         <name>.debug_info</name>
         <load_address>0x1ef0</load_address>
         <run_address>0x1ef0</run_address>
         <size>0x1b0</size>
         <input_file_ref idref="fl-2"/>
      </object_component>
      <object_component id="oc-2e9">
         <name>.debug_info</name>
         <load_address>0x20a0</load_address>
         <run_address>0x20a0</run_address>
         <size>0x1b8</size>
         <input_file_ref idref="fl-2"/>
      </object_component>
      <object_component id="oc-4d5">
         <name>.debug_info</name>
         <load_address>0x2258</load_address>
         <run_address>0x2258</run_address>
         <size>0x19c</size>
         <input_file_ref idref="fl-2"/>
      </object_component>
      <object_component id="oc-322">
         <name>.debug_info</name>
         <load_address>0x23f4</load_address>
         <run_address>0x23f4</run_address>
         <size>0x1ea</size>
         <input_file_ref idref="fl-2"/>
      </object_component>
      <object_component id="oc-316">
         <name>.debug_info</name>
         <load_address>0x25de</load_address>
         <run_address>0x25de</run_address>
         <size>0x22d</size>
         <input_file_ref idref="fl-2"/>
      </object_component>
      <object_component id="oc-33a">
         <name>.debug_info</name>
         <load_address>0x280b</load_address>
         <run_address>0x280b</run_address>
         <size>0x207</size>
         <input_file_ref idref="fl-2"/>
      </object_component>
      <object_component id="oc-328">
         <name>.debug_info</name>
         <load_address>0x2a12</load_address>
         <run_address>0x2a12</run_address>
         <size>0x1fe</size>
         <input_file_ref idref="fl-2"/>
      </object_component>
      <object_component id="oc-31c">
         <name>.debug_info</name>
         <load_address>0x2c10</load_address>
         <run_address>0x2c10</run_address>
         <size>0x1f4</size>
         <input_file_ref idref="fl-2"/>
      </object_component>
      <object_component id="oc-39a">
         <name>.debug_info</name>
         <load_address>0x2e04</load_address>
         <run_address>0x2e04</run_address>
         <size>0x22c</size>
         <input_file_ref idref="fl-2"/>
      </object_component>
      <object_component id="oc-346">
         <name>.debug_info</name>
         <load_address>0x3030</load_address>
         <run_address>0x3030</run_address>
         <size>0x2a5</size>
         <input_file_ref idref="fl-2"/>
      </object_component>
      <object_component id="oc-340">
         <name>.debug_info</name>
         <load_address>0x32d5</load_address>
         <run_address>0x32d5</run_address>
         <size>0x242</size>
         <input_file_ref idref="fl-2"/>
      </object_component>
      <object_component id="oc-34c">
         <name>.debug_info</name>
         <load_address>0x3517</load_address>
         <run_address>0x3517</run_address>
         <size>0x26e</size>
         <input_file_ref idref="fl-2"/>
      </object_component>
      <object_component id="oc-352">
         <name>.debug_info</name>
         <load_address>0x3785</load_address>
         <run_address>0x3785</run_address>
         <size>0x215</size>
         <input_file_ref idref="fl-2"/>
      </object_component>
      <object_component id="oc-364">
         <name>.debug_info</name>
         <load_address>0x399a</load_address>
         <run_address>0x399a</run_address>
         <size>0x1fc</size>
         <input_file_ref idref="fl-2"/>
      </object_component>
      <object_component id="oc-358">
         <name>.debug_info</name>
         <load_address>0x3b96</load_address>
         <run_address>0x3b96</run_address>
         <size>0x209</size>
         <input_file_ref idref="fl-2"/>
      </object_component>
      <object_component id="oc-35e">
         <name>.debug_info</name>
         <load_address>0x3d9f</load_address>
         <run_address>0x3d9f</run_address>
         <size>0x20b</size>
         <input_file_ref idref="fl-2"/>
      </object_component>
      <object_component id="oc-36a">
         <name>.debug_info</name>
         <load_address>0x3faa</load_address>
         <run_address>0x3faa</run_address>
         <size>0x1f0</size>
         <input_file_ref idref="fl-2"/>
      </object_component>
      <object_component id="oc-370">
         <name>.debug_info</name>
         <load_address>0x419a</load_address>
         <run_address>0x419a</run_address>
         <size>0x234</size>
         <input_file_ref idref="fl-2"/>
      </object_component>
      <object_component id="oc-376">
         <name>.debug_info</name>
         <load_address>0x43ce</load_address>
         <run_address>0x43ce</run_address>
         <size>0x246</size>
         <input_file_ref idref="fl-2"/>
      </object_component>
      <object_component id="oc-30a">
         <name>.debug_info</name>
[...]
         <name>FLASH_BANK2_SEC15</name>
         <page_id>0x0</page_id>
         <origin>0xaf000</origin>
         <length>0xff0</length>
         <used_space>0x0</used_space>
         <unused_space>0xff0</unused_space>
         <attributes>RWIX</attributes>
         <usage_details>
         </usage_details>
      </memory_area>
      <memory_area display="yes" color="green">
         <name>SECURE_ROM</name>
         <page_id>0x0</page_id>
         <origin>0x3f2000</origin>
         <length>0x6000</length>
         <used_space>0x0</used_space>
         <unused_space>0x6000</unused_space>
         <attributes>RWIX</attributes>
         <usage_details>
         </usage_details>
      </memory_area>
      <memory_area display="yes" color="green">
         <name>BOOTROM</name>
         <page_id>0x0</page_id>
         <origin>0x3f8000</origin>
         <length>0x7fc0</length>
         <used_space>0x0</used_space>
         <unused_space>0x7fc0</unused_space>
         <attributes>RWIX</attributes>
         <usage_details>
         </usage_details>
      </memory_area>
      <memory_area display="no" color="green">
         <name>RESET</name>
         <page_id>0x0</page_id>
         <origin>0x3fffc0</origin>
         <length>0x2</length>
         <used_space>0x0</used_space>
         <unused_space>0x2</unused_space>
         <attributes>RWIX</attributes>
         <usage_details>
         </usage_details>
      </memory_area>
   </placement_map>
   <cptbl_list>
      <cptbl>
         <name>__TI_cinit_table</name>
         <cprec>
            <name>.data</name>
            <load_address>0x12c</load_address>
            <load_size>0x1a</load_size>
            <run_address>0xa800</run_address>
            <run_size>0x1c</run_size>
            <compression>lzss</compression>
         </cprec>
         <cprec>
            <name>.bss</name>
            <load_address>0x14c</load_address>
            <load_size>0x4</load_size>
            <run_address>0xab0e</run_address>
            <run_size>0x474</run_size>
            <compression>zero_init</compression>
         </cprec>
      </cptbl>
   </cptbl_list>
   <handler_table>
      <handler_table_name>__TI_handler_table</handler_table_name>
      <handler>
         <index>0x0</index>
         <name>__TI_zero_init</name>
      </handler>
      <handler>
         <index>0x1</index>
         <name>__TI_decompress_lzss</name>
      </handler>
      <handler>
         <index>0x2</index>
         <name>__TI_decompress_none</name>
      </handler>
   </handler_table>
   <symbol_table>
      <symbol id="sm-1">
         <name>__TI_CINIT_Base</name>
         <value>0x150</value>
      </symbol>
      <symbol id="sm-2">
         <name>__TI_CINIT_Limit</name>
         <value>0x158</value>
      </symbol>
      <symbol id="sm-3">
         <name>__TI_CINIT_Warm</name>
         <value>0x158</value>
      </symbol>
      <symbol id="sm-4">
         <name>__TI_Handler_Table_Base</name>
         <value>0x146</value>
      </symbol>
      <symbol id="sm-5">
         <name>__TI_Handler_Table_Limit</name>
         <value>0x14c</value>
      </symbol>
      <symbol id="sm-6">
         <name>__TI_STACK_SIZE</name>
         <value>0x200</value>
      </symbol>
      <symbol id="sm-7">
         <name>__TI_STACK_END</name>
         <value>0x600</value>
      </symbol>
      <symbol id="sm-8">
         <name>__TI_pprof_out_hndl</name>
         <value>0xffffffff</value>
      </symbol>
      <symbol id="sm-9">
         <name>__TI_prof_data_start</name>
         <value>0xffffffff</value>
      </symbol>
      <symbol id="sm-a">
         <name>__TI_prof_data_size</name>
         <value>0xffffffff</value>
      </symbol>
      <symbol id="sm-257">
         <name>INTERRUPT_init</name>
         <value>0xaa35</value>
         <object_component_ref idref="oc-2c"/>
      </symbol>
      <symbol id="sm-258">
         <name>PinMux_init</name>
         <value>0x9a6a</value>
         <object_component_ref idref="oc-219"/>
      </symbol>
      <symbol id="sm-259">
         <name>Board_init</name>
         <value>0xa9e8</value>
         <object_component_ref idref="oc-175"/>
      </symbol>
      <symbol id="sm-25a">
         <name>GPIO_init</name>
         <value>0xaaf7</value>
         <object_component_ref idref="oc-237"/>
      </symbol>
      <symbol id="sm-25b">
         <name>ADC_init</name>
         <value>0x87fd</value>
         <object_component_ref idref="oc-22b"/>
      </symbol>
      <symbol id="sm-25c">
         <name>myADC0_init</name>
         <value>0x990b</value>
         <object_component_ref idref="oc-302"/>
      </symbol>
      <symbol id="sm-25d">
         <name>SYNC_init</name>
         <value>0xaa8b</value>
         <object_component_ref idref="oc-21f"/>
      </symbol>
      <symbol id="sm-25e">
         <name>LED_onboard_R_init</name>
         <value>0xa694</value>
         <object_component_ref idref="oc-3a0"/>
      </symbol>
      <symbol id="sm-25f">
         <name>LED_onboard_G_init</name>
         <value>0xa67b</value>
         <object_component_ref idref="oc-3a6"/>
      </symbol>
      <symbol id="sm-260">
         <name>EPWM_init</name>
         <value>0x8e22</value>
         <object_component_ref idref="oc-231"/>
      </symbol>
      <symbol id="sm-261">
         <name>ASYSCTL_init</name>
         <value>0xaa95</value>
         <object_component_ref idref="oc-225"/>
      </symbol>
      <symbol id="sm-291">
         <name>MEP_ScaleFactor</name>
         <value>0xaf1c</value>
         <object_component_ref idref="oc-3f8"/>
      </symbol>
      <symbol id="sm-292">
         <name>ePWM</name>
         <value>0xa800</value>
         <object_component_ref idref="oc-3fb"/>
      </symbol>
      <symbol id="sm-293">
         <name>C2000Ware_libraries_init</name>
         <value>0xab00</value>
         <object_component_ref idref="oc-181"/>
      </symbol>
      <symbol id="sm-294">
         <name>HRPWM_SFO_init</name>
         <value>0xab03</value>
         <object_component_ref idref="oc-23f"/>
      </symbol>
      <symbol id="sm-295">
         <name>SFO_runtime</name>
         <value>0xaa81</value>
         <object_component_ref idref="oc-198"/>
      </symbol>
      <symbol id="sm-296">
         <name>SFO_init</name>
         <value>0xa9c4</value>
         <object_component_ref idref="oc-3ad"/>
      </symbol>
      <symbol id="sm-2d6">
         <name>HAL_pwm_set_duty</name>
         <value>0xa21c</value>
         <object_component_ref idref="oc-28b"/>
      </symbol>
      <symbol id="sm-2d7">
         <name>PFC_hal_epwm_set_duty</name>
         <value>0xaa18</value>
         <object_component_ref idref="oc-1a5"/>
      </symbol>
      <symbol id="sm-368">
         <name>INT_myADC0_1_ISR</name>
         <value>0x9b40</value>
         <object_component_ref idref="oc-2b"/>
      </symbol>
      <symbol id="sm-369">
         <name>main</name>
         <value>0x9c0c</value>
         <object_component_ref idref="oc-12c"/>
      </symbol>
      <symbol id="sm-36a">
         <name>myADC0Results</name>
         <value>0xab0e</value>
         <object_component_ref idref="oc-78"/>
      </symbol>
      <symbol id="sm-394">
         <name>spll1</name>
         <value>0xaf40</value>
         <object_component_ref idref="oc-27a"/>
      </symbol>
      <symbol id="sm-395">
         <name>spll_Start_wrapper</name>
         <value>0xa77f</value>
         <object_component_ref idref="oc-19e"/>
      </symbol>
      <symbol id="sm-3ec">
         <name>Device_enableAllPeripherals</name>
         <value>0x941c</value>
         <object_component_ref idref="oc-1ea"/>
      </symbol>
      <symbol id="sm-3ed">
         <name>Device_initGPIO</name>
         <value>0xa9f9</value>
         <object_component_ref idref="oc-15d"/>
      </symbol>
      <symbol id="sm-3ee">
         <name>Device_init</name>
         <value>0x9cfa</value>
         <object_component_ref idref="oc-157"/>
      </symbol>
      <symbol id="sm-3ef">
         <name>__error__</name>
         <value>0xaadd</value>
         <object_component_ref idref="oc-a9"/>
      </symbol>
      <symbol id="sm-3fe">
         <name>code_start</name>
         <value>0x0</value>
         <object_component_ref idref="oc-26"/>
      </symbol>
      <symbol id="sm-40d">
         <name>ADC_setOffsetTrimAll</name>
         <value>0xa17d</value>
         <object_component_ref idref="oc-48b"/>
      </symbol>
      <symbol id="sm-45e">
         <name>GPIO_setQualificationMode</name>
         <value>0x9e92</value>
         <object_component_ref idref="oc-2db"/>
      </symbol>
      <symbol id="sm-45f">
         <name>GPIO_setPadConfig</name>
         <value>0x97ae</value>
         <object_component_ref idref="oc-2d5"/>
      </symbol>
      <symbol id="sm-460">
         <name>GPIO_setAnalogMode</name>
         <value>0x9ad6</value>
         <object_component_ref idref="oc-1f6"/>
      </symbol>
      <symbol id="sm-461">
         <name>GPIO_setDirectionMode</name>
         <value>0x9f36</value>
         <object_component_ref idref="oc-4ff"/>
      </symbol>
      <symbol id="sm-462">
         <name>GPIO_setPinConfig</name>
         <value>0x9e5b</value>
         <object_component_ref idref="oc-2cf"/>
      </symbol>
      <symbol id="sm-463">
         <name>GPIO_setControllerCore</name>
         <value>0x9e24</value>
         <object_component_ref idref="oc-505"/>
      </symbol>
      <symbol id="sm-4b5">
         <name>Interrupt_initModule</name>
         <value>0x9d76</value>
         <object_component_ref idref="oc-163"/>
      </symbol>
      <symbol id="sm-4b6">
         <name>Interrupt_enable</name>
         <value>0x9ec9</value>
         <object_component_ref idref="oc-81"/>
      </symbol>
      <symbol id="sm-4b7">
         <name>Interrupt_initVectorTable</name>
         <value>0xa44e</value>
         <object_component_ref idref="oc-169"/>
      </symbol>
      <symbol id="sm-5c3">
         <name>SysCtl_isPLLValid</name>
         <value>0x9236</value>
         <object_component_ref idref="oc-2b4"/>
      </symbol>
      <symbol id="sm-5c4">
         <name>SysCtl_delay</name>
         <value>0x128</value>
         <object_component_ref idref="oc-1a4"/>
      </symbol>
      <symbol id="sm-5c5">
         <name>SysCtl_selectXTALSingleEnded</name>
         <value>0xa648</value>
         <object_component_ref idref="oc-42a"/>
      </symbol>
      <symbol id="sm-5c6">
         <name>SysCtl_selectXTAL</name>
         <value>0xa081</value>
         <object_component_ref idref="oc-424"/>
      </symbol>
      <symbol id="sm-5c7">
         <name>SysCtl_selectOscSource</name>
         <value>0x9c71</value>
         <object_component_ref idref="oc-2a8"/>
      </symbol>
      <symbol id="sm-5c8">
         <name>SysCtl_getLowSpeedClock</name>
         <value>0xa62e</value>
         <object_component_ref idref="oc-1de"/>
      </symbol>
      <symbol id="sm-5c9">
         <name>SysCtl_setClock</name>
         <value>0x9000</value>
         <object_component_ref idref="oc-1cb"/>
      </symbol>
      <symbol id="sm-5ca">
         <name>SysCtl_getClock</name>
         <value>0x9ba7</value>
         <object_component_ref idref="oc-1d7"/>
      </symbol>
      <symbol id="sm-5e4">
         <name>cosl</name>
         <value>0x94ea</value>
         <object_component_ref idref="oc-192"/>
      </symbol>
      <symbol id="sm-5e5">
         <name>cos</name>
         <value>0x94ea</value>
         <object_component_ref idref="oc-192"/>
      </symbol>
      <symbol id="sm-5ef">
         <name>_c_int00</name>
         <value>0xa768</value>
         <object_component_ref idref="oc-9c"/>
      </symbol>
      <symbol id="sm-5f0">
         <name>__stack</name>
         <value>0x400</value>
         <object_component_ref idref="oc-37"/>
      </symbol>
      <symbol id="sm-5f9">
         <name>__c28xabi_negd</name>
         <value>0xaaa7</value>
         <object_component_ref idref="oc-26c"/>
      </symbol>
      <symbol id="sm-601">
         <name>__c28xabi_subd</name>
         <value>0xaa27</value>
         <object_component_ref idref="oc-25b"/>
      </symbol>
      <symbol id="sm-60c">
         <name>__c28xabi_dtoi</name>
         <value>0xa355</value>
         <object_component_ref idref="oc-24f"/>
      </symbol>
      <symbol id="sm-619">
         <name>__c28xabi_divf</name>
         <value>0x9800</value>
         <object_component_ref idref="oc-403"/>
      </symbol>
      <symbol id="sm-626">
         <name>__c28xabi_ftod</name>
         <value>0xa5a6</value>
         <object_component_ref idref="oc-18d"/>
      </symbol>
      <symbol id="sm-633">
         <name>_system_pre_init</name>
         <value>0xab0a</value>
         <object_component_ref idref="oc-da"/>
      </symbol>
      <symbol id="sm-642">
         <name>__TI_auto_init_nobinit_nopinit</name>
         <value>0xa0ac</value>
         <object_component_ref idref="oc-fc"/>
      </symbol>
      <symbol id="sm-64f">
         <name>__TI_zero_init</name>
         <value>0xaaf1</value>
         <object_component_ref idref="oc-48"/>
      </symbol>
      <symbol id="sm-65c">
         <name>__TI_decompress_none</name>
         <value>0xaab8</value>
         <object_component_ref idref="oc-1f"/>
      </symbol>
      <symbol id="sm-670">
         <name>__TI_decompress_lzss</name>
         <value>0x9fc4</value>
         <object_component_ref idref="oc-19"/>
      </symbol>
      <symbol id="sm-6ab">
         <name>__rem_pio2</name>
         <value>0x8800</value>
         <object_component_ref idref="oc-260"/>
      </symbol>
      <symbol id="sm-71d">
         <name>__kernel_rem_pio2</name>
         <value>0x8000</value>
         <object_component_ref idref="oc-3e0"/>
      </symbol>
      <symbol id="sm-733">
         <name>C$$EXIT</name>
         <value>0xa154</value>
         <object_component_ref idref="oc-e7"/>
      </symbol>
      <symbol id="sm-734">
         <name>abort</name>
         <value>0xa154</value>
         <object_component_ref idref="oc-e7"/>
      </symbol>
      <symbol id="sm-735">
         <name>exit</name>
         <value>0xa156</value>
         <object_component_ref idref="oc-e7"/>
      </symbol>
      <symbol id="sm-736">
         <name>__TI_dtors_ptr</name>
         <value>0xa814</value>
         <object_component_ref idref="oc-134"/>
      </symbol>
      <symbol id="sm-737">
         <name>__TI_cleanup_ptr</name>
         <value>0xa812</value>
         <object_component_ref idref="oc-134"/>
      </symbol>
      <symbol id="sm-738">
         <name>__TI_enable_exit_profile_output</name>
         <value>0xa810</value>
         <object_component_ref idref="oc-134"/>
      </symbol>
      <symbol id="sm-74f">
         <name>_nop</name>
         <value>0xaaa6</value>
         <object_component_ref idref="oc-1b2"/>
      </symbol>
      <symbol id="sm-750">
         <name>_lock</name>
         <value>0xa816</value>
         <object_component_ref idref="oc-137"/>
      </symbol>
      <symbol id="sm-751">
         <name>_unlock</name>
         <value>0xa818</value>
         <object_component_ref idref="oc-293"/>
      </symbol>
      <symbol id="sm-752">
         <name>_register_lock</name>
         <value>0xaaa2</value>
         <object_component_ref idref="oc-1b2"/>
      </symbol>
      <symbol id="sm-753">
         <name>_register_unlock</name>
         <value>0xaa9e</value>
         <object_component_ref idref="oc-1b2"/>
      </symbol>
      <symbol id="sm-762">
         <name>_args_main</name>
         <value>0xaa75</value>
         <object_component_ref idref="oc-e1"/>
      </symbol>
      <symbol id="sm-771">
         <name>memset</name>
         <value>0xaae4</value>
         <object_component_ref idref="oc-95"/>
      </symbol>
      <symbol id="sm-793">
         <name>__kernel_cos</name>
         <value>0x9123</value>
         <object_component_ref idref="oc-255"/>
      </symbol>
      <symbol id="sm-7b6">
         <name>__kernel_sin</name>
         <value>0x867d</value>
         <object_component_ref idref="oc-266"/>
      </symbol>
      <symbol id="sm-7d9">
         <name>floorl</name>
         <value>0x9334</value>
         <object_component_ref idref="oc-52f"/>
      </symbol>
      <symbol id="sm-7da">
         <name>floor</name>
         <value>0x9334</value>
         <object_component_ref idref="oc-52f"/>
      </symbol>
      <symbol id="sm-7fc">
         <name>scalbn</name>
         <value>0x9669</value>
         <object_component_ref idref="oc-529"/>
      </symbol>
      <symbol id="sm-7fd">
         <name>scalbnl</name>
         <value>0x9669</value>
         <object_component_ref idref="oc-529"/>
      </symbol>
      <symbol id="sm-7fe">
         <name>ldexpl</name>
         <value>0x9669</value>
         <object_component_ref idref="oc-529"/>
      </symbol>
      <symbol id="sm-7ff">
         <name>ldexp</name>
         <value>0x9669</value>
         <object_component_ref idref="oc-529"/>
      </symbol>
      <symbol id="sm-80d">
         <name>copysign</name>
         <value>0xa265</value>
         <object_component_ref idref="oc-5a6"/>
      </symbol>
      <symbol id="sm-80e">
         <name>copysignl</name>
         <value>0xa265</value>
         <object_component_ref idref="oc-5a6"/>
      </symbol>
      <symbol id="sm-825">
         <name>__c28xabi_addd</name>
         <value>0x9712</value>
         <object_component_ref idref="oc-3c1"/>
      </symbol>
      <symbol id="sm-831">
         <name>__c28xabi_cmpd</name>
         <value>0xa101</value>
         <object_component_ref idref="oc-3db"/>
      </symbol>
      <symbol id="sm-83f">
         <name>__c28xabi_mpyd</name>
         <value>0x9888</value>
         <object_component_ref idref="oc-3b9"/>
      </symbol>
      <symbol id="sm-84a">
         <name>__c28xabi_dtol</name>
         <value>0xa3f3</value>
         <object_component_ref idref="oc-3ce"/>
      </symbol>
      <symbol id="sm-852">
         <name>__c28xabi_orll</name>
         <value>0xa6e5</value>
         <object_component_ref idref="oc-3c9"/>
      </symbol>
      <symbol id="sm-853">
         <name>__c28xabi_xorll</name>
         <value>0xa6ed</value>
         <object_component_ref idref="oc-3c9"/>
      </symbol>
      <symbol id="sm-854">
         <name>__c28xabi_andll</name>
         <value>0xa6dd</value>
         <object_component_ref idref="oc-3c9"/>
      </symbol>
      <symbol id="sm-85e">
         <name>__c28xabi_modi</name>
         <value>0xa323</value>
         <object_component_ref idref="oc-51e"/>
      </symbol>
      <symbol id="sm-85f">
         <name>__c28xabi_divi</name>
         <value>0xa312</value>
         <object_component_ref idref="oc-51e"/>
      </symbol>
      <symbol id="sm-86b">
         <name>__c28xabi_ltod</name>
         <value>0xa5c2</value>
         <object_component_ref idref="oc-3d3"/>
      </symbol>
      <symbol id="sm-87e">
         <name>memcpy</name>
         <value>0xa4fd</value>
         <object_component_ref idref="oc-3a"/>
      </symbol>
      <symbol id="sm-88b">
         <name>_system_post_cinit</name>
         <value>0xab0c</value>
         <object_component_ref idref="oc-142"/>
      </symbol>
      <symbol id="sm-896">
         <name>errno</name>
         <value>0xa81b</value>
         <object_component_ref idref="oc-5ac"/>
      </symbol>
      <symbol id="sm-8c3">
         <name>MEP_SF</name>
         <value>0xaf0e</value>
         <object_component_ref idref="oc-3f5"/>
      </symbol>
      <symbol id="sm-8c4">
         <name>SFO_CAL</name>
         <value>0xaf17</value>
         <object_component_ref idref="oc-3f1"/>
      </symbol>
      <symbol id="sm-8c5">
         <name>SFO</name>
         <value>0x8c31</value>
         <object_component_ref idref="oc-273"/>
      </symbol>
      <symbol id="sm-8c7">
         <name>__c_args__</name>
         <value>0x0</value>
      </symbol>
   </symbol_table>
   <title>Link successful</title>
</link_info>
