******************************************************************************
             TMS320C2000 Linker PC v22.6.0                     
******************************************************************************
>> Linked Thu Jul 27 17:37:21 2023

OUTPUT FILE NAME:   <my_driverlib_SPLL_PFC_2023_7_27_0.out>
ENTRY POINT SYMBOL: "code_start"  address: 00000000


MEMORY CONFIGURATION

         name            origin    length      used     unused   attr    fill
----------------------  --------  ---------  --------  --------  ----  --------
  BEGIN                 00000000   00000002  00000002  00000000  RWIX
  BOOT_RSVD             00000002   00000126  00000000  00000126  RWIX
  RAMM0                 00000128   000002d8  00000030  000002a8  RWIX
  RAMM1                 00000400   000003f8  00000200  000001f8  RWIX
  RAMLS0                00008000   00000800  00000800  00000000  RWIX
  RAMLS1                00008800   00000800  00000800  00000000  RWIX
  RAMLS2                00009000   00000800  00000800  00000000  RWIX
  RAMLS3                00009800   00000800  00000800  00000000  RWIX
  RAMLS4                0000a000   00000800  00000800  00000000  RWIX
  RAMLS5                0000a800   00000800  00000781  0000007f  RWIX
  RAMLS6_7              0000b000   00001000  000006dc  00000924  RWIX
  RAMGS0                0000c000   00001000  00000000  00001000  RWIX
  RAMGS1                0000d000   00001000  00000000  00001000  RWIX
  RAMGS2                0000e000   00001000  00000000  00001000  RWIX
  RAMGS3                0000f000   00000ff8  00000000  00000ff8  RWIX
  FLASH_BANK0_SEC0      00080002   00000ffe  00000000  00000ffe  RWIX
  FLASH_BANK0_SEC1      00081000   00001000  00000000  00001000  RWIX
  FLASH_BANK0_SEC2      00082000   00001000  00000000  00001000  RWIX
  FLASH_BANK0_SEC3      00083000   00001000  00000000  00001000  RWIX
  FLASH_BANK0_SEC4      00084000   00001000  00000000  00001000  RWIX
  FLASH_BANK0_SEC5      00085000   00001000  00000000  00001000  RWIX
  FLASH_BANK0_SEC6      00086000   00001000  00000000  00001000  RWIX
  FLASH_BANK0_SEC7      00087000   00001000  00000000  00001000  RWIX
  FLASH_BANK0_SEC8      00088000   00001000  00000000  00001000  RWIX
  FLASH_BANK0_SEC9      00089000   00001000  00000000  00001000  RWIX
  FLASH_BANK0_SEC10     0008a000   00001000  00000000  00001000  RWIX
  FLASH_BANK0_SEC11     0008b000   00001000  00000000  00001000  RWIX
  FLASH_BANK0_SEC12     0008c000   00001000  00000000  00001000  RWIX
  FLASH_BANK0_SEC13     0008d000   00001000  00000000  00001000  RWIX
  FLASH_BANK0_SEC14     0008e000   00001000  00000000  00001000  RWIX
  FLASH_BANK0_SEC15     0008f000   00001000  00000000  00001000  RWIX
  FLASH_BANK1_SEC0      00090000   00001000  00000000  00001000  RWIX
  FLASH_BANK1_SEC1      00091000   00001000  00000000  00001000  RWIX
  FLASH_BANK1_SEC2      00092000   00001000  00000000  00001000  RWIX
  FLASH_BANK1_SEC3      00093000   00001000  00000000  00001000  RWIX
  FLASH_BANK1_SEC4      00094000   00001000  00000000  00001000  RWIX
  FLASH_BANK1_SEC5      00095000   00001000  00000000  00001000  RWIX
  FLASH_BANK1_SEC6      00096000   00001000  00000000  00001000  RWIX
  FLASH_BANK1_SEC7      00097000   00001000  00000000  00001000  RWIX
  FLASH_BANK1_SEC8      00098000   00001000  00000000  00001000  RWIX
  FLASH_BANK1_SEC9      00099000   00001000  00000000  00001000  RWIX
  FLASH_BANK1_SEC10     0009a000   00001000  00000000  00001000  RWIX
  FLASH_BANK1_SEC11     0009b000   00001000  00000000  00001000  RWIX
  FLASH_BANK1_SEC12     0009c000   00001000  00000000  00001000  RWIX
  FLASH_BANK1_SEC13     0009d000   00001000  00000000  00001000  RWIX
  FLASH_BANK1_SEC14     0009e000   00001000  00000000  00001000  RWIX
  FLASH_BANK1_SEC15     0009f000   00001000  00000000  00001000  RWIX
  FLASH_BANK2_SEC0      000a0000   00001000  00000000  00001000  RWIX
  FLASH_BANK2_SEC1      000a1000   00001000  00000000  00001000  RWIX
  FLASH_BANK2_SEC2      000a2000   00001000  00000000  00001000  RWIX
  FLASH_BANK2_SEC3      000a3000   00001000  00000000  00001000  RWIX
  FLASH_BANK2_SEC4      000a4000   00001000  00000000  00001000  RWIX
  FLASH_BANK2_SEC5      000a5000   00001000  00000000  00001000  RWIX
  FLASH_BANK2_SEC6      000a6000   00001000  00000000  00001000  RWIX
  FLASH_BANK2_SEC7      000a7000   00001000  00000000  00001000  RWIX
  FLASH_BANK2_SEC8      000a8000   00001000  00000000  00001000  RWIX
  FLASH_BANK2_SEC9      000a9000   00001000  00000000  00001000  RWIX
  FLASH_BANK2_SEC10     000aa000   00001000  00000000  00001000  RWIX
  FLASH_BANK2_SEC11     000ab000   00001000  00000000  00001000  RWIX
  FLASH_BANK2_SEC12     000ac000   00001000  00000000  00001000  RWIX
  FLASH_BANK2_SEC13     000ad000   00001000  00000000  00001000  RWIX
  FLASH_BANK2_SEC14     000ae000   00001000  00000000  00001000  RWIX
  FLASH_BANK2_SEC15     000af000   00000ff0  00000000  00000ff0  RWIX
  SECURE_ROM            003f2000   00006000  00000000  00006000  RWIX
  BOOTROM               003f8000   00007fc0  00000000  00007fc0  RWIX
  RESET                 003fffc0   00000002  00000000  00000002  RWIX


SECTION ALLOCATION MAP

 output                                  attributes/
section   page    origin      length       input sections
--------  ----  ----------  ----------   ----------------
codestart 
*          0    00000000    00000002     
                  00000000    00000002     f28003x_codestartbranch.obj (codestart)

.TI.ramfunc 
*          0    00000128    00000004     
                  00000128    00000004     driverlib.lib : sysctl.obj (.TI.ramfunc)

.cinit     0    0000012c    0000002c     
                  0000012c    0000001a     (.cinit..data.load) [load image, compression = lzss]
                  00000146    00000006     (__TI_handler_table)
                  0000014c    00000004     (.cinit..bss.load) [load image, compression = zero_init]
                  00000150    00000008     (__TI_cinit_table)

.reset     0    003fffc0    00000000     DSECT

.stack     0    00000400    00000200     UNINITIALIZED
                  00000400    00000200     --HOLE--

.bss       0    0000ab0e    00000474     UNINITIALIZED
                  0000ab0e    00000400     spll_pfc_main.obj (.bss:myADC0Results)
                  0000af0e    00000009     SFO_v8_fpu_lib_build_c28_driverlib_eabi.lib : SFO_v8_fpu_lib_build_c28_driverlib.obj (.bss:MEP_SF)
                  0000af17    00000005                                                 : SFO_v8_fpu_lib_build_c28_driverlib.obj (.bss)
                  0000af1c    00000001     c2000ware_libraries.obj (.bss)
                  0000af1d    00000023     --HOLE--
                  0000af40    00000042     spll_sogi.obj (.bss)

.init_array 
*          0    00000128    00000000     UNINITIALIZED

.data      0    0000a800    0000001c     UNINITIALIZED
                  0000a800    00000010     c2000ware_libraries.obj (.data:ePWM)
                  0000a810    00000006     rts2800_fpu32_eabi.lib : exit.c.obj (.data)
                  0000a816    00000002                            : _lock.c.obj (.data:_lock)
                  0000a818    00000002                            : _lock.c.obj (.data:_unlock)
                  0000a81a    00000001     SFO_v8_fpu_lib_build_c28_driverlib_eabi.lib : SFO_v8_fpu_lib_build_c28_driverlib.obj (.data)
                  0000a81b    00000001     rts2800_fpu32_eabi.lib : errno.c.obj (.data)

.const     0    0000b000    000006dc     
                  0000b000    0000018b     board.obj (.const:.string)
                  0000b18b    00000001     --HOLE-- [fill = 0]
                  0000b18c    00000139     spll_pfc_main.obj (.const:.string)
                  0000b2c5    00000001     --HOLE-- [fill = 0]
                  0000b2c6    0000009d     pfc_hal.obj (.const:.string)
                  0000b363    00000001     --HOLE-- [fill = 0]
                  0000b364    0000009a     driverlib.lib : sysctl.obj (.const:.string)
                  0000b3fe    00000098                   : gpio.obj (.const:.string)
                  0000b496    00000084     rts2800_fpu32_eabi.lib : k_rem_pio2.c.obj (.const:ipio2)
                  0000b51a    00000020                            : k_rem_pio2.c.obj (.const:PIo2)
                  0000b53a    00000004                            : k_rem_pio2.c.obj (.const:init_jk)
                  0000b53e    00000002     --HOLE-- [fill = 0]
                  0000b540    00000064                            : e_rem_pio2.c.obj (.const)
                  0000b5a4    00000063     device.obj (.const:.string)
                  0000b607    00000001     --HOLE-- [fill = 0]
                  0000b608    00000038     rts2800_fpu32_eabi.lib : k_sin.c.obj (.const)
                  0000b640    0000003c                            : k_cos.c.obj (.const)
                  0000b67c    00000004                            : s_cos.c.obj (.const)
                  0000b680    0000002c                            : k_rem_pio2.c.obj (.const)
                  0000b6ac    0000000c                            : s_floor.c.obj (.const)
                  0000b6b8    00000008     --HOLE-- [fill = 0]
                  0000b6c0    0000001c                            : s_scalbn.c.obj (.const)

.text.1    0    00008000    00000800     
                  00008000    0000067d     rts2800_fpu32_eabi.lib : k_rem_pio2.c.obj (.text)
                  0000867d    00000125                            : k_sin.c.obj (.text)
                  000087a2    0000005b     spll_sogi.obj (.text:SPLL_1PH_SOGI_reset)
                  000087fd    00000003     board.obj (.text:ADC_init)

.text.2    0    00008800    00000800     
                  00008800    00000431     rts2800_fpu32_eabi.lib : e_rem_pio2.c.obj (.text)
                  00008c31    000001f1     SFO_v8_fpu_lib_build_c28_driverlib_eabi.lib : SFO_v8_fpu_lib_build_c28_driverlib.obj (.text)
                  00008e22    000001d3     board.obj (.text:EPWM_init)
                  00008ff5    0000000b     driverlib.lib : sysctl.obj (.text:SysCtl_isMCDClockFailureDetected)

.text.3    0    00009000    00000800     
                  00009000    00000123     driverlib.lib : sysctl.obj (.text:SysCtl_setClock)
                  00009123    00000113     rts2800_fpu32_eabi.lib : k_cos.c.obj (.text)
                  00009236    000000fe     driverlib.lib : sysctl.obj (.text:SysCtl_isPLLValid)
                  00009334    000000e8     rts2800_fpu32_eabi.lib : s_floor.c.obj (.text)
                  0000941c    000000ce     device.obj (.text:Device_enableAllPeripherals)
                  000094ea    000000ce     rts2800_fpu32_eabi.lib : s_cos.c.obj (.text)
                  000095b8    000000b1     spll_sogi.obj (.text:SPLL_1PH_SOGI_coeff_calc)
                  00009669    000000a9     rts2800_fpu32_eabi.lib : s_scalbn.c.obj (.text)
                  00009712    0000009c                            : fd_add28.asm.obj (.text)
                  000097ae    00000052     driverlib.lib : gpio.obj (.text:GPIO_setPadConfig)

.text.4    0    00009800    00000800     
                  00009800    00000088     rts2800_fpu32_eabi.lib : fs_div28.asm.obj (.text)
                  00009888    00000083                            : fd_mpy28.asm.obj (.text)
                  0000990b    00000077     board.obj (.text:myADC0_init)
                  00009982    00000075     board.obj (.text:EPWM_setADCTriggerSource)
                  000099f7    00000073     driverlib.lib : sysctl.obj (.text:DCC_setCounterSeeds)
                  00009a6a    0000006c     board.obj (.text:PinMux_init)
                  00009ad6    0000006a     driverlib.lib : gpio.obj (.text:GPIO_setAnalogMode)
                  00009b40    00000067     spll_pfc_main.obj (.text:INT_myADC0_1_ISR)
                  00009ba7    00000065     driverlib.lib : sysctl.obj (.text:SysCtl_getClock)
                  00009c0c    00000065     spll_pfc_main.obj (.text:main)
                  00009c71    00000049     driverlib.lib : sysctl.obj (.text:SysCtl_selectOscSource)
                  00009cba    00000040     board.obj (.text:EPWM_setActionQualifierAction)
                  00009cfa    0000003e     device.obj (.text:Device_init)
                  00009d38    0000003e     board.obj (.text:EPWM_setCounterCompareShadowLoadMode)
                  00009d76    0000003d     driverlib.lib : interrupt.obj (.text:Interrupt_initModule)
                  00009db3    0000003a     board.obj (.text:EPWM_setADCTriggerEventPrescale)
                  00009ded    00000037     board.obj (.text:EPWM_setFallingEdgeDeadBandDelayInput)
                  00009e24    00000037     driverlib.lib : gpio.obj (.text:GPIO_setControllerCore)
                  00009e5b    00000037                   : gpio.obj (.text:GPIO_setPinConfig)
                  00009e92    00000037                   : gpio.obj (.text:GPIO_setQualificationMode)
                  00009ec9    00000037                   : interrupt.obj (.text:Interrupt_enable)
                  00009f00    00000036     board.obj (.text:ADC_setupSOC)
                  00009f36    00000031     driverlib.lib : gpio.obj (.text:GPIO_setDirectionMode)
                  00009f67    0000002f     board.obj (.text:ADC_setInterruptSource)
                  00009f96    0000002e     board.obj (.text:ADC_setInterruptSOCTrigger)
                  00009fc4    0000002e     rts2800_fpu32_eabi.lib : copy_decompress_lzss.c.obj (.text:decompress:lzss)
                  00009ff2    0000000e     driverlib.lib : interrupt.obj (.text:Interrupt_defaultHandler)

.text.5    0    0000a000    00000800     
                  0000a000    0000002b     board.obj (.text:EPWM_isBaseValid)
                  0000a02b    0000002b     pfc_hal.obj (.text:EPWM_isBaseValid)
                  0000a056    0000002b     spll_pfc_main.obj (.text:EPWM_isBaseValid)
                  0000a081    0000002b     driverlib.lib : sysctl.obj (.text:SysCtl_selectXTAL)
                  0000a0ac    0000002b     rts2800_fpu32_eabi.lib : autoinit.c.obj (.text:__TI_auto_init_nobinit_nopinit)
                  0000a0d7    0000002a     pfc_hal.obj (.text:HRPWM_setCounterCompareValue)
                  0000a101    0000002a     rts2800_fpu32_eabi.lib : fd_cmp28.asm.obj (.text)
                  0000a12b    00000029     spll_sogi.obj (.text:SPLL_1PH_SOGI_config)
                  0000a154    00000029     rts2800_fpu32_eabi.lib : exit.c.obj (.text)
                  0000a17d    00000028     driverlib.lib : adc.obj (.text:ADC_setOffsetTrimAll)
                  0000a1a5    00000028     board.obj (.text:EPWM_setGlobalLoadEventPrescale)
                  0000a1cd    00000028     board.obj (.text:HRPWM_setHiResCounterCompareValueOnly)
                  0000a1f5    00000027     board.obj (.text:GPIO_writePin)
                  0000a21c    00000025     pfc_hal.obj (.text:HAL_pwm_set_duty)
                  0000a241    00000024     driverlib.lib : sysctl.obj (.text:DCC_enableSingleShotMode)
                  0000a265    00000024     rts2800_fpu32_eabi.lib : s_copysign.c.obj (.text)
                  0000a289    00000023     driverlib.lib : sysctl.obj (.text:SysCtl_pollX1Counter)
                  0000a2ac    00000022     board.obj (.text:EPWM_setCounterCompareValue)
                  0000a2ce    00000022     board.obj (.text:EPWM_setupEPWMLinks)
                  0000a2f0    00000022     board.obj (.text:HRPWM_setMEPEdgeSelect)
                  0000a312    00000022     rts2800_fpu32_eabi.lib : i_div28.asm.obj (.text)
                  0000a334    00000021     board.obj (.text:ADC_disableContinuousMode)
                  0000a355    00000021     rts2800_fpu32_eabi.lib : fd_toi28.asm.obj (.text)
                  0000a376    00000020     board.obj (.text:ADC_enableInterrupt)
                  0000a396    0000001f     spll_pfc_main.obj (.text:GPIO_togglePin)
                  0000a3b5    0000001f     board.obj (.text:HRPWM_setChannelBOutputPath)
                  0000a3d4    0000001f     board.obj (.text:HRPWM_setPhaseShift)
                  0000a3f3    0000001f     rts2800_fpu32_eabi.lib : fd_tol28.asm.obj (.text)
                  0000a412    0000001e     driverlib.lib : sysctl.obj (.text:DCC_setCounter0ClkSource)
                  0000a430    0000001e                   : sysctl.obj (.text:DCC_setCounter1ClkSource)
                  0000a44e    0000001e                   : interrupt.obj (.text:Interrupt_initVectorTable)
                  0000a46c    0000001d     spll_pfc_main.obj (.text:ADC_getInterruptOverflowStatus)
                  0000a489    0000001d     board.obj (.text:EPWM_enableSyncOutPulseSource)
                  0000a4a6    0000001d     board.obj (.text:EPWM_setDeadBandCounterClock)
                  0000a4c3    0000001d     board.obj (.text:EPWM_setFallingEdgeDelayCount)
                  0000a4e0    0000001d     board.obj (.text:EPWM_setRisingEdgeDelayCount)
                  0000a4fd    0000001d     rts2800_fpu32_eabi.lib : memcpy.c.obj (.text)
                  0000a51a    0000001c     board.obj (.text:ADC_setSOCPriority)
                  0000a536    0000001c     board.obj (.text:EPWM_enableADCTrigger)
                  0000a552    0000001c     spll_pfc_main.obj (.text:EPWM_enableADCTrigger)
                  0000a56e    0000001c     board.obj (.text:EPWM_setClockPrescaler)
                  0000a58a    0000001c     board.obj (.text:HRPWM_setDeadbandMEPEdgeSelect)
                  0000a5a6    0000001c     rts2800_fpu32_eabi.lib : fs_tofdfpu32.asm.obj (.text)
                  0000a5c2    0000001c                            : l_tofd28.asm.obj (.text)
                  0000a5de    0000001b     board.obj (.text:HRPWM_isBaseValid)
                  0000a5f9    0000001b     pfc_hal.obj (.text:HRPWM_isBaseValid)
                  0000a614    0000001a     spll_pfc_main.obj (.text:ADC_readResult)
                  0000a62e    0000001a     driverlib.lib : sysctl.obj (.text:SysCtl_getLowSpeedClock)
                  0000a648    0000001a                   : sysctl.obj (.text:SysCtl_selectXTALSingleEnded)
                  0000a662    00000019     board.obj (.text:ASysCtl_setAnalogReference2P5)
                  0000a67b    00000019     board.obj (.text:LED_onboard_G_init)
                  0000a694    00000019     board.obj (.text:LED_onboard_R_init)
                  0000a6ad    00000018     board.obj (.text:ASysCtl_setAnalogReferenceInternal)
                  0000a6c5    00000018     spll_pfc_main.obj (.text:SysCtl_disablePeripheral)
                  0000a6dd    00000018     rts2800_fpu32_eabi.lib : ll_aox28.asm.obj (.text)
                  0000a6f5    00000017     board.obj (.text:ADC_isBaseValid)
                  0000a70c    00000017     spll_pfc_main.obj (.text:ADC_isBaseValid)
                  0000a723    00000017     device.obj (.text:SysCtl_enablePeripheral)
                  0000a73a    00000017     driverlib.lib : sysctl.obj (.text:SysCtl_enablePeripheral)
                  0000a751    00000017     spll_pfc_main.obj (.text:SysCtl_enablePeripheral)
                  0000a768    00000017     rts2800_fpu32_eabi.lib : boot28.asm.obj (.text)
                  0000a77f    00000017     spll_sogi.obj (.text:spll_Start_wrapper)
                  0000a796    00000016     board.obj (.text:ADC_setInterruptPulseMode)
                  0000a7ac    00000016     board.obj (.text:ADC_setPrescaler)
                  0000a7c2    00000016     driverlib.lib : sysctl.obj (.text:DCC_disableDoneSignal)
                  0000a7d8    00000015     board.obj (.text:ADC_disableBurstMode)
                  0000a7ed    00000013     board.obj (.text:ADC_enableConverter)

.text.6    0    0000a81c    000002f1     
                  0000a81c    00000015     driverlib.lib : sysctl.obj (.text:DCC_clearDoneFlag)
                  0000a831    00000015                   : sysctl.obj (.text:DCC_clearErrorFlag)
                  0000a846    00000015                   : sysctl.obj (.text:DCC_disableErrorSignal)
                  0000a85b    00000015                   : sysctl.obj (.text:DCC_isBaseValid)
                  0000a870    00000015     board.obj (.text:EPWM_enableGlobalLoad)
                  0000a885    00000015     device.obj (.text:GPIO_unlockPortConfig)
                  0000a89a    00000015     board.obj (.text:HRPWM_disablePhaseShiftLoad)
                  0000a8af    00000015     board.obj (.text:HRPWM_enableAutoConversion)
                  0000a8c4    00000014     spll_pfc_main.obj (.text:ADC_clearInterruptOverflowStatus)
                  0000a8d8    00000014     board.obj (.text:ADC_clearInterruptStatus)
                  0000a8ec    00000014     spll_pfc_main.obj (.text:ADC_clearInterruptStatus)
                  0000a900    00000014     driverlib.lib : sysctl.obj (.text:DCC_disableModule)
                  0000a914    00000014                   : sysctl.obj (.text:DCC_enableModule)
                  0000a928    00000014     board.obj (.text:EPWM_setTimeBaseCounterMode)
                  0000a93c    00000014     board.obj (.text:EPWM_setTimeBasePeriod)
                  0000a950    00000014     board.obj (.text:GPIO_isPinValid)
                  0000a964    00000014     driverlib.lib : gpio.obj (.text:GPIO_isPinValid)
                  0000a978    00000014     spll_pfc_main.obj (.text:GPIO_isPinValid)
                  0000a98c    00000014     driverlib.lib : sysctl.obj (.text:SysCtl_setPLLSysClk)
                  0000a9a0    00000012     pfc_hal.obj (.text:EPWM_getTimeBasePeriod)
                  0000a9b2    00000012     board.obj (.text:EPWM_setTimeBaseCounter)
                  0000a9c4    00000012     c2000ware_libraries.obj (.text:SFO_init)
                  0000a9d6    00000012     board.obj (.text:SysCtl_setSyncOutputConfig)
                  0000a9e8    00000011     board.obj (.text:Board_init)
                  0000a9f9    00000010     device.obj (.text:Device_initGPIO)
                  0000aa09    0000000f     board.obj (.text:Interrupt_register)
                  0000aa18    0000000f     pfc_hal.obj (.text:PFC_hal_epwm_set_duty)
                  0000aa27    0000000e     rts2800_fpu32_eabi.lib : fd_sub28.asm.obj (.text)
                  0000aa35    0000000d     board.obj (.text:INTERRUPT_init)
                  0000aa42    0000000d     driverlib.lib : interrupt.obj (.text:Interrupt_disableGlobal)
                  0000aa4f    0000000d                   : interrupt.obj (.text:Interrupt_enableGlobal)
                  0000aa5c    0000000d     device.obj (.text:SysCtl_setLowSpeedClock)
                  0000aa69    0000000c     board.obj (.text:SysCtl_enableExtADCSOCSource)
                  0000aa75    0000000c     rts2800_fpu32_eabi.lib : args_main.c.obj (.text)
                  0000aa81    0000000a     c2000ware_libraries.obj (.text:SFO_runtime)
                  0000aa8b    0000000a     board.obj (.text:SYNC_init)
                  0000aa95    00000009     board.obj (.text:ASYSCTL_init)
                  0000aa9e    00000009     rts2800_fpu32_eabi.lib : _lock.c.obj (.text)
                  0000aaa7    00000009                            : fd_neg28.asm.obj (.text)
                  0000aab0    00000008     device.obj (.text:SysCtl_disableWatchdog)
                  0000aab8    00000008     rts2800_fpu32_eabi.lib : copy_decompress_none.c.obj (.text:decompress:none)
                  0000aac0    00000008     f28003x_codestartbranch.obj (.text)
                  0000aac8    00000007     board.obj (.text:ASysCtl_disableTemperatureSensor)
                  0000aacf    00000007     device.obj (.text:ASysCtl_lockVREG)
                  0000aad6    00000007     driverlib.lib : sysctl.obj (.text:SysCtl_resetMCD)
                  0000aadd    00000007     device.obj (.text:__error__)
                  0000aae4    00000007     rts2800_fpu32_eabi.lib : memset.c.obj (.text)
                  0000aaeb    00000006     spll_pfc_main.obj (.text:Interrupt_clearACKGroup)
                  0000aaf1    00000006     rts2800_fpu32_eabi.lib : copy_zero_init.c.obj (.text:decompress:ZI)
                  0000aaf7    00000005     board.obj (.text:GPIO_init)
                  0000aafc    00000004     device.obj (.text:SysCtl_deviceCal)
                  0000ab00    00000003     c2000ware_libraries.obj (.text:C2000Ware_libraries_init)
                  0000ab03    00000003     c2000ware_libraries.obj (.text:HRPWM_SFO_init)
                  0000ab06    00000002     driverlib.lib : interrupt.obj (.text:Interrupt_illegalOperationHandler)
                  0000ab08    00000002                   : interrupt.obj (.text:Interrupt_nmiHandler)
                  0000ab0a    00000002     rts2800_fpu32_eabi.lib : pre_init.c.obj (.text)
                  0000ab0c    00000001                            : startup.c.obj (.text)

MODULE SUMMARY

       Module                                   code    ro data   rw data
       ------                                   ----    -------   -------
    .\
       spll_pfc_main.obj                        497     313       1024   
       spll_sogi.obj                            332     0         66     
       pfc_hal.obj                              182     157       0      
    +--+----------------------------------------+-------+---------+---------+
       Total:                                   1011    470       1090   
                                                                         
    .\device\
       device.obj                               367     99        0      
       f28003x_codestartbranch.obj              10      0         0      
    +--+----------------------------------------+-------+---------+---------+
       Total:                                   377     99        0      
                                                                         
    .\syscfg\
       board.obj                                2319    395       0      
       c2000ware_libraries.obj                  34      0         17     
    +--+----------------------------------------+-------+---------+---------+
       Total:                                   2353    395       17     
                                                                         
    ../rts2800_fpu32_eabi.lib
       k_rem_pio2.c.obj                         1661    212       0      
       e_rem_pio2.c.obj                         1073    100       0      
       k_sin.c.obj                              293     56        0      
       k_cos.c.obj                              275     60        0      
       s_floor.c.obj                            232     12        0      
       s_cos.c.obj                              206     4         0      
       s_scalbn.c.obj                           169     28        0      
       fd_add28.asm.obj                         156     0         0      
       fs_div28.asm.obj                         136     0         0      
       fd_mpy28.asm.obj                         131     0         0      
       exit.c.obj                               41      0         6      
       copy_decompress_lzss.c.obj               46      0         0      
       autoinit.c.obj                           43      0         0      
       fd_cmp28.asm.obj                         42      0         0      
       s_copysign.c.obj                         36      0         0      
       i_div28.asm.obj                          34      0         0      
       fd_toi28.asm.obj                         33      0         0      
       fd_tol28.asm.obj                         31      0         0      
       memcpy.c.obj                             29      0         0      
       fs_tofdfpu32.asm.obj                     28      0         0      
       l_tofd28.asm.obj                         28      0         0      
       ll_aox28.asm.obj                         24      0         0      
       boot28.asm.obj                           23      0         0      
       fd_sub28.asm.obj                         14      0         0      
       _lock.c.obj                              9       0         4      
       args_main.c.obj                          12      0         0      
       fd_neg28.asm.obj                         9       0         0      
       copy_decompress_none.c.obj               8       0         0      
       memset.c.obj                             7       0         0      
       copy_zero_init.c.obj                     6       0         0      
       pre_init.c.obj                           2       0         0      
       errno.c.obj                              0       0         1      
       startup.c.obj                            1       0         0      
    +--+----------------------------------------+-------+---------+---------+
       Total:                                   4838    472       11     
                                                                         
    D:/Program/ti/ccs1220/C2000Ware_4_03_00_00/driverlib/f28003x/driverlib/ccs/Debug/driverlib.lib
       sysctl.obj                               1271    154       0      
       gpio.obj                                 422     152       0      
       interrupt.obj                            190     0         0      
       adc.obj                                  40      0         0      
    +--+----------------------------------------+-------+---------+---------+
       Total:                                   1923    306       0      
                                                                         
    D:\Program\ti\ccs1220\C2000Ware_4_03_00_00\\libraries\calibration\hrpwm\f28003x\lib\SFO_v8_fpu_lib_build_c28_driverlib_eabi.lib
       SFO_v8_fpu_lib_build_c28_driverlib.obj   497     0         15     
    +--+----------------------------------------+-------+---------+---------+
       Total:                                   497     0         15     
                                                                         
       Stack:                                   0       0         512    
       Linker Generated:                        0       44        0      
    +--+----------------------------------------+-------+---------+---------+
       Grand Total:                             10999   1786      1645   


LINKER GENERATED COPY TABLES

__TI_cinit_table @ 00000150 records: 2, size/record: 4, table size: 8
	.data: load addr=0000012c, load size=0000001a bytes, run addr=0000a800, run size=0000001c bytes, compression=lzss
	.bss: load addr=0000014c, load size=00000004 bytes, run addr=0000ab0e, run size=00000474 bytes, compression=zero_init


LINKER GENERATED HANDLER TABLE

__TI_handler_table @ 00000146 records: 3, size/record: 2, table size: 6
	index: 0, handler: __TI_zero_init
	index: 1, handler: __TI_decompress_lzss
	index: 2, handler: __TI_decompress_none


GLOBAL DATA SYMBOLS: SORTED BY DATA PAGE

address     data page           name
--------    ----------------    ----
00000400      10 (00000400)     __stack

0000a800     2a0 (0000a800)     ePWM
0000a810     2a0 (0000a800)     __TI_enable_exit_profile_output
0000a812     2a0 (0000a800)     __TI_cleanup_ptr
0000a814     2a0 (0000a800)     __TI_dtors_ptr
0000a816     2a0 (0000a800)     _lock
0000a818     2a0 (0000a800)     _unlock
0000a81b     2a0 (0000a800)     errno

0000ab0e     2ac (0000ab00)     myADC0Results

0000af0e     2bc (0000af00)     MEP_SF
0000af17     2bc (0000af00)     SFO_CAL
0000af1c     2bc (0000af00)     MEP_ScaleFactor

0000af40     2bd (0000af40)     spll1


GLOBAL SYMBOLS: SORTED ALPHABETICALLY BY Name 

page  address   name                           
----  -------   ----                           
0     000087fd  ADC_init                       
0     0000a17d  ADC_setOffsetTrimAll           
0     0000aa95  ASYSCTL_init                   
0     0000a9e8  Board_init                     
0     0000a154  C$$EXIT                        
0     0000ab00  C2000Ware_libraries_init       
0     0000941c  Device_enableAllPeripherals    
0     00009cfa  Device_init                    
0     0000a9f9  Device_initGPIO                
0     00008e22  EPWM_init                      
0     0000aaf7  GPIO_init                      
0     00009ad6  GPIO_setAnalogMode             
0     00009e24  GPIO_setControllerCore         
0     00009f36  GPIO_setDirectionMode          
0     000097ae  GPIO_setPadConfig              
0     00009e5b  GPIO_setPinConfig              
0     00009e92  GPIO_setQualificationMode      
0     0000a21c  HAL_pwm_set_duty               
0     0000ab03  HRPWM_SFO_init                 
0     0000aa35  INTERRUPT_init                 
0     00009b40  INT_myADC0_1_ISR               
0     00009ec9  Interrupt_enable               
0     00009d76  Interrupt_initModule           
0     0000a44e  Interrupt_initVectorTable      
0     0000a67b  LED_onboard_G_init             
0     0000a694  LED_onboard_R_init             
0     0000af0e  MEP_SF                         
0     0000af1c  MEP_ScaleFactor                
0     0000aa18  PFC_hal_epwm_set_duty          
0     00009a6a  PinMux_init                    
0     00008c31  SFO                            
0     0000af17  SFO_CAL                        
0     0000a9c4  SFO_init                       
0     0000aa81  SFO_runtime                    
0     0000aa8b  SYNC_init                      
0     00000128  SysCtl_delay                   
0     00009ba7  SysCtl_getClock                
0     0000a62e  SysCtl_getLowSpeedClock        
0     00009236  SysCtl_isPLLValid              
0     00009c71  SysCtl_selectOscSource         
0     0000a081  SysCtl_selectXTAL              
0     0000a648  SysCtl_selectXTALSingleEnded   
0     00009000  SysCtl_setClock                
0     00000150  __TI_CINIT_Base                
0     00000158  __TI_CINIT_Limit               
0     00000158  __TI_CINIT_Warm                
0     00000146  __TI_Handler_Table_Base        
0     0000014c  __TI_Handler_Table_Limit       
0     00000600  __TI_STACK_END                 
abs   00000200  __TI_STACK_SIZE                
0     0000a0ac  __TI_auto_init_nobinit_nopinit 
0     0000a812  __TI_cleanup_ptr               
0     00009fc4  __TI_decompress_lzss           
0     0000aab8  __TI_decompress_none           
0     0000a814  __TI_dtors_ptr                 
0     0000a810  __TI_enable_exit_profile_output
abs   ffffffff  __TI_pprof_out_hndl            
abs   ffffffff  __TI_prof_data_size            
abs   ffffffff  __TI_prof_data_start           
0     0000aaf1  __TI_zero_init                 
0     00009712  __c28xabi_addd                 
0     0000a6dd  __c28xabi_andll                
0     0000a101  __c28xabi_cmpd                 
0     00009800  __c28xabi_divf                 
0     0000a312  __c28xabi_divi                 
0     0000a355  __c28xabi_dtoi                 
0     0000a3f3  __c28xabi_dtol                 
0     0000a5a6  __c28xabi_ftod                 
0     0000a5c2  __c28xabi_ltod                 
0     0000a323  __c28xabi_modi                 
0     00009888  __c28xabi_mpyd                 
0     0000aaa7  __c28xabi_negd                 
0     0000a6e5  __c28xabi_orll                 
0     0000aa27  __c28xabi_subd                 
0     0000a6ed  __c28xabi_xorll                
n/a   UNDEFED   __c_args__                     
0     0000aadd  __error__                      
0     00009123  __kernel_cos                   
0     00008000  __kernel_rem_pio2              
0     0000867d  __kernel_sin                   
0     00008800  __rem_pio2                     
0     00000400  __stack                        
0     0000aa75  _args_main                     
0     0000a768  _c_int00                       
0     0000a816  _lock                          
0     0000aaa6  _nop                           
0     0000aaa2  _register_lock                 
0     0000aa9e  _register_unlock               
0     0000ab0c  _system_post_cinit             
0     0000ab0a  _system_pre_init               
0     0000a818  _unlock                        
0     0000a154  abort                          
0     00000000  code_start                     
0     0000a265  copysign                       
0     0000a265  copysignl                      
0     000094ea  cos                            
0     000094ea  cosl                           
0     0000a800  ePWM                           
0     0000a81b  errno                          
0     0000a156  exit                           
0     00009334  floor                          
0     00009334  floorl                         
0     00009669  ldexp                          
0     00009669  ldexpl                         
0     00009c0c  main                           
0     0000a4fd  memcpy                         
0     0000aae4  memset                         
0     0000ab0e  myADC0Results                  
0     0000990b  myADC0_init                    
0     00009669  scalbn                         
0     00009669  scalbnl                        
0     0000af40  spll1                          
0     0000a77f  spll_Start_wrapper             


GLOBAL SYMBOLS: SORTED BY Symbol Address 

page  address   name                           
----  -------   ----                           
0     00000000  code_start                     
0     00000128  SysCtl_delay                   
0     00000146  __TI_Handler_Table_Base        
0     0000014c  __TI_Handler_Table_Limit       
0     00000150  __TI_CINIT_Base                
0     00000158  __TI_CINIT_Limit               
0     00000158  __TI_CINIT_Warm                
0     00000400  __stack                        
0     00000600  __TI_STACK_END                 
0     00008000  __kernel_rem_pio2              
0     0000867d  __kernel_sin                   
0     000087fd  ADC_init                       
0     00008800  __rem_pio2                     
0     00008c31  SFO                            
0     00008e22  EPWM_init                      
0     00009000  SysCtl_setClock                
0     00009123  __kernel_cos                   
0     00009236  SysCtl_isPLLValid              
0     00009334  floor                          
0     00009334  floorl                         
0     0000941c  Device_enableAllPeripherals    
0     000094ea  cos                            
0     000094ea  cosl                           
0     00009669  ldexp                          
0     00009669  ldexpl                         
0     00009669  scalbn                         
0     00009669  scalbnl                        
0     00009712  __c28xabi_addd                 
0     000097ae  GPIO_setPadConfig              
0     00009800  __c28xabi_divf                 
0     00009888  __c28xabi_mpyd                 
0     0000990b  myADC0_init                    
0     00009a6a  PinMux_init                    
0     00009ad6  GPIO_setAnalogMode             
0     00009b40  INT_myADC0_1_ISR               
0     00009ba7  SysCtl_getClock                
0     00009c0c  main                           
0     00009c71  SysCtl_selectOscSource         
0     00009cfa  Device_init                    
0     00009d76  Interrupt_initModule           
0     00009e24  GPIO_setControllerCore         
0     00009e5b  GPIO_setPinConfig              
0     00009e92  GPIO_setQualificationMode      
0     00009ec9  Interrupt_enable               
0     00009f36  GPIO_setDirectionMode          
0     00009fc4  __TI_decompress_lzss           
0     0000a081  SysCtl_selectXTAL              
0     0000a0ac  __TI_auto_init_nobinit_nopinit 
0     0000a101  __c28xabi_cmpd                 
0     0000a154  C$$EXIT                        
0     0000a154  abort                          
0     0000a156  exit                           
0     0000a17d  ADC_setOffsetTrimAll           
0     0000a21c  HAL_pwm_set_duty               
0     0000a265  copysign                       
0     0000a265  copysignl                      
0     0000a312  __c28xabi_divi                 
0     0000a323  __c28xabi_modi                 
0     0000a355  __c28xabi_dtoi                 
0     0000a3f3  __c28xabi_dtol                 
0     0000a44e  Interrupt_initVectorTable      
0     0000a4fd  memcpy                         
0     0000a5a6  __c28xabi_ftod                 
0     0000a5c2  __c28xabi_ltod                 
0     0000a62e  SysCtl_getLowSpeedClock        
0     0000a648  SysCtl_selectXTALSingleEnded   
0     0000a67b  LED_onboard_G_init             
0     0000a694  LED_onboard_R_init             
0     0000a6dd  __c28xabi_andll                
0     0000a6e5  __c28xabi_orll                 
0     0000a6ed  __c28xabi_xorll                
0     0000a768  _c_int00                       
0     0000a77f  spll_Start_wrapper             
0     0000a800  ePWM                           
0     0000a810  __TI_enable_exit_profile_output
0     0000a812  __TI_cleanup_ptr               
0     0000a814  __TI_dtors_ptr                 
0     0000a816  _lock                          
0     0000a818  _unlock                        
0     0000a81b  errno                          
0     0000a9c4  SFO_init                       
0     0000a9e8  Board_init                     
0     0000a9f9  Device_initGPIO                
0     0000aa18  PFC_hal_epwm_set_duty          
0     0000aa27  __c28xabi_subd                 
0     0000aa35  INTERRUPT_init                 
0     0000aa75  _args_main                     
0     0000aa81  SFO_runtime                    
0     0000aa8b  SYNC_init                      
0     0000aa95  ASYSCTL_init                   
0     0000aa9e  _register_unlock               
0     0000aaa2  _register_lock                 
0     0000aaa6  _nop                           
0     0000aaa7  __c28xabi_negd                 
0     0000aab8  __TI_decompress_none           
0     0000aadd  __error__                      
0     0000aae4  memset                         
0     0000aaf1  __TI_zero_init                 
0     0000aaf7  GPIO_init                      
0     0000ab00  C2000Ware_libraries_init       
0     0000ab03  HRPWM_SFO_init                 
0     0000ab0a  _system_pre_init               
0     0000ab0c  _system_post_cinit             
0     0000ab0e  myADC0Results                  
0     0000af0e  MEP_SF                         
0     0000af17  SFO_CAL                        
0     0000af1c  MEP_ScaleFactor                
0     0000af40  spll1                          
abs   00000200  __TI_STACK_SIZE                
abs   ffffffff  __TI_pprof_out_hndl            
abs   ffffffff  __TI_prof_data_size            
abs   ffffffff  __TI_prof_data_start           
n/a   UNDEFED   __c_args__                     

[113 symbols]
