******************************************************************************
             TMS320C2000 Linker PC v22.6.0                     
******************************************************************************
>> Linked Tue Jul 25 23:06:09 2023

OUTPUT FILE NAME:   <my_driverlib_Buck_ZVS_2023_7_25.out>
ENTRY POINT SYMBOL: "code_start"  address: 00000000


MEMORY CONFIGURATION

         name            origin    length      used     unused   attr    fill
----------------------  --------  ---------  --------  --------  ----  --------
  BEGIN                 00000000   00000002  00000002  00000000  RWIX
  BOOT_RSVD             00000002   00000126  00000000  00000126  RWIX
  RAMM0                 00000128   000002d8  00000018  000002c0  RWIX
  RAMM1                 00000400   000003f8  00000200  000001f8  RWIX
  RAMLS0                00008000   00000800  00000800  00000000  RWIX
  RAMLS1                00008800   00000800  00000800  00000000  RWIX
  RAMLS2                00009000   00000800  00000028  000007d8  RWIX
  RAMLS3                00009800   00000800  00000000  00000800  RWIX
  RAMLS4                0000a000   00000800  00000000  00000800  RWIX
  RAMLS5                0000a800   00000800  000002ed  00000513  RWIX
  RAMLS6_7              0000b000   00001000  00000000  00001000  RWIX
  RAMGS0                0000c000   00001000  00000000  00001000  RWIX
  RAMGS1                0000d000   00001000  00000000  00001000  RWIX
  RAMGS2                0000e000   00001000  00000000  00001000  RWIX
  RAMGS3                0000f000   00000ff8  00000000  00000ff8  RWIX
  FLASH_BANK0_SEC0      00080002   00000ffe  00000000  00000ffe  RWIX
  FLASH_BANK0_SEC1      00081000   00001000  00000000  00001000  RWIX
  FLASH_BANK0_SEC2      00082000   00001000  00000000  00001000  RWIX
  FLASH_BANK0_SEC3      00083000   00001000  00000000  00001000  RWIX
  FLASH_BANK0_SEC4      00084000   00001000  00000000  00001000  RWIX
  FLASH_BANK0_SEC5      00085000   00001000  00000000  00001000  RWIX
  FLASH_BANK0_SEC6      00086000   00001000  00000000  00001000  RWIX
  FLASH_BANK0_SEC7      00087000   00001000  00000000  00001000  RWIX
  FLASH_BANK0_SEC8      00088000   00001000  00000000  00001000  RWIX
  FLASH_BANK0_SEC9      00089000   00001000  00000000  00001000  RWIX
  FLASH_BANK0_SEC10     0008a000   00001000  00000000  00001000  RWIX
  FLASH_BANK0_SEC11     0008b000   00001000  00000000  00001000  RWIX
  FLASH_BANK0_SEC12     0008c000   00001000  00000000  00001000  RWIX
  FLASH_BANK0_SEC13     0008d000   00001000  00000000  00001000  RWIX
  FLASH_BANK0_SEC14     0008e000   00001000  00000000  00001000  RWIX
  FLASH_BANK0_SEC15     0008f000   00001000  00000000  00001000  RWIX
  FLASH_BANK1_SEC0      00090000   00001000  00000000  00001000  RWIX
  FLASH_BANK1_SEC1      00091000   00001000  00000000  00001000  RWIX
  FLASH_BANK1_SEC2      00092000   00001000  00000000  00001000  RWIX
  FLASH_BANK1_SEC3      00093000   00001000  00000000  00001000  RWIX
  FLASH_BANK1_SEC4      00094000   00001000  00000000  00001000  RWIX
  FLASH_BANK1_SEC5      00095000   00001000  00000000  00001000  RWIX
  FLASH_BANK1_SEC6      00096000   00001000  00000000  00001000  RWIX
  FLASH_BANK1_SEC7      00097000   00001000  00000000  00001000  RWIX
  FLASH_BANK1_SEC8      00098000   00001000  00000000  00001000  RWIX
  FLASH_BANK1_SEC9      00099000   00001000  00000000  00001000  RWIX
  FLASH_BANK1_SEC10     0009a000   00001000  00000000  00001000  RWIX
  FLASH_BANK1_SEC11     0009b000   00001000  00000000  00001000  RWIX
  FLASH_BANK1_SEC12     0009c000   00001000  00000000  00001000  RWIX
  FLASH_BANK1_SEC13     0009d000   00001000  00000000  00001000  RWIX
  FLASH_BANK1_SEC14     0009e000   00001000  00000000  00001000  RWIX
  FLASH_BANK1_SEC15     0009f000   00001000  00000000  00001000  RWIX
  FLASH_BANK2_SEC0      000a0000   00001000  00000000  00001000  RWIX
  FLASH_BANK2_SEC1      000a1000   00001000  00000000  00001000  RWIX
  FLASH_BANK2_SEC2      000a2000   00001000  00000000  00001000  RWIX
  FLASH_BANK2_SEC3      000a3000   00001000  00000000  00001000  RWIX
  FLASH_BANK2_SEC4      000a4000   00001000  00000000  00001000  RWIX
  FLASH_BANK2_SEC5      000a5000   00001000  00000000  00001000  RWIX
  FLASH_BANK2_SEC6      000a6000   00001000  00000000  00001000  RWIX
  FLASH_BANK2_SEC7      000a7000   00001000  00000000  00001000  RWIX
  FLASH_BANK2_SEC8      000a8000   00001000  00000000  00001000  RWIX
  FLASH_BANK2_SEC9      000a9000   00001000  00000000  00001000  RWIX
  FLASH_BANK2_SEC10     000aa000   00001000  00000000  00001000  RWIX
  FLASH_BANK2_SEC11     000ab000   00001000  00000000  00001000  RWIX
  FLASH_BANK2_SEC12     000ac000   00001000  00000000  00001000  RWIX
  FLASH_BANK2_SEC13     000ad000   00001000  00000000  00001000  RWIX
  FLASH_BANK2_SEC14     000ae000   00001000  00000000  00001000  RWIX
  FLASH_BANK2_SEC15     000af000   00000ff0  00000000  00000ff0  RWIX
  SECURE_ROM            003f2000   00006000  00000000  00006000  RWIX
  BOOTROM               003f8000   00007fc0  00000000  00007fc0  RWIX
  RESET                 003fffc0   00000002  00000000  00000002  RWIX


SECTION ALLOCATION MAP

 output                                  attributes/
section   page    origin      length       input sections
--------  ----  ----------  ----------   ----------------
codestart 
*          0    00000000    00000002     
                  00000000    00000002     f28003x_codestartbranch.obj (codestart)

.TI.ramfunc 
*          0    00000128    00000004     
                  00000128    00000004     driverlib.lib : sysctl.obj (.TI.ramfunc)

.cinit     0    0000012c    00000014     
                  0000012c    0000000c     (.cinit..data.load) [load image, compression = lzss]
                  00000138    00000004     (__TI_handler_table)
                  0000013c    00000004     (__TI_cinit_table)

.reset     0    003fffc0    00000000     DSECT

.stack     0    00000400    00000200     UNINITIALIZED
                  00000400    00000200     --HOLE--

.init_array 
*          0    00000128    00000000     UNINITIALIZED

.data      0    0000a800    0000000e     UNINITIALIZED
                  0000a800    00000006     rts2800_fpu32_eabi.lib : exit.c.obj (.data)
                  0000a806    00000003     empty_driverlib_main.obj (.data)
                  0000a809    00000001     --HOLE--
                  0000a80a    00000002     rts2800_fpu32_eabi.lib : _lock.c.obj (.data:_lock)
                  0000a80c    00000002                            : _lock.c.obj (.data:_unlock)

.const     0    0000a80e    000002df     
                  0000a80e    000000cc     board.obj (.const:.string)
                  0000a8da    0000009a     driverlib.lib : sysctl.obj (.const:.string)
                  0000a974    00000098                   : gpio.obj (.const:.string)
                  0000aa0c    00000088     empty_driverlib_main.obj (.const:.string)
                  0000aa94    00000059     device.obj (.const:.string)

.text.1    0    00008000    00000800     
                  00008000    00000194     board.obj (.text:EPWM_init)
                  00008194    00000123     driverlib.lib : sysctl.obj (.text:SysCtl_setClock)
                  000082b7    000000fe                   : sysctl.obj (.text:SysCtl_isPLLValid)
                  000083b5    000000ce     device.obj (.text:Device_enableAllPeripherals)
                  00008483    00000088     rts2800_fpu32_eabi.lib : fs_div28.asm.obj (.text)
                  0000850b    00000073     driverlib.lib : sysctl.obj (.text:DCC_setCounterSeeds)
                  0000857e    0000006a                   : gpio.obj (.text:GPIO_setAnalogMode)
                  000085e8    00000065                   : sysctl.obj (.text:SysCtl_getClock)
                  0000864d    00000052                   : gpio.obj (.text:GPIO_setPadConfig)
                  0000869f    00000049                   : sysctl.obj (.text:SysCtl_selectOscSource)
                  000086e8    00000048     board.obj (.text:PinMux_init)
                  00008730    00000040     board.obj (.text:EPWM_setActionQualifierAction)
                  00008770    0000003e     device.obj (.text:Device_init)
                  000087ae    0000003e     board.obj (.text:EPWM_setCounterCompareShadowLoadMode)
                  000087ec    00000014     driverlib.lib : sysctl.obj (.text:DCC_disableModule)

.text.2    0    00008800    00000800     
                  00008800    0000003d     driverlib.lib : interrupt.obj (.text:Interrupt_initModule)
                  0000883d    00000037                   : gpio.obj (.text:GPIO_setControllerCore)
                  00008874    00000037                   : gpio.obj (.text:GPIO_setPinConfig)
                  000088ab    00000037                   : gpio.obj (.text:GPIO_setQualificationMode)
                  000088e2    00000037     empty_driverlib_main.obj (.text:main)
                  00008919    00000031     driverlib.lib : gpio.obj (.text:GPIO_setDirectionMode)
                  0000894a    0000002e     rts2800_fpu32_eabi.lib : copy_decompress_lzss.c.obj (.text:decompress:lzss)
                  00008978    0000002c     board.obj (.text:EPWM_setDeadBandDelayMode)
                  000089a4    0000002b     board.obj (.text:EPWM_isBaseValid)
                  000089cf    0000002b     empty_driverlib_main.obj (.text:EPWM_isBaseValid)
                  000089fa    0000002b     driverlib.lib : sysctl.obj (.text:SysCtl_selectXTAL)
                  00008a25    0000002b     rts2800_fpu32_eabi.lib : autoinit.c.obj (.text:__TI_auto_init_nobinit_nopinit)
                  00008a50    0000002a     board.obj (.text:XBAR_setInputPin)
                  00008a7a    00000029     rts2800_fpu32_eabi.lib : exit.c.obj (.text)
                  00008aa3    00000028     board.obj (.text:EPWM_setGlobalLoadEventPrescale)
                  00008acb    00000027     board.obj (.text:GPIO_writePin)
                  00008af2    00000024     driverlib.lib : sysctl.obj (.text:DCC_enableSingleShotMode)
                  00008b16    00000024     board.obj (.text:EPWM_setDeadBandDelayPolarity)
                  00008b3a    00000023     driverlib.lib : sysctl.obj (.text:SysCtl_pollX1Counter)
                  00008b5d    00000022     board.obj (.text:EPWM_setCounterCompareValue)
                  00008b7f    00000022     empty_driverlib_main.obj (.text:EPWM_setCounterCompareValue)
                  00008ba1    00000022     board.obj (.text:EPWM_setupEPWMLinks)
                  00008bc3    0000001f     empty_driverlib_main.obj (.text:GPIO_togglePin)
                  00008be2    0000001e     driverlib.lib : sysctl.obj (.text:DCC_setCounter0ClkSource)
                  00008c00    0000001e                   : sysctl.obj (.text:DCC_setCounter1ClkSource)
                  00008c1e    0000001e     board.obj (.text:EPWM_setPhaseShift)
                  00008c3c    0000001e     driverlib.lib : interrupt.obj (.text:Interrupt_initVectorTable)
                  00008c5a    0000001d     board.obj (.text:EPWM_enableSyncOutPulseSource)
                  00008c77    0000001d     board.obj (.text:EPWM_setDeadBandCounterClock)
                  00008c94    0000001d     board.obj (.text:EPWM_setFallingEdgeDelayCount)
                  00008cb1    0000001d     board.obj (.text:EPWM_setRisingEdgeDelayCount)
                  00008cce    0000001d     rts2800_fpu32_eabi.lib : memcpy.c.obj (.text)
                  00008ceb    0000001c     board.obj (.text:EPWM_setClockPrescaler)
                  00008d07    0000001b     board.obj (.text:XBAR_isBaseValid)
                  00008d22    0000001a     driverlib.lib : sysctl.obj (.text:SysCtl_getLowSpeedClock)
                  00008d3c    0000001a                   : sysctl.obj (.text:SysCtl_selectXTALSingleEnded)
                  00008d56    00000019     board.obj (.text:LED_onboard_G_init)
                  00008d6f    00000019     board.obj (.text:LED_onboard_R_init)
                  00008d88    00000018     empty_driverlib_main.obj (.text:SysCtl_disablePeripheral)
                  00008da0    00000017     device.obj (.text:SysCtl_enablePeripheral)
                  00008db7    00000017     driverlib.lib : sysctl.obj (.text:SysCtl_enablePeripheral)
                  00008dce    00000017     empty_driverlib_main.obj (.text:SysCtl_enablePeripheral)
                  00008de5    00000017     rts2800_fpu32_eabi.lib : boot28.asm.obj (.text)
                  00008dfc    00000016     driverlib.lib : sysctl.obj (.text:DCC_disableDoneSignal)
                  00008e12    00000015                   : sysctl.obj (.text:DCC_clearDoneFlag)
                  00008e27    00000015                   : sysctl.obj (.text:DCC_clearErrorFlag)
                  00008e3c    00000015                   : sysctl.obj (.text:DCC_disableErrorSignal)
                  00008e51    00000015                   : sysctl.obj (.text:DCC_isBaseValid)
                  00008e66    00000015     board.obj (.text:EPWM_enableGlobalLoad)
                  00008e7b    00000015     device.obj (.text:GPIO_unlockPortConfig)
                  00008e90    00000014     driverlib.lib : sysctl.obj (.text:DCC_enableModule)
                  00008ea4    00000014     board.obj (.text:EPWM_setTimeBaseCounterMode)
                  00008eb8    00000014     board.obj (.text:EPWM_setTimeBasePeriod)
                  00008ecc    00000014     empty_driverlib_main.obj (.text:EPWM_setTimeBasePeriod)
                  00008ee0    00000014     board.obj (.text:GPIO_isPinValid)
                  00008ef4    00000014     driverlib.lib : gpio.obj (.text:GPIO_isPinValid)
                  00008f08    00000014     empty_driverlib_main.obj (.text:GPIO_isPinValid)
                  00008f1c    00000014     driverlib.lib : sysctl.obj (.text:SysCtl_setPLLSysClk)
                  00008f30    00000012     board.obj (.text:EPWM_setTimeBaseCounter)
                  00008f42    00000012     board.obj (.text:SysCtl_setSyncOutputConfig)
                  00008f54    00000011     board.obj (.text:EPWM_disablePhaseShiftLoad)
                  00008f65    00000010     device.obj (.text:Device_initGPIO)
                  00008f75    0000000e     driverlib.lib : interrupt.obj (.text:Interrupt_defaultHandler)
                  00008f83    0000000d     board.obj (.text:Board_init)
                  00008f90    0000000d     driverlib.lib : interrupt.obj (.text:Interrupt_disableGlobal)
                  00008f9d    0000000d     device.obj (.text:SysCtl_setLowSpeedClock)
                  00008faa    0000000c     board.obj (.text:SysCtl_enableExtADCSOCSource)
                  00008fb6    0000000c     rts2800_fpu32_eabi.lib : args_main.c.obj (.text)
                  00008fc2    0000000b     driverlib.lib : sysctl.obj (.text:SysCtl_isMCDClockFailureDetected)
                  00008fcd    0000000a     board.obj (.text:SYNC_init)
                  00008fd7    00000009     rts2800_fpu32_eabi.lib : _lock.c.obj (.text)
                  00008fe0    00000008     device.obj (.text:SysCtl_disableWatchdog)
                  00008fe8    00000008     rts2800_fpu32_eabi.lib : copy_decompress_none.c.obj (.text:decompress:none)
                  00008ff0    00000008     f28003x_codestartbranch.obj (.text)
                  00008ff8    00000007     device.obj (.text:ASysCtl_lockVREG)
                  00008fff    00000001     c2000ware_libraries.obj (.text:C2000Ware_libraries_init)

.text.3    0    00009000    00000028     
                  00009000    00000007     driverlib.lib : sysctl.obj (.text:SysCtl_resetMCD)
                  00009007    00000007     device.obj (.text:__error__)
                  0000900e    00000007     board.obj (.text:myINPUTXBARINPUT0_init)
                  00009015    00000005     board.obj (.text:GPIO_init)
                  0000901a    00000004     device.obj (.text:SysCtl_deviceCal)
                  0000901e    00000003     board.obj (.text:INPUTXBAR_init)
                  00009021    00000002     driverlib.lib : interrupt.obj (.text:Interrupt_illegalOperationHandler)
                  00009023    00000002                   : interrupt.obj (.text:Interrupt_nmiHandler)
                  00009025    00000002     rts2800_fpu32_eabi.lib : pre_init.c.obj (.text)
                  00009027    00000001                            : startup.c.obj (.text)

MODULE SUMMARY

       Module                        code   ro data   rw data
       ------                        ----   -------   -------
    .\
       empty_driverlib_main.obj      250    136       3      
    +--+-----------------------------+------+---------+---------+
       Total:                        250    136       3      
                                                             
    .\device\
       device.obj                    367    89        0      
       f28003x_codestartbranch.obj   10     0         0      
    +--+-----------------------------+------+---------+---------+
       Total:                        377    89        0      
                                                             
    .\syscfg\
       board.obj                     1349   204       0      
       c2000ware_libraries.obj       1      0         0      
    +--+-----------------------------+------+---------+---------+
       Total:                        1350   204       0      
                                                             
    D:/ti/c2000/C2000Ware_4_03_00_00/driverlib/f28003x/driverlib/ccs/Debug/driverlib.lib
       sysctl.obj                    1271   154       0      
       gpio.obj                      422    152       0      
       interrupt.obj                 122    0         0      
    +--+-----------------------------+------+---------+---------+
       Total:                        1815   306       0      
                                                             
    D:\ti\ccs1230\ccs\tools\compiler\ti-cgt-c2000_22.6.0.LTS\lib\rts2800_fpu32_eabi.lib
       fs_div28.asm.obj              136    0         0      
       exit.c.obj                    41     0         6      
       copy_decompress_lzss.c.obj    46     0         0      
       autoinit.c.obj                43     0         0      
       memcpy.c.obj                  29     0         0      
       boot28.asm.obj                23     0         0      
       _lock.c.obj                   9      0         4      
       args_main.c.obj               12     0         0      
       copy_decompress_none.c.obj    8      0         0      
       pre_init.c.obj                2      0         0      
       startup.c.obj                 1      0         0      
    +--+-----------------------------+------+---------+---------+
       Total:                        350    0         10     
                                                             
       Stack:                        0      0         512    
       Linker Generated:             0      20        0      
    +--+-----------------------------+------+---------+---------+
       Grand Total:                  4142   755       525    


LINKER GENERATED COPY TABLES

__TI_cinit_table @ 0000013c records: 1, size/record: 4, table size: 4
	.data: load addr=0000012c, load size=0000000c bytes, run addr=0000a800, run size=0000000e bytes, compression=lzss


LINKER GENERATED HANDLER TABLE

__TI_handler_table @ 00000138 records: 2, size/record: 2, table size: 4
	index: 0, handler: __TI_decompress_lzss
	index: 1, handler: __TI_decompress_none


GLOBAL DATA SYMBOLS: SORTED BY DATA PAGE

address     data page           name
--------    ----------------    ----
00000400      10 (00000400)     __stack

0000a800     2a0 (0000a800)     __TI_enable_exit_profile_output
0000a802     2a0 (0000a800)     __TI_cleanup_ptr
0000a804     2a0 (0000a800)     __TI_dtors_ptr
0000a806     2a0 (0000a800)     a
0000a807     2a0 (0000a800)     b
0000a808     2a0 (0000a800)     c
0000a80a     2a0 (0000a800)     _lock
0000a80c     2a0 (0000a800)     _unlock


GLOBAL SYMBOLS: SORTED ALPHABETICALLY BY Name 

page  address   name                           
----  -------   ----                           
0     00008f83  Board_init                     
0     00008a7a  C$$EXIT                        
0     00008fff  C2000Ware_libraries_init       
0     000083b5  Device_enableAllPeripherals    
0     00008770  Device_init                    
0     00008f65  Device_initGPIO                
0     00008000  EPWM_init                      
0     00009015  GPIO_init                      
0     0000857e  GPIO_setAnalogMode             
0     0000883d  GPIO_setControllerCore         
0     00008919  GPIO_setDirectionMode          
0     0000864d  GPIO_setPadConfig              
0     00008874  GPIO_setPinConfig              
0     000088ab  GPIO_setQualificationMode      
0     0000901e  INPUTXBAR_init                 
0     00008800  Interrupt_initModule           
0     00008c3c  Interrupt_initVectorTable      
0     00008d56  LED_onboard_G_init             
0     00008d6f  LED_onboard_R_init             
0     000086e8  PinMux_init                    
0     00008fcd  SYNC_init                      
0     00000128  SysCtl_delay                   
0     000085e8  SysCtl_getClock                
0     00008d22  SysCtl_getLowSpeedClock        
0     000082b7  SysCtl_isPLLValid              
0     0000869f  SysCtl_selectOscSource         
0     000089fa  SysCtl_selectXTAL              
0     00008d3c  SysCtl_selectXTALSingleEnded   
0     00008194  SysCtl_setClock                
0     0000013c  __TI_CINIT_Base                
0     00000140  __TI_CINIT_Limit               
0     00000140  __TI_CINIT_Warm                
0     00000138  __TI_Handler_Table_Base        
0     0000013c  __TI_Handler_Table_Limit       
0     00000600  __TI_STACK_END                 
abs   00000200  __TI_STACK_SIZE                
0     00008a25  __TI_auto_init_nobinit_nopinit 
0     0000a802  __TI_cleanup_ptr               
0     0000894a  __TI_decompress_lzss           
0     00008fe8  __TI_decompress_none           
0     0000a804  __TI_dtors_ptr                 
0     0000a800  __TI_enable_exit_profile_output
abs   ffffffff  __TI_pprof_out_hndl            
abs   ffffffff  __TI_prof_data_size            
abs   ffffffff  __TI_prof_data_start           
0     00008483  __c28xabi_divf                 
n/a   UNDEFED   __c_args__                     
0     00009007  __error__                      
0     00000400  __stack                        
0     00008fb6  _args_main                     
0     00008de5  _c_int00                       
0     0000a80a  _lock                          
0     00008fdf  _nop                           
0     00008fdb  _register_lock                 
0     00008fd7  _register_unlock               
0     00009027  _system_post_cinit             
0     00009025  _system_pre_init               
0     0000a80c  _unlock                        
0     0000a806  a                              
0     00008a7a  abort                          
0     0000a807  b                              
0     0000a808  c                              
0     00000000  code_start                     
0     00008a7c  exit                           
0     000088e2  main                           
0     00008cce  memcpy                         
0     0000900e  myINPUTXBARINPUT0_init         


GLOBAL SYMBOLS: SORTED BY Symbol Address 

page  address   name                           
----  -------   ----                           
0     00000000  code_start                     
0     00000128  SysCtl_delay                   
0     00000138  __TI_Handler_Table_Base        
0     0000013c  __TI_CINIT_Base                
0     0000013c  __TI_Handler_Table_Limit       
0     00000140  __TI_CINIT_Limit               
0     00000140  __TI_CINIT_Warm                
0     00000400  __stack                        
0     00000600  __TI_STACK_END                 
0     00008000  EPWM_init                      
0     00008194  SysCtl_setClock                
0     000082b7  SysCtl_isPLLValid              
0     000083b5  Device_enableAllPeripherals    
0     00008483  __c28xabi_divf                 
0     0000857e  GPIO_setAnalogMode             
0     000085e8  SysCtl_getClock                
0     0000864d  GPIO_setPadConfig              
0     0000869f  SysCtl_selectOscSource         
0     000086e8  PinMux_init                    
0     00008770  Device_init                    
0     00008800  Interrupt_initModule           
0     0000883d  GPIO_setControllerCore         
0     00008874  GPIO_setPinConfig              
0     000088ab  GPIO_setQualificationMode      
0     000088e2  main                           
0     00008919  GPIO_setDirectionMode          
0     0000894a  __TI_decompress_lzss           
0     000089fa  SysCtl_selectXTAL              
0     00008a25  __TI_auto_init_nobinit_nopinit 
0     00008a7a  C$$EXIT                        
0     00008a7a  abort                          
0     00008a7c  exit                           
0     00008c3c  Interrupt_initVectorTable      
0     00008cce  memcpy                         
0     00008d22  SysCtl_getLowSpeedClock        
0     00008d3c  SysCtl_selectXTALSingleEnded   
0     00008d56  LED_onboard_G_init             
0     00008d6f  LED_onboard_R_init             
0     00008de5  _c_int00                       
0     00008f65  Device_initGPIO                
0     00008f83  Board_init                     
0     00008fb6  _args_main                     
0     00008fcd  SYNC_init                      
0     00008fd7  _register_unlock               
0     00008fdb  _register_lock                 
0     00008fdf  _nop                           
0     00008fe8  __TI_decompress_none           
0     00008fff  C2000Ware_libraries_init       
0     00009007  __error__                      
0     0000900e  myINPUTXBARINPUT0_init         
0     00009015  GPIO_init                      
0     0000901e  INPUTXBAR_init                 
0     00009025  _system_pre_init               
0     00009027  _system_post_cinit             
0     0000a800  __TI_enable_exit_profile_output
0     0000a802  __TI_cleanup_ptr               
0     0000a804  __TI_dtors_ptr                 
0     0000a806  a                              
0     0000a807  b                              
0     0000a808  c                              
0     0000a80a  _lock                          
0     0000a80c  _unlock                        
abs   00000200  __TI_STACK_SIZE                
abs   ffffffff  __TI_pprof_out_hndl            
abs   ffffffff  __TI_prof_data_size            
abs   ffffffff  __TI_prof_data_start           
n/a   UNDEFED   __c_args__                     

[67 symbols]
