******************************************************************************
             TMS320C2000 Linker PC v22.6.0                     
******************************************************************************
>> Linked Thu Jul 27 11:45:31 2023

OUTPUT FILE NAME:   <my_driverlib_Buck_ZVS_2023_7_27_3.out>
ENTRY POINT SYMBOL: "code_start"  address: 00000000


MEMORY CONFIGURATION

         name            origin    length      used     unused   attr    fill
----------------------  --------  ---------  --------  --------  ----  --------
  BEGIN                 00000000   00000002  00000002  00000000  RWIX
  BOOT_RSVD             00000002   00000126  00000000  00000126  RWIX
  RAMM0                 00000128   000002d8  00000024  000002b4  RWIX
  RAMM1                 00000400   000003f8  00000200  000001f8  RWIX
  RAMLS0                00008000   00000800  00000800  00000000  RWIX
  RAMLS1                00008800   00000800  00000800  00000000  RWIX
  RAMLS2                00009000   00000800  0000043d  000003c3  RWIX
  RAMLS3                00009800   00000800  00000000  00000800  RWIX
  RAMLS4                0000a000   00000800  00000000  00000800  RWIX
  RAMLS5                0000a800   00000800  0000047a  00000386  RWIX
  RAMLS6_7              0000b000   00001000  00000000  00001000  RWIX
  RAMGS0                0000c000   00001000  00000000  00001000  RWIX
  RAMGS1                0000d000   00001000  00000000  00001000  RWIX
  RAMGS2                0000e000   00001000  00000000  00001000  RWIX
  RAMGS3                0000f000   00000ff8  00000000  00000ff8  RWIX
  FLASH_BANK0_SEC0      00080002   00000ffe  00000000  00000ffe  RWIX
  FLASH_BANK0_SEC1      00081000   00001000  00000000  00001000  RWIX
  FLASH_BANK0_SEC2      00082000   00001000  00000000  00001000  RWIX
  FLASH_BANK0_SEC3      00083000   00001000  00000000  00001000  RWIX
  FLASH_BANK0_SEC4      00084000   00001000  00000000  00001000  RWIX
  FLASH_BANK0_SEC5      00085000   00001000  00000000  00001000  RWIX
  FLASH_BANK0_SEC6      00086000   00001000  00000000  00001000  RWIX
  FLASH_BANK0_SEC7      00087000   00001000  00000000  00001000  RWIX
  FLASH_BANK0_SEC8      00088000   00001000  00000000  00001000  RWIX
  FLASH_BANK0_SEC9      00089000   00001000  00000000  00001000  RWIX
  FLASH_BANK0_SEC10     0008a000   00001000  00000000  00001000  RWIX
  FLASH_BANK0_SEC11     0008b000   00001000  00000000  00001000  RWIX
  FLASH_BANK0_SEC12     0008c000   00001000  00000000  00001000  RWIX
  FLASH_BANK0_SEC13     0008d000   00001000  00000000  00001000  RWIX
  FLASH_BANK0_SEC14     0008e000   00001000  00000000  00001000  RWIX
  FLASH_BANK0_SEC15     0008f000   00001000  00000000  00001000  RWIX
  FLASH_BANK1_SEC0      00090000   00001000  00000000  00001000  RWIX
  FLASH_BANK1_SEC1      00091000   00001000  00000000  00001000  RWIX
  FLASH_BANK1_SEC2      00092000   00001000  00000000  00001000  RWIX
  FLASH_BANK1_SEC3      00093000   00001000  00000000  00001000  RWIX
  FLASH_BANK1_SEC4      00094000   00001000  00000000  00001000  RWIX
  FLASH_BANK1_SEC5      00095000   00001000  00000000  00001000  RWIX
  FLASH_BANK1_SEC6      00096000   00001000  00000000  00001000  RWIX
  FLASH_BANK1_SEC7      00097000   00001000  00000000  00001000  RWIX
  FLASH_BANK1_SEC8      00098000   00001000  00000000  00001000  RWIX
  FLASH_BANK1_SEC9      00099000   00001000  00000000  00001000  RWIX
  FLASH_BANK1_SEC10     0009a000   00001000  00000000  00001000  RWIX
  FLASH_BANK1_SEC11     0009b000   00001000  00000000  00001000  RWIX
  FLASH_BANK1_SEC12     0009c000   00001000  00000000  00001000  RWIX
  FLASH_BANK1_SEC13     0009d000   00001000  00000000  00001000  RWIX
  FLASH_BANK1_SEC14     0009e000   00001000  00000000  00001000  RWIX
  FLASH_BANK1_SEC15     0009f000   00001000  00000000  00001000  RWIX
  FLASH_BANK2_SEC0      000a0000   00001000  00000000  00001000  RWIX
  FLASH_BANK2_SEC1      000a1000   00001000  00000000  00001000  RWIX
  FLASH_BANK2_SEC2      000a2000   00001000  00000000  00001000  RWIX
  FLASH_BANK2_SEC3      000a3000   00001000  00000000  00001000  RWIX
  FLASH_BANK2_SEC4      000a4000   00001000  00000000  00001000  RWIX
  FLASH_BANK2_SEC5      000a5000   00001000  00000000  00001000  RWIX
  FLASH_BANK2_SEC6      000a6000   00001000  00000000  00001000  RWIX
  FLASH_BANK2_SEC7      000a7000   00001000  00000000  00001000  RWIX
  FLASH_BANK2_SEC8      000a8000   00001000  00000000  00001000  RWIX
  FLASH_BANK2_SEC9      000a9000   00001000  00000000  00001000  RWIX
  FLASH_BANK2_SEC10     000aa000   00001000  00000000  00001000  RWIX
  FLASH_BANK2_SEC11     000ab000   00001000  00000000  00001000  RWIX
  FLASH_BANK2_SEC12     000ac000   00001000  00000000  00001000  RWIX
  FLASH_BANK2_SEC13     000ad000   00001000  00000000  00001000  RWIX
  FLASH_BANK2_SEC14     000ae000   00001000  00000000  00001000  RWIX
  FLASH_BANK2_SEC15     000af000   00000ff0  00000000  00000ff0  RWIX
  SECURE_ROM            003f2000   00006000  00000000  00006000  RWIX
  BOOTROM               003f8000   00007fc0  00000000  00007fc0  RWIX
  RESET                 003fffc0   00000002  00000000  00000002  RWIX


SECTION ALLOCATION MAP

 output                                  attributes/
section   page    origin      length       input sections
--------  ----  ----------  ----------   ----------------
codestart 
*          0    00000000    00000002     
                  00000000    00000002     f28003x_codestartbranch.obj (codestart)

.TI.ramfunc 
*          0    00000128    00000004     
                  00000128    00000004     driverlib.lib : sysctl.obj (.TI.ramfunc)

.cinit     0    0000012c    00000020     
                  0000012c    0000000c     (.cinit..data.load) [load image, compression = lzss]
                  00000138    00000006     (__TI_handler_table)
                  0000013e    00000004     (.cinit..bss.load) [load image, compression = zero_init]
                  00000142    00000002     --HOLE-- [fill = 0]
                  00000144    00000008     (__TI_cinit_table)

.reset     0    003fffc0    00000000     DSECT

.stack     0    00000400    00000200     UNINITIALIZED
                  00000400    00000200     --HOLE--

.bss       0    0000a800    00000101     UNINITIALIZED
                  0000a800    00000100     empty_driverlib_main.obj (.bss:myADC0Results)
                  0000a900    00000001     empty_driverlib_main.obj (.bss)

.init_array 
*          0    00000128    00000000     UNINITIALIZED

.data      0    0000a902    0000000e     UNINITIALIZED
                  0000a902    00000006     rts2800_fpu32_eabi.lib : exit.c.obj (.data)
                  0000a908    00000003     empty_driverlib_main.obj (.data)
                  0000a90b    00000001     --HOLE--
                  0000a90c    00000002     rts2800_fpu32_eabi.lib : _lock.c.obj (.data:_lock)
                  0000a90e    00000002                            : _lock.c.obj (.data:_unlock)

.const     0    0000a910    0000036b     
                  0000a910    00000114     board.obj (.const:.string)
                  0000aa24    000000cc     empty_driverlib_main.obj (.const:.string)
                  0000aaf0    0000009a     driverlib.lib : sysctl.obj (.const:.string)
                  0000ab8a    00000098                   : gpio.obj (.const:.string)
                  0000ac22    00000059     device.obj (.const:.string)

.text.1    0    00008000    00000800     
                  00008000    000001a5     board.obj (.text:EPWM_init)
                  000081a5    00000123     driverlib.lib : sysctl.obj (.text:SysCtl_setClock)
                  000082c8    000000fe                   : sysctl.obj (.text:SysCtl_isPLLValid)
                  000083c6    000000ce     device.obj (.text:Device_enableAllPeripherals)
                  00008494    00000088     rts2800_fpu32_eabi.lib : fs_div28.asm.obj (.text)
                  0000851c    00000075     board.obj (.text:EPWM_setADCTriggerSource)
                  00008591    00000073     driverlib.lib : sysctl.obj (.text:DCC_setCounterSeeds)
                  00008604    0000006c     board.obj (.text:PinMux_init)
                  00008670    0000006a     driverlib.lib : gpio.obj (.text:GPIO_setAnalogMode)
                  000086da    00000065                   : sysctl.obj (.text:SysCtl_getClock)
                  0000873f    00000055     empty_driverlib_main.obj (.text:INT_myADC0_1_ISR)
                  00008794    00000052     driverlib.lib : gpio.obj (.text:GPIO_setPadConfig)
                  000087e6    0000001a     empty_driverlib_main.obj (.text:ADC_readResult)

.text.2    0    00008800    00000800     
                  00008800    00000049     driverlib.lib : sysctl.obj (.text:SysCtl_selectOscSource)
                  00008849    00000047     board.obj (.text:myADC0_init)
                  00008890    00000040     board.obj (.text:EPWM_setActionQualifierAction)
                  000088d0    0000003e     device.obj (.text:Device_init)
                  0000890e    0000003e     board.obj (.text:EPWM_setCounterCompareShadowLoadMode)
                  0000894c    0000003d     driverlib.lib : interrupt.obj (.text:Interrupt_initModule)
                  00008989    0000003a     board.obj (.text:EPWM_setADCTriggerEventPrescale)
                  000089c3    00000037     driverlib.lib : gpio.obj (.text:GPIO_setControllerCore)
                  000089fa    00000037                   : gpio.obj (.text:GPIO_setPinConfig)
                  00008a31    00000037                   : gpio.obj (.text:GPIO_setQualificationMode)
                  00008a68    00000037                   : interrupt.obj (.text:Interrupt_enable)
                  00008a9f    00000037     empty_driverlib_main.obj (.text:main)
                  00008ad6    00000036     board.obj (.text:ADC_setupSOC)
                  00008b0c    00000031     driverlib.lib : gpio.obj (.text:GPIO_setDirectionMode)
                  00008b3d    0000002f     board.obj (.text:ADC_setInterruptSource)
                  00008b6c    0000002e     board.obj (.text:ADC_setInterruptSOCTrigger)
                  00008b9a    0000002e     rts2800_fpu32_eabi.lib : copy_decompress_lzss.c.obj (.text:decompress:lzss)
                  00008bc8    0000002c     board.obj (.text:EPWM_setDeadBandDelayMode)
                  00008bf4    0000002b     board.obj (.text:EPWM_isBaseValid)
                  00008c1f    0000002b     empty_driverlib_main.obj (.text:EPWM_isBaseValid)
                  00008c4a    0000002b     driverlib.lib : sysctl.obj (.text:SysCtl_selectXTAL)
                  00008c75    0000002b     rts2800_fpu32_eabi.lib : autoinit.c.obj (.text:__TI_auto_init_nobinit_nopinit)
                  00008ca0    00000029                            : exit.c.obj (.text)
                  00008cc9    00000028     driverlib.lib : adc.obj (.text:ADC_setOffsetTrimAll)
                  00008cf1    00000028     board.obj (.text:EPWM_setGlobalLoadEventPrescale)
                  00008d19    00000027     board.obj (.text:GPIO_writePin)
                  00008d40    00000024     driverlib.lib : sysctl.obj (.text:DCC_enableSingleShotMode)
                  00008d64    00000024     board.obj (.text:EPWM_setDeadBandDelayPolarity)
                  00008d88    00000023     driverlib.lib : sysctl.obj (.text:SysCtl_pollX1Counter)
                  00008dab    00000022     board.obj (.text:EPWM_setCounterCompareValue)
                  00008dcd    00000022     empty_driverlib_main.obj (.text:EPWM_setCounterCompareValue)
                  00008def    00000022     board.obj (.text:EPWM_setupEPWMLinks)
                  00008e11    00000021     board.obj (.text:ADC_disableContinuousMode)
                  00008e32    00000020     board.obj (.text:ADC_enableInterrupt)
                  00008e52    0000001f     empty_driverlib_main.obj (.text:GPIO_togglePin)
                  00008e71    0000001e     driverlib.lib : sysctl.obj (.text:DCC_setCounter0ClkSource)
                  00008e8f    0000001e                   : sysctl.obj (.text:DCC_setCounter1ClkSource)
                  00008ead    0000001e     board.obj (.text:EPWM_setPhaseShift)
                  00008ecb    0000001e     driverlib.lib : interrupt.obj (.text:Interrupt_initVectorTable)
                  00008ee9    0000001d     empty_driverlib_main.obj (.text:ADC_getInterruptOverflowStatus)
                  00008f06    0000001d     board.obj (.text:EPWM_enableSyncOutPulseSource)
                  00008f23    0000001d     board.obj (.text:EPWM_setDeadBandCounterClock)
                  00008f40    0000001d     board.obj (.text:EPWM_setFallingEdgeDelayCount)
                  00008f5d    0000001d     board.obj (.text:EPWM_setRisingEdgeDelayCount)
                  00008f7a    0000001d     rts2800_fpu32_eabi.lib : memcpy.c.obj (.text)
                  00008f97    0000001c     board.obj (.text:ADC_setSOCPriority)
                  00008fb3    0000001c     board.obj (.text:EPWM_enableADCTrigger)
                  00008fcf    0000001c     board.obj (.text:EPWM_setClockPrescaler)
                  00008feb    00000015     board.obj (.text:ADC_disableBurstMode)

.text.3    0    00009000    0000043d     
                  00009000    0000001a     driverlib.lib : sysctl.obj (.text:SysCtl_getLowSpeedClock)
                  0000901a    0000001a                   : sysctl.obj (.text:SysCtl_selectXTALSingleEnded)
                  00009034    00000019     board.obj (.text:ASysCtl_setAnalogReference2P5)
                  0000904d    00000019     board.obj (.text:LED_onboard_G_init)
                  00009066    00000019     board.obj (.text:LED_onboard_R_init)
                  0000907f    00000018     board.obj (.text:ASysCtl_setAnalogReferenceInternal)
                  00009097    00000018     empty_driverlib_main.obj (.text:SysCtl_disablePeripheral)
                  000090af    00000017     board.obj (.text:ADC_isBaseValid)
                  000090c6    00000017     empty_driverlib_main.obj (.text:ADC_isBaseValid)
                  000090dd    00000017     device.obj (.text:SysCtl_enablePeripheral)
                  000090f4    00000017     driverlib.lib : sysctl.obj (.text:SysCtl_enablePeripheral)
                  0000910b    00000017     empty_driverlib_main.obj (.text:SysCtl_enablePeripheral)
                  00009122    00000017     rts2800_fpu32_eabi.lib : boot28.asm.obj (.text)
                  00009139    00000016     board.obj (.text:ADC_setInterruptPulseMode)
                  0000914f    00000016     board.obj (.text:ADC_setPrescaler)
                  00009165    00000016     driverlib.lib : sysctl.obj (.text:DCC_disableDoneSignal)
                  0000917b    00000015                   : sysctl.obj (.text:DCC_clearDoneFlag)
                  00009190    00000015                   : sysctl.obj (.text:DCC_clearErrorFlag)
                  000091a5    00000015                   : sysctl.obj (.text:DCC_disableErrorSignal)
                  000091ba    00000015                   : sysctl.obj (.text:DCC_isBaseValid)
                  000091cf    00000015     board.obj (.text:EPWM_enableGlobalLoad)
                  000091e4    00000015     device.obj (.text:GPIO_unlockPortConfig)
                  000091f9    00000014     empty_driverlib_main.obj (.text:ADC_clearInterruptOverflowStatus)
                  0000920d    00000014     board.obj (.text:ADC_clearInterruptStatus)
                  00009221    00000014     empty_driverlib_main.obj (.text:ADC_clearInterruptStatus)
                  00009235    00000014     driverlib.lib : sysctl.obj (.text:DCC_disableModule)
                  00009249    00000014                   : sysctl.obj (.text:DCC_enableModule)
                  0000925d    00000014     board.obj (.text:EPWM_setTimeBaseCounterMode)
                  00009271    00000014     board.obj (.text:EPWM_setTimeBasePeriod)
                  00009285    00000014     empty_driverlib_main.obj (.text:EPWM_setTimeBasePeriod)
                  00009299    00000014     board.obj (.text:GPIO_isPinValid)
                  000092ad    00000014     driverlib.lib : gpio.obj (.text:GPIO_isPinValid)
                  000092c1    00000014     empty_driverlib_main.obj (.text:GPIO_isPinValid)
                  000092d5    00000014     driverlib.lib : sysctl.obj (.text:SysCtl_setPLLSysClk)
                  000092e9    00000013     board.obj (.text:ADC_enableConverter)
                  000092fc    00000012     board.obj (.text:EPWM_setTimeBaseCounter)
                  0000930e    00000012     board.obj (.text:SysCtl_setSyncOutputConfig)
                  00009320    00000011     board.obj (.text:Board_init)
                  00009331    00000011     board.obj (.text:EPWM_disablePhaseShiftLoad)
                  00009342    00000010     device.obj (.text:Device_initGPIO)
                  00009352    0000000f     board.obj (.text:Interrupt_register)
                  00009361    0000000e     driverlib.lib : interrupt.obj (.text:Interrupt_defaultHandler)
                  0000936f    0000000d     board.obj (.text:INTERRUPT_init)
                  0000937c    0000000d     driverlib.lib : interrupt.obj (.text:Interrupt_disableGlobal)
                  00009389    0000000d                   : interrupt.obj (.text:Interrupt_enableGlobal)
                  00009396    0000000d     device.obj (.text:SysCtl_setLowSpeedClock)
                  000093a3    0000000d     rts2800_fpu32_eabi.lib : copy_zero_init.c.obj (.text:decompress:ZI:__TI_zero_init_nomemset)
                  000093b0    0000000c     board.obj (.text:SysCtl_enableExtADCSOCSource)
                  000093bc    0000000c     rts2800_fpu32_eabi.lib : args_main.c.obj (.text)
                  000093c8    0000000b     driverlib.lib : sysctl.obj (.text:SysCtl_isMCDClockFailureDetected)
                  000093d3    0000000a     board.obj (.text:SYNC_init)
                  000093dd    00000009     board.obj (.text:ASYSCTL_init)
                  000093e6    00000009     rts2800_fpu32_eabi.lib : _lock.c.obj (.text)
                  000093ef    00000008     device.obj (.text:SysCtl_disableWatchdog)
                  000093f7    00000008     rts2800_fpu32_eabi.lib : copy_decompress_none.c.obj (.text:decompress:none)
                  000093ff    00000008     f28003x_codestartbranch.obj (.text)
                  00009407    00000007     board.obj (.text:ASysCtl_disableTemperatureSensor)
                  0000940e    00000007     device.obj (.text:ASysCtl_lockVREG)
                  00009415    00000007     driverlib.lib : sysctl.obj (.text:SysCtl_resetMCD)
                  0000941c    00000007     device.obj (.text:__error__)
                  00009423    00000006     empty_driverlib_main.obj (.text:Interrupt_clearACKGroup)
                  00009429    00000005     board.obj (.text:GPIO_init)
                  0000942e    00000004     device.obj (.text:SysCtl_deviceCal)
                  00009432    00000003     board.obj (.text:ADC_init)
                  00009435    00000002     driverlib.lib : interrupt.obj (.text:Interrupt_illegalOperationHandler)
                  00009437    00000002                   : interrupt.obj (.text:Interrupt_nmiHandler)
                  00009439    00000002     rts2800_fpu32_eabi.lib : pre_init.c.obj (.text)
                  0000943b    00000001     c2000ware_libraries.obj (.text:C2000Ware_libraries_init)
                  0000943c    00000001     rts2800_fpu32_eabi.lib : startup.c.obj (.text)

MODULE SUMMARY

       Module                        code   ro data   rw data
       ------                        ----   -------   -------
    .\
       empty_driverlib_main.obj      459    204       260    
    +--+-----------------------------+------+---------+---------+
       Total:                        459    204       260    
                                                             
    .\device\
       device.obj                    367    89        0      
       f28003x_codestartbranch.obj   10     0         0      
    +--+-----------------------------+------+---------+---------+
       Total:                        377    89        0      
                                                             
    .\syscfg\
       board.obj                     2064   276       0      
       c2000ware_libraries.obj       1      0         0      
    +--+-----------------------------+------+---------+---------+
       Total:                        2065   276       0      
                                                             
    D:/ti/c2000/C2000Ware_4_03_00_00/driverlib/f28003x/driverlib/ccs/Debug/driverlib.lib
       sysctl.obj                    1271   154       0      
       gpio.obj                      422    152       0      
       interrupt.obj                 190    0         0      
       adc.obj                       40     0         0      
    +--+-----------------------------+------+---------+---------+
       Total:                        1923   306       0      
                                                             
    D:\ti\ccs1230\ccs\tools\compiler\ti-cgt-c2000_22.6.0.LTS\lib\rts2800_fpu32_eabi.lib
       fs_div28.asm.obj              136    0         0      
       exit.c.obj                    41     0         6      
       copy_decompress_lzss.c.obj    46     0         0      
       autoinit.c.obj                43     0         0      
       memcpy.c.obj                  29     0         0      
       boot28.asm.obj                23     0         0      
       _lock.c.obj                   9      0         4      
       copy_zero_init.c.obj          13     0         0      
       args_main.c.obj               12     0         0      
       copy_decompress_none.c.obj    8      0         0      
       pre_init.c.obj                2      0         0      
       startup.c.obj                 1      0         0      
    +--+-----------------------------+------+---------+---------+
       Total:                        363    0         10     
                                                             
       Stack:                        0      0         512    
       Linker Generated:             0      30        0      
    +--+-----------------------------+------+---------+---------+
       Grand Total:                  5187   905       782    


LINKER GENERATED COPY TABLES

__TI_cinit_table @ 00000144 records: 2, size/record: 4, table size: 8
	.data: load addr=0000012c, load size=0000000c bytes, run addr=0000a902, run size=0000000e bytes, compression=lzss
	.bss: load addr=0000013e, load size=00000004 bytes, run addr=0000a800, run size=00000101 bytes, compression=zero_init


LINKER GENERATED HANDLER TABLE

__TI_handler_table @ 00000138 records: 3, size/record: 2, table size: 6
	index: 0, handler: __TI_zero_init
	index: 1, handler: __TI_decompress_lzss
	index: 2, handler: __TI_decompress_none


GLOBAL DATA SYMBOLS: SORTED BY DATA PAGE

address     data page           name
--------    ----------------    ----
00000400      10 (00000400)     __stack

0000a800     2a0 (0000a800)     myADC0Results

0000a900     2a4 (0000a900)     index
0000a902     2a4 (0000a900)     __TI_enable_exit_profile_output
0000a904     2a4 (0000a900)     __TI_cleanup_ptr
0000a906     2a4 (0000a900)     __TI_dtors_ptr
0000a908     2a4 (0000a900)     a
0000a909     2a4 (0000a900)     b
0000a90a     2a4 (0000a900)     c
0000a90c     2a4 (0000a900)     _lock
0000a90e     2a4 (0000a900)     _unlock


GLOBAL SYMBOLS: SORTED ALPHABETICALLY BY Name 

page  address   name                           
----  -------   ----                           
0     00009432  ADC_init                       
0     00008cc9  ADC_setOffsetTrimAll           
0     000093dd  ASYSCTL_init                   
0     00009320  Board_init                     
0     00008ca0  C$$EXIT                        
0     0000943b  C2000Ware_libraries_init       
0     000083c6  Device_enableAllPeripherals    
0     000088d0  Device_init                    
0     00009342  Device_initGPIO                
0     00008000  EPWM_init                      
0     00009429  GPIO_init                      
0     00008670  GPIO_setAnalogMode             
0     000089c3  GPIO_setControllerCore         
0     00008b0c  GPIO_setDirectionMode          
0     00008794  GPIO_setPadConfig              
0     000089fa  GPIO_setPinConfig              
0     00008a31  GPIO_setQualificationMode      
0     0000936f  INTERRUPT_init                 
0     0000873f  INT_myADC0_1_ISR               
0     00008a68  Interrupt_enable               
0     0000894c  Interrupt_initModule           
0     00008ecb  Interrupt_initVectorTable      
0     0000904d  LED_onboard_G_init             
0     00009066  LED_onboard_R_init             
0     00008604  PinMux_init                    
0     000093d3  SYNC_init                      
0     00000128  SysCtl_delay                   
0     000086da  SysCtl_getClock                
0     00009000  SysCtl_getLowSpeedClock        
0     000082c8  SysCtl_isPLLValid              
0     00008800  SysCtl_selectOscSource         
0     00008c4a  SysCtl_selectXTAL              
0     0000901a  SysCtl_selectXTALSingleEnded   
0     000081a5  SysCtl_setClock                
0     00000144  __TI_CINIT_Base                
0     0000014c  __TI_CINIT_Limit               
0     0000014c  __TI_CINIT_Warm                
0     00000138  __TI_Handler_Table_Base        
0     0000013e  __TI_Handler_Table_Limit       
0     00000600  __TI_STACK_END                 
abs   00000200  __TI_STACK_SIZE                
0     00008c75  __TI_auto_init_nobinit_nopinit 
0     0000a904  __TI_cleanup_ptr               
0     00008b9a  __TI_decompress_lzss           
0     000093f7  __TI_decompress_none           
0     0000a906  __TI_dtors_ptr                 
0     0000a902  __TI_enable_exit_profile_output
abs   ffffffff  __TI_pprof_out_hndl            
abs   ffffffff  __TI_prof_data_size            
abs   ffffffff  __TI_prof_data_start           
0     000093a3  __TI_zero_init_nomemset        
0     00008494  __c28xabi_divf                 
n/a   UNDEFED   __c_args__                     
0     0000941c  __error__                      
0     00000400  __stack                        
0     000093bc  _args_main                     
0     00009122  _c_int00                       
0     0000a90c  _lock                          
0     000093ee  _nop                           
0     000093ea  _register_lock                 
0     000093e6  _register_unlock               
0     0000943c  _system_post_cinit             
0     00009439  _system_pre_init               
0     0000a90e  _unlock                        
0     0000a908  a                              
0     00008ca0  abort                          
0     0000a909  b                              
0     0000a90a  c                              
0     00000000  code_start                     
0     00008ca2  exit                           
0     0000a900  index                          
0     00008a9f  main                           
0     00008f7a  memcpy                         
0     0000a800  myADC0Results                  
0     00008849  myADC0_init                    


GLOBAL SYMBOLS: SORTED BY Symbol Address 

page  address   name                           
----  -------   ----                           
0     00000000  code_start                     
0     00000128  SysCtl_delay                   
0     00000138  __TI_Handler_Table_Base        
0     0000013e  __TI_Handler_Table_Limit       
0     00000144  __TI_CINIT_Base                
0     0000014c  __TI_CINIT_Limit               
0     0000014c  __TI_CINIT_Warm                
0     00000400  __stack                        
0     00000600  __TI_STACK_END                 
0     00008000  EPWM_init                      
0     000081a5  SysCtl_setClock                
0     000082c8  SysCtl_isPLLValid              
0     000083c6  Device_enableAllPeripherals    
0     00008494  __c28xabi_divf                 
0     00008604  PinMux_init                    
0     00008670  GPIO_setAnalogMode             
0     000086da  SysCtl_getClock                
0     0000873f  INT_myADC0_1_ISR               
0     00008794  GPIO_setPadConfig              
0     00008800  SysCtl_selectOscSource         
0     00008849  myADC0_init                    
0     000088d0  Device_init                    
0     0000894c  Interrupt_initModule           
0     000089c3  GPIO_setControllerCore         
0     000089fa  GPIO_setPinConfig              
0     00008a31  GPIO_setQualificationMode      
0     00008a68  Interrupt_enable               
0     00008a9f  main                           
0     00008b0c  GPIO_setDirectionMode          
0     00008b9a  __TI_decompress_lzss           
0     00008c4a  SysCtl_selectXTAL              
0     00008c75  __TI_auto_init_nobinit_nopinit 
0     00008ca0  C$$EXIT                        
0     00008ca0  abort                          
0     00008ca2  exit                           
0     00008cc9  ADC_setOffsetTrimAll           
0     00008ecb  Interrupt_initVectorTable      
0     00008f7a  memcpy                         
0     00009000  SysCtl_getLowSpeedClock        
0     0000901a  SysCtl_selectXTALSingleEnded   
0     0000904d  LED_onboard_G_init             
0     00009066  LED_onboard_R_init             
0     00009122  _c_int00                       
0     00009320  Board_init                     
0     00009342  Device_initGPIO                
0     0000936f  INTERRUPT_init                 
0     000093a3  __TI_zero_init_nomemset        
0     000093bc  _args_main                     
0     000093d3  SYNC_init                      
0     000093dd  ASYSCTL_init                   
0     000093e6  _register_unlock               
0     000093ea  _register_lock                 
0     000093ee  _nop                           
0     000093f7  __TI_decompress_none           
0     0000941c  __error__                      
0     00009429  GPIO_init                      
0     00009432  ADC_init                       
0     00009439  _system_pre_init               
0     0000943b  C2000Ware_libraries_init       
0     0000943c  _system_post_cinit             
0     0000a800  myADC0Results                  
0     0000a900  index                          
0     0000a902  __TI_enable_exit_profile_output
0     0000a904  __TI_cleanup_ptr               
0     0000a906  __TI_dtors_ptr                 
0     0000a908  a                              
0     0000a909  b                              
0     0000a90a  c                              
0     0000a90c  _lock                          
0     0000a90e  _unlock                        
abs   00000200  __TI_STACK_SIZE                
abs   ffffffff  __TI_pprof_out_hndl            
abs   ffffffff  __TI_prof_data_size            
abs   ffffffff  __TI_prof_data_start           
n/a   UNDEFED   __c_args__                     

[75 symbols]
