<?xml version="1.0" encoding="ISO-8859-1" ?>
<link_info>
   <banner>TMS320C2000 Linker PC v22.6.0.LTS</banner>
   <copyright>Copyright (c) 1996-2018 Texas Instruments Incorporated</copyright>
   <link_time>0x64c26561</link_time>
   <link_errors>0x1</link_errors>
   <output_file>my_driverlib_SPLL_PFC_2023_7_27_1.out</output_file>
   <entry_point>
      <name>code_start</name>
      <address>0x0</address>
   </entry_point>
   <input_file_list>
      <input_file id="fl-2">
         <path>.\syscfg\</path>
         <kind>object</kind>
         <file>board.obj</file>
         <name>board.obj</name>
      </input_file>
      <input_file id="fl-3">
         <path>.\syscfg\</path>
         <kind>object</kind>
         <file>c2000ware_libraries.obj</file>
         <name>c2000ware_libraries.obj</name>
      </input_file>
      <input_file id="fl-4">
         <path>.\</path>
         <kind>object</kind>
         <file>pfc_hal.obj</file>
         <name>pfc_hal.obj</name>
      </input_file>
      <input_file id="fl-5">
         <path>.\</path>
         <kind>object</kind>
         <file>spll_pfc_main.obj</file>
         <name>spll_pfc_main.obj</name>
      </input_file>
      <input_file id="fl-6">
         <path>.\</path>
         <kind>object</kind>
         <file>spll_sogi.obj</file>
         <name>spll_sogi.obj</name>
      </input_file>
      <input_file id="fl-7">
         <path>.\bsp\</path>
         <kind>object</kind>
         <file>bsp_debugSCI.obj</file>
         <name>bsp_debugSCI.obj</name>
      </input_file>
      <input_file id="fl-8">
         <path>.\bsp\</path>
         <kind>object</kind>
         <file>launchxl_sci_io_driverlib.obj</file>
         <name>launchxl_sci_io_driverlib.obj</name>
      </input_file>
      <input_file id="fl-9">
         <path>.\device\</path>
         <kind>object</kind>
         <file>device.obj</file>
         <name>device.obj</name>
      </input_file>
      <input_file id="fl-a">
         <path>.\device\</path>
         <kind>object</kind>
         <file>f28003x_codestartbranch.obj</file>
         <name>f28003x_codestartbranch.obj</name>
      </input_file>
      <input_file id="fl-15">
         <kind>object</kind>
         <file>&lt;internal&gt;</file>
         <name>&lt;internal&gt;</name>
      </input_file>
      <input_file id="fl-16">
         <path>D:\Program\ti\ccs1220\C2000Ware_4_03_00_00\driverlib\f28003x\driverlib\ccs\Debug\</path>
         <kind>archive</kind>
         <file>driverlib.lib</file>
         <name>adc.obj</name>
      </input_file>
      <input_file id="fl-17">
         <path>D:\Program\ti\ccs1220\C2000Ware_4_03_00_00\driverlib\f28003x\driverlib\ccs\Debug\</path>
         <kind>archive</kind>
         <file>driverlib.lib</file>
         <name>dcc.obj</name>
      </input_file>
      <input_file id="fl-18">
         <path>D:\Program\ti\ccs1220\C2000Ware_4_03_00_00\driverlib\f28003x\driverlib\ccs\Debug\</path>
         <kind>archive</kind>
         <file>driverlib.lib</file>
         <name>gpio.obj</name>
      </input_file>
      <input_file id="fl-19">
         <path>D:\Program\ti\ccs1220\C2000Ware_4_03_00_00\driverlib\f28003x\driverlib\ccs\Debug\</path>
         <kind>archive</kind>
         <file>driverlib.lib</file>
         <name>interrupt.obj</name>
      </input_file>
      <input_file id="fl-1a">
         <path>D:\Program\ti\ccs1220\C2000Ware_4_03_00_00\driverlib\f28003x\driverlib\ccs\Debug\</path>
         <kind>archive</kind>
         <file>driverlib.lib</file>
         <name>sci.obj</name>
      </input_file>
      <input_file id="fl-1b">
         <path>D:\Program\ti\ccs1220\C2000Ware_4_03_00_00\driverlib\f28003x\driverlib\ccs\Debug\</path>
         <kind>archive</kind>
         <file>driverlib.lib</file>
         <name>sysctl.obj</name>
      </input_file>
      <input_file id="fl-1c">
         <path>..\</path>
         <kind>archive</kind>
         <file>rts2800_fpu32_eabi.lib</file>
         <name>printf.c.obj</name>
      </input_file>
      <input_file id="fl-1d">
         <path>..\</path>
         <kind>archive</kind>
         <file>rts2800_fpu32_eabi.lib</file>
         <name>_printfi.c.obj</name>
      </input_file>
      <input_file id="fl-1e">
         <path>..\</path>
         <kind>archive</kind>
         <file>rts2800_fpu32_eabi.lib</file>
         <name>fopen.c.obj</name>
      </input_file>
      <input_file id="fl-1f">
         <path>..\</path>
         <kind>archive</kind>
         <file>rts2800_fpu32_eabi.lib</file>
         <name>fputc.c.obj</name>
      </input_file>
      <input_file id="fl-20">
         <path>..\</path>
         <kind>archive</kind>
         <file>rts2800_fpu32_eabi.lib</file>
         <name>fputs.c.obj</name>
      </input_file>
      <input_file id="fl-21">
         <path>..\</path>
         <kind>archive</kind>
         <file>rts2800_fpu32_eabi.lib</file>
         <name>_io_perm.c.obj</name>
      </input_file>
      <input_file id="fl-22">
         <path>..\</path>
         <kind>archive</kind>
         <file>rts2800_fpu32_eabi.lib</file>
         <name>setvbuf.c.obj</name>
      </input_file>
      <input_file id="fl-23">
         <path>..\</path>
         <kind>archive</kind>
         <file>rts2800_fpu32_eabi.lib</file>
         <name>boot28.asm.obj</name>
      </input_file>
      <input_file id="fl-24">
         <path>..\</path>
         <kind>archive</kind>
         <file>rts2800_fpu32_eabi.lib</file>
         <name>fd_cmp28.asm.obj</name>
      </input_file>
      <input_file id="fl-25">
         <path>..\</path>
         <kind>archive</kind>
         <file>rts2800_fpu32_eabi.lib</file>
         <name>fd_mpy28.asm.obj</name>
      </input_file>
      <input_file id="fl-26">
         <path>..\</path>
         <kind>archive</kind>
         <file>rts2800_fpu32_eabi.lib</file>
         <name>fd_neg28.asm.obj</name>
      </input_file>
      <input_file id="fl-27">
         <path>..\</path>
         <kind>archive</kind>
         <file>rts2800_fpu32_eabi.lib</file>
         <name>fd_sub28.asm.obj</name>
      </input_file>
      <input_file id="fl-28">
         <path>..\</path>
         <kind>archive</kind>
         <file>rts2800_fpu32_eabi.lib</file>
         <name>fd_toi28.asm.obj</name>
      </input_file>
      <input_file id="fl-29">
         <path>..\</path>
         <kind>archive</kind>
         <file>rts2800_fpu32_eabi.lib</file>
         <name>fd_tol28.asm.obj</name>
      </input_file>
      <input_file id="fl-2a">
         <path>..\</path>
         <kind>archive</kind>
         <file>rts2800_fpu32_eabi.lib</file>
         <name>fs_div28.asm.obj</name>
      </input_file>
      <input_file id="fl-2b">
         <path>..\</path>
         <kind>archive</kind>
         <file>rts2800_fpu32_eabi.lib</file>
         <name>ll_aox28.asm.obj</name>
      </input_file>
      <input_file id="fl-2c">
         <path>..\</path>
         <kind>archive</kind>
         <file>rts2800_fpu32_eabi.lib</file>
         <name>ll_cmp28.asm.obj</name>
      </input_file>
      <input_file id="fl-2d">
         <path>..\</path>
         <kind>archive</kind>
         <file>rts2800_fpu32_eabi.lib</file>
         <name>ll_div28.asm.obj</name>
      </input_file>
      <input_file id="fl-2e">
         <path>..\</path>
         <kind>archive</kind>
         <file>rts2800_fpu32_eabi.lib</file>
         <name>i_tofd28.asm.obj</name>
      </input_file>
      <input_file id="fl-2f">
         <path>..\</path>
         <kind>archive</kind>
         <file>rts2800_fpu32_eabi.lib</file>
         <name>l_tofd28.asm.obj</name>
      </input_file>
      <input_file id="fl-30">
         <path>..\</path>
         <kind>archive</kind>
         <file>rts2800_fpu32_eabi.lib</file>
         <name>fs_tofdfpu32.asm.obj</name>
      </input_file>
      <input_file id="fl-31">
         <path>..\</path>
         <kind>archive</kind>
         <file>rts2800_fpu32_eabi.lib</file>
         <name>fd_div28.asm.obj</name>
      </input_file>
      <input_file id="fl-32">
         <path>..\</path>
         <kind>archive</kind>
         <file>rts2800_fpu32_eabi.lib</file>
         <name>memcpy.c.obj</name>
      </input_file>
      <input_file id="fl-33">
         <path>..\</path>
         <kind>archive</kind>
         <file>rts2800_fpu32_eabi.lib</file>
         <name>pre_init.c.obj</name>
      </input_file>
      <input_file id="fl-34">
         <path>..\</path>
         <kind>archive</kind>
         <file>rts2800_fpu32_eabi.lib</file>
         <name>autoinit.c.obj</name>
      </input_file>
      <input_file id="fl-35">
         <path>..\</path>
         <kind>archive</kind>
         <file>rts2800_fpu32_eabi.lib</file>
         <name>copy_zero_init.c.obj</name>
      </input_file>
      <input_file id="fl-36">
         <path>..\</path>
         <kind>archive</kind>
         <file>rts2800_fpu32_eabi.lib</file>
         <name>copy_decompress_none.c.obj</name>
      </input_file>
      <input_file id="fl-37">
         <path>..\</path>
         <kind>archive</kind>
         <file>rts2800_fpu32_eabi.lib</file>
         <name>copy_decompress_lzss.c.obj</name>
      </input_file>
      <input_file id="fl-38">
         <path>..\</path>
         <kind>archive</kind>
         <file>rts2800_fpu32_eabi.lib</file>
         <name>exit.c.obj</name>
      </input_file>
      <input_file id="fl-39">
         <path>..\</path>
         <kind>archive</kind>
         <file>rts2800_fpu32_eabi.lib</file>
         <name>_lock.c.obj</name>
      </input_file>
      <input_file id="fl-3a">
         <path>..\</path>
         <kind>archive</kind>
         <file>rts2800_fpu32_eabi.lib</file>
         <name>_ltoa.c.obj</name>
      </input_file>
      <input_file id="fl-3b">
         <path>..\</path>
         <kind>archive</kind>
         <file>rts2800_fpu32_eabi.lib</file>
         <name>args_main.c.obj</name>
      </input_file>
      <input_file id="fl-3c">
         <path>..\</path>
         <kind>archive</kind>
         <file>rts2800_fpu32_eabi.lib</file>
         <name>atoi.c.obj</name>
      </input_file>
      <input_file id="fl-3d">
         <path>..\</path>
         <kind>archive</kind>
         <file>rts2800_fpu32_eabi.lib</file>
         <name>ctype.c.obj</name>
      </input_file>
      <input_file id="fl-3e">
         <path>..\</path>
         <kind>archive</kind>
         <file>rts2800_fpu32_eabi.lib</file>
         <name>defs.c.obj</name>
      </input_file>
      <input_file id="fl-3f">
         <path>..\</path>
         <kind>archive</kind>
         <file>rts2800_fpu32_eabi.lib</file>
         <name>memccpy.c.obj</name>
      </input_file>
      <input_file id="fl-40">
         <path>..\</path>
         <kind>archive</kind>
         <file>rts2800_fpu32_eabi.lib</file>
         <name>memchr.c.obj</name>
      </input_file>
      <input_file id="fl-41">
         <path>..\</path>
         <kind>archive</kind>
         <file>rts2800_fpu32_eabi.lib</file>
         <name>memory.c.obj</name>
      </input_file>
      <input_file id="fl-42">
         <path>..\</path>
         <kind>archive</kind>
         <file>rts2800_fpu32_eabi.lib</file>
         <name>memset.c.obj</name>
      </input_file>
      <input_file id="fl-43">
         <path>..\</path>
         <kind>archive</kind>
         <file>rts2800_fpu32_eabi.lib</file>
         <name>strchr.c.obj</name>
      </input_file>
      <input_file id="fl-44">
         <path>..\</path>
         <kind>archive</kind>
         <file>rts2800_fpu32_eabi.lib</file>
         <name>strcpy.c.obj</name>
      </input_file>
      <input_file id="fl-45">
         <path>..\</path>
         <kind>archive</kind>
         <file>rts2800_fpu32_eabi.lib</file>
         <name>strlen.c.obj</name>
      </input_file>
      <input_file id="fl-46">
         <path>..\</path>
         <kind>archive</kind>
         <file>rts2800_fpu32_eabi.lib</file>
         <name>errno.c.obj</name>
      </input_file>
      <input_file id="fl-47">
         <path>..\</path>
         <kind>archive</kind>
         <file>rts2800_fpu32_eabi.lib</file>
         <name>write.c.obj</name>
      </input_file>
      <input_file id="fl-48">
         <path>..\</path>
         <kind>archive</kind>
         <file>rts2800_fpu32_eabi.lib</file>
         <name>host_device.c.obj</name>
      </input_file>
      <input_file id="fl-49">
         <path>..\</path>
         <kind>archive</kind>
         <file>rts2800_fpu32_eabi.lib</file>
         <name>open.c.obj</name>
      </input_file>
      <input_file id="fl-4a">
         <path>..\</path>
         <kind>archive</kind>
         <file>rts2800_fpu32_eabi.lib</file>
         <name>add_device.c.obj</name>
      </input_file>
      <input_file id="fl-4b">
         <path>..\</path>
         <kind>archive</kind>
         <file>rts2800_fpu32_eabi.lib</file>
         <name>s_frexp.c.obj</name>
      </input_file>
      <input_file id="fl-4c">
         <path>..\</path>
         <kind>archive</kind>
         <file>rts2800_fpu32_eabi.lib</file>
         <name>s_scalbn.c.obj</name>
      </input_file>
      <input_file id="fl-4d">
         <path>..\</path>
         <kind>archive</kind>
         <file>rts2800_fpu32_eabi.lib</file>
         <name>s_copysign.c.obj</name>
      </input_file>
      <input_file id="fl-4e">
         <path>..\</path>
         <kind>archive</kind>
         <file>rts2800_fpu32_eabi.lib</file>
         <name>wcslen.c.obj</name>
      </input_file>
      <input_file id="fl-4f">
         <path>..\</path>
         <kind>archive</kind>
         <file>rts2800_fpu32_eabi.lib</file>
         <name>fclose.c.obj</name>
      </input_file>
      <input_file id="fl-50">
         <path>..\</path>
         <kind>archive</kind>
         <file>rts2800_fpu32_eabi.lib</file>
         <name>fflush.c.obj</name>
      </input_file>
      <input_file id="fl-51">
         <path>..\</path>
         <kind>archive</kind>
         <file>rts2800_fpu32_eabi.lib</file>
         <name>fseek.c.obj</name>
      </input_file>
      <input_file id="fl-52">
         <path>..\</path>
         <kind>archive</kind>
         <file>rts2800_fpu32_eabi.lib</file>
         <name>getdevice.c.obj</name>
      </input_file>
      <input_file id="fl-53">
         <path>..\</path>
         <kind>archive</kind>
         <file>rts2800_fpu32_eabi.lib</file>
         <name>fd_add28.asm.obj</name>
      </input_file>
      <input_file id="fl-54">
         <path>..\</path>
         <kind>archive</kind>
         <file>rts2800_fpu32_eabi.lib</file>
         <name>l_div28.asm.obj</name>
      </input_file>
      <input_file id="fl-55">
         <path>..\</path>
         <kind>archive</kind>
         <file>rts2800_fpu32_eabi.lib</file>
         <name>cpy_tbl.c.obj</name>
      </input_file>
      <input_file id="fl-56">
         <path>..\</path>
         <kind>archive</kind>
         <file>rts2800_fpu32_eabi.lib</file>
         <name>startup.c.obj</name>
      </input_file>
      <input_file id="fl-57">
         <path>..\</path>
         <kind>archive</kind>
         <file>rts2800_fpu32_eabi.lib</file>
         <name>strcmp.c.obj</name>
      </input_file>
      <input_file id="fl-58">
         <path>..\</path>
         <kind>archive</kind>
         <file>rts2800_fpu32_eabi.lib</file>
         <name>strncpy.c.obj</name>
      </input_file>
      <input_file id="fl-59">
         <path>..\</path>
         <kind>archive</kind>
         <file>rts2800_fpu32_eabi.lib</file>
         <name>hostclose.c.obj</name>
      </input_file>
      <input_file id="fl-5a">
         <path>..\</path>
         <kind>archive</kind>
         <file>rts2800_fpu32_eabi.lib</file>
         <name>hostlseek.c.obj</name>
      </input_file>
      <input_file id="fl-5b">
         <path>..\</path>
         <kind>archive</kind>
         <file>rts2800_fpu32_eabi.lib</file>
         <name>hostopen.c.obj</name>
      </input_file>
      <input_file id="fl-5c">
         <path>..\</path>
         <kind>archive</kind>
         <file>rts2800_fpu32_eabi.lib</file>
         <name>hostread.c.obj</name>
      </input_file>
      <input_file id="fl-5d">
         <path>..\</path>
         <kind>archive</kind>
         <file>rts2800_fpu32_eabi.lib</file>
         <name>hostrename.c.obj</name>
      </input_file>
      <input_file id="fl-5e">
         <path>..\</path>
         <kind>archive</kind>
         <file>rts2800_fpu32_eabi.lib</file>
         <name>hostunlink.c.obj</name>
      </input_file>
      <input_file id="fl-5f">
         <path>..\</path>
         <kind>archive</kind>
         <file>rts2800_fpu32_eabi.lib</file>
         <name>hostwrite.c.obj</name>
      </input_file>
      <input_file id="fl-60">
         <path>..\</path>
         <kind>archive</kind>
         <file>rts2800_fpu32_eabi.lib</file>
         <name>trgmsg.c.obj</name>
      </input_file>
      <input_file id="fl-61">
         <path>..\</path>
         <kind>archive</kind>
         <file>rts2800_fpu32_eabi.lib</file>
         <name>remove.c.obj</name>
      </input_file>
      <input_file id="fl-62">
         <path>..\</path>
         <kind>archive</kind>
         <file>rts2800_fpu32_eabi.lib</file>
         <name>lseek.c.obj</name>
      </input_file>
      <input_file id="fl-63">
         <path>..\</path>
         <kind>archive</kind>
         <file>rts2800_fpu32_eabi.lib</file>
         <name>close.c.obj</name>
      </input_file>
      <input_file id="fl-64">
         <path>..\</path>
         <kind>archive</kind>
         <file>rts2800_fpu32_eabi.lib</file>
         <name>unlink.c.obj</name>
      </input_file>
      <input_file id="fl-68">
         <path>D:\Program\ti\ccs1220\C2000Ware_4_03_00_00\\libraries\calibration\hrpwm\f28003x\lib\</path>
         <kind>archive</kind>
         <file>SFO_v8_fpu_lib_build_c28_driverlib_eabi.lib</file>
         <name>SFO_v8_fpu_lib_build_c28_driverlib.obj</name>
      </input_file>
   </input_file_list>
   <object_component_list>
      <object_component id="oc-26">
         <name>codestart</name>
         <load_address>0x0</load_address>
         <run_address>0x0</run_address>
         <size>0x2</size>
         <input_file_ref idref="fl-a"/>
      </object_component>
      <object_component id="oc-26a">
         <name>.TI.ramfunc</name>
         <load_address>0x128</load_address>
         <run_address>0x128</run_address>
         <size>0x4</size>
         <input_file_ref idref="fl-1b"/>
      </object_component>
      <object_component id="oc-c5">
         <name>.text</name>
         <load_address>0x0</load_address>
         <run_address>0x0</run_address>
         <size>0x29</size>
         <input_file_ref idref="fl-38"/>
      </object_component>
      <object_component id="oc-401">
         <name>.text</name>
         <load_address>0x29</load_address>
         <run_address>0x29</run_address>
         <size>0x29</size>
         <input_file_ref idref="fl-59"/>
      </object_component>
      <object_component id="oc-29d">
         <name>.text:ADC_setOffsetTrimAll</name>
         <load_address>0x52</load_address>
         <run_address>0x52</run_address>
         <size>0x28</size>
         <input_file_ref idref="fl-16"/>
      </object_component>
      <object_component id="oc-419">
         <name>.text</name>
         <load_address>0x7a</load_address>
         <run_address>0x7a</run_address>
         <size>0x24</size>
         <input_file_ref idref="fl-5e"/>
      </object_component>
      <object_component id="oc-5db">
         <name>.text</name>
         <load_address>0x9e</load_address>
         <run_address>0x9e</run_address>
         <size>0x24</size>
         <input_file_ref idref="fl-4d"/>
      </object_component>
      <object_component id="oc-4af">
         <name>.text:SysCtl_pollX1Counter</name>
         <load_address>0xc2</load_address>
         <run_address>0xc2</run_address>
         <size>0x23</size>
         <input_file_ref idref="fl-1b"/>
      </object_component>
      <object_component id="oc-566">
         <name>.text</name>
         <load_address>0xe5</load_address>
         <run_address>0xe5</run_address>
         <size>0x21</size>
         <input_file_ref idref="fl-28"/>
      </object_component>
      <object_component id="oc-551">
         <name>.text</name>
         <load_address>0x106</load_address>
         <run_address>0x106</run_address>
         <size>0x1f</size>
         <input_file_ref idref="fl-29"/>
      </object_component>
      <object_component id="oc-393">
         <name>.text:DCC_setCounter0ClkSource</name>
         <load_address>0x125</load_address>
         <run_address>0x125</run_address>
         <size>0x1e</size>
         <input_file_ref idref="fl-1b"/>
      </object_component>
      <object_component id="oc-399">
         <name>.text:DCC_setCounter1ClkSource</name>
         <load_address>0x143</load_address>
         <run_address>0x143</run_address>
         <size>0x1e</size>
         <input_file_ref idref="fl-1b"/>
      </object_component>
      <object_component id="oc-148">
         <name>.text:Interrupt_initVectorTable</name>
         <load_address>0x161</load_address>
         <run_address>0x161</run_address>
         <size>0x1e</size>
         <input_file_ref idref="fl-19"/>
      </object_component>
      <object_component id="oc-48f">
         <name>.text</name>
         <load_address>0x17f</load_address>
         <run_address>0x17f</run_address>
         <size>0x1e</size>
         <input_file_ref idref="fl-2c"/>
      </object_component>
      <object_component id="oc-3d">
         <name>.text</name>
         <load_address>0x19d</load_address>
         <run_address>0x19d</run_address>
         <size>0x1d</size>
         <input_file_ref idref="fl-32"/>
      </object_component>
      <object_component id="oc-16c">
         <name>.text</name>
         <load_address>0x1ba</load_address>
         <run_address>0x1ba</run_address>
         <size>0x1c</size>
         <input_file_ref idref="fl-30"/>
      </object_component>
      <object_component id="oc-55c">
         <name>.text</name>
         <load_address>0x1d6</load_address>
         <run_address>0x1d6</run_address>
         <size>0x1c</size>
         <input_file_ref idref="fl-2f"/>
      </object_component>
      <object_component id="oc-362">
         <name>.text:SysCtl_selectXTALSingleEnded</name>
         <load_address>0x1f2</load_address>
         <run_address>0x1f2</run_address>
         <size>0x1a</size>
         <input_file_ref idref="fl-1b"/>
      </object_component>
      <object_component id="oc-44a">
         <name>.text</name>
         <load_address>0x20c</load_address>
         <run_address>0x20c</run_address>
         <size>0x19</size>
         <input_file_ref idref="fl-64"/>
      </object_component>
      <object_component id="oc-32d">
         <name>.text</name>
         <load_address>0x225</load_address>
         <run_address>0x225</run_address>
         <size>0x19</size>
         <input_file_ref idref="fl-47"/>
      </object_component>
      <object_component id="oc-2b1">
         <name>.text:LED_onboard_G_init</name>
         <load_address>0x23e</load_address>
         <run_address>0x23e</run_address>
         <size>0x18</size>
         <input_file_ref idref="fl-2"/>
      </object_component>
      <object_component id="oc-2ab">
         <name>.text:LED_onboard_R_init</name>
         <load_address>0x256</load_address>
         <run_address>0x256</run_address>
         <size>0x18</size>
         <input_file_ref idref="fl-2"/>
      </object_component>
      <object_component id="oc-3dc">
         <name>.text:SCI_disableModule</name>
         <load_address>0x26e</load_address>
         <run_address>0x26e</run_address>
         <size>0x18</size>
         <input_file_ref idref="fl-1a"/>
      </object_component>
      <object_component id="oc-3d4">
         <name>.text:SCI_performSoftwareReset</name>
         <load_address>0x286</load_address>
         <run_address>0x286</run_address>
         <size>0x18</size>
         <input_file_ref idref="fl-1a"/>
      </object_component>
      <object_component id="oc-499">
         <name>.text</name>
         <load_address>0x29e</load_address>
         <run_address>0x29e</run_address>
         <size>0x18</size>
         <input_file_ref idref="fl-2b"/>
      </object_component>
      <object_component id="oc-511">
         <name>.text</name>
         <load_address>0x2b6</load_address>
         <run_address>0x2b6</run_address>
         <size>0x18</size>
         <input_file_ref idref="fl-62"/>
      </object_component>
      <object_component id="oc-36f">
         <name>.text:SysCtl_enablePeripheral</name>
         <load_address>0x2ce</load_address>
         <run_address>0x2ce</run_address>
         <size>0x17</size>
         <input_file_ref idref="fl-1b"/>
      </object_component>
      <object_component id="oc-88">
         <name>.text</name>
         <load_address>0x2e5</load_address>
         <run_address>0x2e5</run_address>
         <size>0x17</size>
         <input_file_ref idref="fl-23"/>
      </object_component>
      <object_component id="oc-38d">
         <name>.text:DCC_disableDoneSignal</name>
         <load_address>0x2fc</load_address>
         <run_address>0x2fc</run_address>
         <size>0x16</size>
         <input_file_ref idref="fl-1b"/>
      </object_component>
      <object_component id="oc-37b">
         <name>.text:DCC_clearDoneFlag</name>
         <load_address>0x312</load_address>
         <run_address>0x312</run_address>
         <size>0x15</size>
         <input_file_ref idref="fl-1b"/>
      </object_component>
      <object_component id="oc-375">
         <name>.text:DCC_clearErrorFlag</name>
         <load_address>0x327</load_address>
         <run_address>0x327</run_address>
         <size>0x15</size>
         <input_file_ref idref="fl-1b"/>
      </object_component>
      <object_component id="oc-387">
         <name>.text:DCC_disableErrorSignal</name>
         <load_address>0x33c</load_address>
         <run_address>0x33c</run_address>
         <size>0x15</size>
         <input_file_ref idref="fl-1b"/>
      </object_component>
      <object_component id="oc-4bf">
         <name>.text:DCC_isBaseValid</name>
         <load_address>0x351</load_address>
         <run_address>0x351</run_address>
         <size>0x15</size>
         <input_file_ref idref="fl-1b"/>
      </object_component>
      <object_component id="oc-2f9">
         <name>.text</name>
         <load_address>0x366</load_address>
         <run_address>0x366</run_address>
         <size>0x15</size>
         <input_file_ref idref="fl-58"/>
      </object_component>
      <object_component id="oc-381">
         <name>.text:DCC_disableModule</name>
         <load_address>0x37b</load_address>
         <run_address>0x37b</run_address>
         <size>0x14</size>
         <input_file_ref idref="fl-1b"/>
      </object_component>
      <object_component id="oc-3ab">
         <name>.text:DCC_enableModule</name>
         <load_address>0x38f</load_address>
         <run_address>0x38f</run_address>
         <size>0x14</size>
         <input_file_ref idref="fl-1b"/>
      </object_component>
      <object_component id="oc-3b9">
         <name>.text:GPIO_isPinValid</name>
         <load_address>0x3a3</load_address>
         <run_address>0x3a3</run_address>
         <size>0x14</size>
         <input_file_ref idref="fl-18"/>
      </object_component>
      <object_component id="oc-271">
         <name>.text:SysCtl_setPLLSysClk</name>
         <load_address>0x3b7</load_address>
         <run_address>0x3b7</run_address>
         <size>0x14</size>
         <input_file_ref idref="fl-1b"/>
      </object_component>
      <object_component id="oc-14e">
         <name>.text:Board_init</name>
         <load_address>0x3cb</load_address>
         <run_address>0x3cb</run_address>
         <size>0x13</size>
         <input_file_ref idref="fl-2"/>
      </object_component>
      <object_component id="oc-3e2">
         <name>.text:SCI_enableModule</name>
         <load_address>0x3de</load_address>
         <run_address>0x3de</run_address>
         <size>0x13</size>
         <input_file_ref idref="fl-1a"/>
      </object_component>
      <object_component id="oc-3cd">
         <name>.text:SCI_isBaseValid</name>
         <load_address>0x3f1</load_address>
         <run_address>0x3f1</run_address>
         <size>0x13</size>
         <input_file_ref idref="fl-1a"/>
      </object_component>
      <object_component id="oc-1cd">
         <name>.text:SYNC_init</name>
         <load_address>0x404</load_address>
         <run_address>0x404</run_address>
         <size>0x11</size>
         <input_file_ref idref="fl-2"/>
      </object_component>
      <object_component id="oc-481">
         <name>.text</name>
         <load_address>0x415</load_address>
         <run_address>0x415</run_address>
         <size>0x10</size>
         <input_file_ref idref="fl-3f"/>
      </object_component>
      <object_component id="oc-1b4">
         <name>.text:Interrupt_defaultHandler</name>
         <load_address>0x425</load_address>
         <run_address>0x425</run_address>
         <size>0xe</size>
         <input_file_ref idref="fl-19"/>
      </object_component>
      <object_component id="oc-154">
         <name>.text:SFO_init</name>
         <load_address>0x433</load_address>
         <run_address>0x433</run_address>
         <size>0xe</size>
         <input_file_ref idref="fl-3"/>
      </object_component>
      <object_component id="oc-561">
         <name>.text</name>
         <load_address>0x441</load_address>
         <run_address>0x441</run_address>
         <size>0xe</size>
         <input_file_ref idref="fl-27"/>
      </object_component>
      <object_component id="oc-1d3">
         <name>.text:ASYSCTL_init</name>
         <load_address>0x44f</load_address>
         <run_address>0x44f</run_address>
         <size>0xd</size>
         <input_file_ref idref="fl-2"/>
      </object_component>
      <object_component id="oc-99">
         <name>.text:Interrupt_disableGlobal</name>
         <load_address>0x45c</load_address>
         <run_address>0x45c</run_address>
         <size>0xd</size>
         <input_file_ref idref="fl-19"/>
      </object_component>
      <object_component id="oc-9f">
         <name>.text:Interrupt_enableGlobal</name>
         <load_address>0x469</load_address>
         <run_address>0x469</run_address>
         <size>0xd</size>
         <input_file_ref idref="fl-19"/>
      </object_component>
      <object_component id="oc-45">
         <name>.text:decompress:ZI:__TI_zero_init_nomemset</name>
         <load_address>0x476</load_address>
         <run_address>0x476</run_address>
         <size>0xd</size>
         <input_file_ref idref="fl-35"/>
      </object_component>
      <object_component id="oc-33b">
         <name>.text</name>
         <load_address>0x483</load_address>
         <run_address>0x483</run_address>
         <size>0xd</size>
         <input_file_ref idref="fl-40"/>
      </object_component>
      <object_component id="oc-2c">
         <name>.text:INTERRUPT_init</name>
         <load_address>0x490</load_address>
         <run_address>0x490</run_address>
         <size>0xc</size>
         <input_file_ref idref="fl-2"/>
      </object_component>
      <object_component id="oc-202">
         <name>.text:SCI_close</name>
         <load_address>0x49c</load_address>
         <run_address>0x49c</run_address>
         <size>0xc</size>
         <input_file_ref idref="fl-8"/>
      </object_component>
      <object_component id="oc-bf">
         <name>.text</name>
         <load_address>0x4a8</load_address>
         <run_address>0x4a8</run_address>
         <size>0xc</size>
         <input_file_ref idref="fl-3b"/>
      </object_component>
      <object_component id="oc-42e">
         <name>.text</name>
         <load_address>0x4b4</load_address>
         <run_address>0x4b4</run_address>
         <size>0xc</size>
         <input_file_ref idref="fl-43"/>
      </object_component>
      <object_component id="oc-226">
         <name>.text:SCI_open</name>
         <load_address>0x4c0</load_address>
         <run_address>0x4c0</run_address>
         <size>0xb</size>
         <input_file_ref idref="fl-8"/>
      </object_component>
      <object_component id="oc-264">
         <name>.text:SysCtl_isMCDClockFailureDetected</name>
         <load_address>0x4cb</load_address>
         <run_address>0x4cb</run_address>
         <size>0xb</size>
         <input_file_ref idref="fl-1b"/>
      </object_component>
      <object_component id="oc-49e">
         <name>.text</name>
         <load_address>0x4d6</load_address>
         <run_address>0x4d6</run_address>
         <size>0xb</size>
         <input_file_ref idref="fl-4e"/>
      </object_component>
      <object_component id="oc-428">
         <name>.text</name>
         <load_address>0x4e1</load_address>
         <run_address>0x4e1</run_address>
         <size>0xa</size>
         <input_file_ref idref="fl-57"/>
      </object_component>
      <object_component id="oc-180">
         <name>.text</name>
         <load_address>0x4eb</load_address>
         <run_address>0x4eb</run_address>
         <size>0x9</size>
         <input_file_ref idref="fl-39"/>
      </object_component>
      <object_component id="oc-542">
         <name>.text</name>
         <load_address>0x4f4</load_address>
         <run_address>0x4f4</run_address>
         <size>0x9</size>
         <input_file_ref idref="fl-26"/>
      </object_component>
      <object_component id="oc-1f">
         <name>.text:decompress:none</name>
         <load_address>0x4fd</load_address>
         <run_address>0x4fd</run_address>
         <size>0x8</size>
         <input_file_ref idref="fl-36"/>
      </object_component>
      <object_component id="oc-51">
         <name>.text</name>
         <load_address>0x505</load_address>
         <run_address>0x505</run_address>
         <size>0x8</size>
         <input_file_ref idref="fl-a"/>
      </object_component>
      <object_component id="oc-335">
         <name>.text</name>
         <load_address>0x50d</load_address>
         <run_address>0x50d</run_address>
         <size>0x8</size>
         <input_file_ref idref="fl-45"/>
      </object_component>
      <object_component id="oc-15a">
         <name>.text:SFO_runtime</name>
         <load_address>0x515</load_address>
         <run_address>0x515</run_address>
         <size>0x7</size>
         <input_file_ref idref="fl-3"/>
      </object_component>
      <object_component id="oc-4b5">
         <name>.text:SysCtl_resetMCD</name>
         <load_address>0x51c</load_address>
         <run_address>0x51c</run_address>
         <size>0x7</size>
         <input_file_ref idref="fl-1b"/>
      </object_component>
      <object_component id="oc-81">
         <name>.text</name>
         <load_address>0x523</load_address>
         <run_address>0x523</run_address>
         <size>0x7</size>
         <input_file_ref idref="fl-42"/>
      </object_component>
      <object_component id="oc-1e5">
         <name>.text:GPIO_init</name>
         <load_address>0x52a</load_address>
         <run_address>0x52a</run_address>
         <size>0x5</size>
         <input_file_ref idref="fl-2"/>
      </object_component>
      <object_component id="oc-47b">
         <name>.text</name>
         <load_address>0x52f</load_address>
         <run_address>0x52f</run_address>
         <size>0x5</size>
         <input_file_ref idref="fl-44"/>
      </object_component>
      <object_component id="oc-64">
         <name>.text:__error__</name>
         <load_address>0x534</load_address>
         <run_address>0x534</run_address>
         <size>0x3</size>
         <input_file_ref idref="fl-9"/>
      </object_component>
      <object_component id="oc-1ba">
         <name>.text:Interrupt_nmiHandler</name>
         <load_address>0x537</load_address>
         <run_address>0x537</run_address>
         <size>0x2</size>
         <input_file_ref idref="fl-19"/>
      </object_component>
      <object_component id="oc-214">
         <name>.text:SCI_lseek</name>
         <load_address>0x539</load_address>
         <run_address>0x539</run_address>
         <size>0x2</size>
         <input_file_ref idref="fl-8"/>
      </object_component>
      <object_component id="oc-220">
         <name>.text:SCI_rename</name>
         <load_address>0x53b</load_address>
         <run_address>0x53b</run_address>
         <size>0x2</size>
         <input_file_ref idref="fl-8"/>
      </object_component>
      <object_component id="oc-21a">
         <name>.text:SCI_unlink</name>
         <load_address>0x53d</load_address>
         <run_address>0x53d</run_address>
         <size>0x2</size>
         <input_file_ref idref="fl-8"/>
      </object_component>
      <object_component id="oc-b8">
         <name>.text</name>
         <load_address>0x53f</load_address>
         <run_address>0x53f</run_address>
         <size>0x2</size>
         <input_file_ref idref="fl-33"/>
      </object_component>
      <object_component id="oc-4a8">
         <name>.text</name>
         <load_address>0x8000</load_address>
         <run_address>0x8000</run_address>
         <size>0x6c2</size>
         <input_file_ref idref="fl-1d"/>
      </object_component>
      <object_component id="oc-193">
         <name>.text:SysCtl_setClock</name>
         <load_address>0x86c2</load_address>
         <run_address>0x86c2</run_address>
         <size>0x123</size>
         <input_file_ref idref="fl-1b"/>
      </object_component>
      <object_component id="oc-19f">
         <name>.text:SysCtl_getLowSpeedClock</name>
         <load_address>0x87e5</load_address>
         <run_address>0x87e5</run_address>
         <size>0x1a</size>
         <input_file_ref idref="fl-1b"/>
      </object_component>
      <object_component id="oc-121">
         <name>.text</name>
         <load_address>0x87ff</load_address>
         <run_address>0x87ff</run_address>
         <size>0x1</size>
         <input_file_ref idref="fl-56"/>
      </object_component>
      <object_component id="oc-350">
         <name>.text:__TI_printfi</name>
         <load_address>0x8800</load_address>
         <run_address>0x8800</run_address>
         <size>0x614</size>
         <input_file_ref idref="fl-1d"/>
      </object_component>
      <object_component id="oc-233">
         <name>.text</name>
         <load_address>0x8e14</load_address>
         <run_address>0x8e14</run_address>
         <size>0x121</size>
         <input_file_ref idref="fl-1e"/>
      </object_component>
      <object_component id="oc-1c7">
         <name>.text:PinMux_init</name>
         <load_address>0x8f35</load_address>
         <run_address>0x8f35</run_address>
         <size>0xae</size>
         <input_file_ref idref="fl-2"/>
      </object_component>
      <object_component id="oc-577">
         <name>.text</name>
         <load_address>0x8fe3</load_address>
         <run_address>0x8fe3</run_address>
         <size>0x1d</size>
         <input_file_ref idref="fl-2e"/>
      </object_component>
      <object_component id="oc-316">
         <name>.text</name>
         <load_address>0x9000</load_address>
         <run_address>0x9000</run_address>
         <size>0x298</size>
         <input_file_ref idref="fl-41"/>
      </object_component>
      <object_component id="oc-1df">
         <name>.text:EPWM_init</name>
         <load_address>0x9298</load_address>
         <run_address>0x9298</run_address>
         <size>0x292</size>
         <input_file_ref idref="fl-2"/>
      </object_component>
      <object_component id="oc-1f2">
         <name>.text</name>
         <load_address>0x952a</load_address>
         <run_address>0x952a</run_address>
         <size>0x1f1</size>
         <input_file_ref idref="fl-68"/>
      </object_component>
      <object_component id="oc-1a5">
         <name>.text:Device_enableAllPeripherals</name>
         <load_address>0x971b</load_address>
         <run_address>0x971b</run_address>
         <size>0xd3</size>
         <input_file_ref idref="fl-9"/>
      </object_component>
      <object_component id="oc-20e">
         <name>.text:SCI_write</name>
         <load_address>0x97ee</load_address>
         <run_address>0x97ee</run_address>
         <size>0x11</size>
         <input_file_ref idref="fl-8"/>
      </object_component>
      <object_component id="oc-2b">
         <name>.text:INT_myADC0_1_ISR</name>
         <load_address>0x9800</load_address>
         <run_address>0x9800</run_address>
         <size>0x113</size>
         <input_file_ref idref="fl-5"/>
      </object_component>
      <object_component id="oc-494">
         <name>.text</name>
         <load_address>0x9913</load_address>
         <run_address>0x9913</run_address>
         <size>0x107</size>
         <input_file_ref idref="fl-2d"/>
      </object_component>
      <object_component id="oc-277">
         <name>.text:SysCtl_isPLLValid</name>
         <load_address>0x9a1a</load_address>
         <run_address>0x9a1a</run_address>
         <size>0xfe</size>
         <input_file_ref idref="fl-1b"/>
      </object_component>
      <object_component id="oc-5d">
         <name>.text:spll_Outputs_wrapper</name>
         <load_address>0x9b18</load_address>
         <run_address>0x9b18</run_address>
         <size>0xcf</size>
         <input_file_ref idref="fl-6"/>
      </object_component>
      <object_component id="oc-571">
         <name>.text</name>
         <load_address>0x9be7</load_address>
         <run_address>0x9be7</run_address>
         <size>0xa9</size>
         <input_file_ref idref="fl-4c"/>
      </object_component>
      <object_component id="oc-24d">
         <name>.text</name>
         <load_address>0x9c90</load_address>
         <run_address>0x9c90</run_address>
         <size>0xa8</size>
         <input_file_ref idref="fl-20"/>
      </object_component>
      <object_component id="oc-160">
         <name>.text:spll_Start_wrapper</name>
         <load_address>0x9d38</load_address>
         <run_address>0x9d38</run_address>
         <size>0xa5</size>
         <input_file_ref idref="fl-6"/>
      </object_component>
      <object_component id="oc-5cc">
         <name>.text</name>
         <load_address>0x9ddd</load_address>
         <run_address>0x9ddd</run_address>
         <size>0x9c</size>
         <input_file_ref idref="fl-53"/>
      </object_component>
      <object_component id="oc-4de">
         <name>.text</name>
         <load_address>0x9e7a</load_address>
         <run_address>0x9e7a</run_address>
         <size>0x95</size>
         <input_file_ref idref="fl-60"/>
      </object_component>
      <object_component id="oc-547">
         <name>.text</name>
         <load_address>0x9f0f</load_address>
         <run_address>0x9f0f</run_address>
         <size>0x8b</size>
         <input_file_ref idref="fl-31"/>
      </object_component>
      <object_component id="oc-199">
         <name>.text:SysCtl_getClock</name>
         <load_address>0x9f9a</load_address>
         <run_address>0x9f9a</run_address>
         <size>0x65</size>
         <input_file_ref idref="fl-1b"/>
      </object_component>
      <object_component id="oc-36a">
         <name>.text</name>
         <load_address>0xa000</load_address>
         <run_address>0xa000</run_address>
         <size>0x88</size>
         <input_file_ref idref="fl-2a"/>
      </object_component>
      <object_component id="oc-54c">
         <name>.text</name>
         <load_address>0xa088</load_address>
         <run_address>0xa088</run_address>
         <size>0x83</size>
         <input_file_ref idref="fl-25"/>
      </object_component>
      <object_component id="oc-23c">
         <name>.text</name>
         <load_address>0xa10b</load_address>
         <run_address>0xa10b</run_address>
         <size>0x7c</size>
         <input_file_ref idref="fl-22"/>
      </object_component>
      <object_component id="oc-39f">
         <name>.text:DCC_setCounterSeeds</name>
         <load_address>0xa187</load_address>
         <run_address>0xa187</run_address>
         <size>0x73</size>
         <input_file_ref idref="fl-1b"/>
      </object_component>
      <object_component id="oc-327">
         <name>.text</name>
         <load_address>0xa1fa</load_address>
         <run_address>0xa1fa</run_address>
         <size>0x73</size>
         <input_file_ref idref="fl-50"/>
      </object_component>
      <object_component id="oc-1d9">
         <name>.text:myADC0_init</name>
         <load_address>0xa26d</load_address>
         <run_address>0xa26d</run_address>
         <size>0x72</size>
         <input_file_ref idref="fl-2"/>
      </object_component>
      <object_component id="oc-301">
         <name>.text</name>
         <load_address>0xa2df</load_address>
         <run_address>0xa2df</run_address>
         <size>0x71</size>
         <input_file_ref idref="fl-49"/>
      </object_component>
      <object_component id="oc-22d">
         <name>.text</name>
         <load_address>0xa350</load_address>
         <run_address>0xa350</run_address>
         <size>0x6d</size>
         <input_file_ref idref="fl-4a"/>
      </object_component>
      <object_component id="oc-1ab">
         <name>.text:GPIO_setAnalogMode</name>
         <load_address>0xa3bd</load_address>
         <run_address>0xa3bd</run_address>
         <size>0x6a</size>
         <input_file_ref idref="fl-18"/>
      </object_component>
      <object_component id="oc-321">
         <name>.text</name>
         <load_address>0xa427</load_address>
         <run_address>0xa427</run_address>
         <size>0x65</size>
         <input_file_ref idref="fl-21"/>
      </object_component>
      <object_component id="oc-1fc">
         <name>.text:scia_init</name>
         <load_address>0xa48c</load_address>
         <run_address>0xa48c</run_address>
         <size>0x62</size>
         <input_file_ref idref="fl-7"/>
      </object_component>
      <object_component id="oc-413">
         <name>.text</name>
         <load_address>0xa4ee</load_address>
         <run_address>0xa4ee</run_address>
         <size>0x61</size>
         <input_file_ref idref="fl-5a"/>
      </object_component>
      <object_component id="oc-307">
         <name>.text</name>
         <load_address>0xa54f</load_address>
         <run_address>0xa54f</run_address>
         <size>0x5d</size>
         <input_file_ref idref="fl-4f"/>
      </object_component>
      <object_component id="oc-56b">
         <name>.text</name>
         <load_address>0xa5ac</load_address>
         <run_address>0xa5ac</run_address>
         <size>0x5a</size>
         <input_file_ref idref="fl-4b"/>
      </object_component>
      <object_component id="oc-2a4">
         <name>.text:EPWM_setActionQualifierAction</name>
         <load_address>0xa606</load_address>
         <run_address>0xa606</run_address>
         <size>0x58</size>
         <input_file_ref idref="fl-2"/>
      </object_component>
      <object_component id="oc-10e">
         <name>.text:main</name>
         <load_address>0xa65e</load_address>
         <run_address>0xa65e</run_address>
         <size>0x53</size>
         <input_file_ref idref="fl-5"/>
      </object_component>
      <object_component id="oc-247">
         <name>.text</name>
         <load_address>0xa6b1</load_address>
         <run_address>0xa6b1</run_address>
         <size>0x53</size>
         <input_file_ref idref="fl-1f"/>
      </object_component>
      <object_component id="oc-28e">
         <name>.text:GPIO_setPadConfig</name>
         <load_address>0xa704</load_address>
         <run_address>0xa704</run_address>
         <size>0x52</size>
         <input_file_ref idref="fl-18"/>
      </object_component>
      <object_component id="oc-2f3">
         <name>.text</name>
         <load_address>0xa756</load_address>
         <run_address>0xa756</run_address>
         <size>0x51</size>
         <input_file_ref idref="fl-52"/>
      </object_component>
      <object_component id="oc-26b">
         <name>.text:SysCtl_selectOscSource</name>
         <load_address>0xa7a7</load_address>
         <run_address>0xa7a7</run_address>
         <size>0x49</size>
         <input_file_ref idref="fl-1b"/>
      </object_component>
      <object_component id="oc-13c">
         <name>.text:Device_initGPIO</name>
         <load_address>0xa7f0</load_address>
         <run_address>0xa7f0</run_address>
         <size>0x10</size>
         <input_file_ref idref="fl-9"/>
      </object_component>
      <object_component id="oc-136">
         <name>.text:Device_init</name>
         <load_address>0xaa0a</load_address>
         <run_address>0xaa0a</run_address>
         <size>0x48</size>
         <input_file_ref idref="fl-9"/>
      </object_component>
      <object_component id="oc-2b8">
         <name>.text:SCI_clearInterruptStatus</name>
         <load_address>0xaa52</load_address>
         <run_address>0xaa52</run_address>
         <size>0x45</size>
         <input_file_ref idref="fl-1a"/>
      </object_component>
      <object_component id="oc-1eb">
         <name>.text:mySCI0_init</name>
         <load_address>0xaa97</load_address>
         <run_address>0xaa97</run_address>
         <size>0x45</size>
         <input_file_ref idref="fl-2"/>
      </object_component>
      <object_component id="oc-2dd">
         <name>.text:SCI_enableInterrupt</name>
         <load_address>0xaadc</load_address>
         <run_address>0xaadc</run_address>
         <size>0x44</size>
         <input_file_ref idref="fl-1a"/>
      </object_component>
      <object_component id="oc-2be">
         <name>.text:SCI_setConfig</name>
         <load_address>0xab20</load_address>
         <run_address>0xab20</run_address>
         <size>0x3e</size>
         <input_file_ref idref="fl-1a"/>
      </object_component>
      <object_component id="oc-41f">
         <name>.text</name>
         <load_address>0xab5e</load_address>
         <run_address>0xab5e</run_address>
         <size>0x3e</size>
         <input_file_ref idref="fl-5d"/>
      </object_component>
      <object_component id="oc-142">
         <name>.text:Interrupt_initModule</name>
         <load_address>0xab9c</load_address>
         <run_address>0xab9c</run_address>
         <size>0x3d</size>
         <input_file_ref idref="fl-19"/>
      </object_component>
      <object_component id="oc-464">
         <name>.text</name>
         <load_address>0xabd9</load_address>
         <run_address>0xabd9</run_address>
         <size>0x3d</size>
         <input_file_ref idref="fl-51"/>
      </object_component>
      <object_component id="oc-3fb">
         <name>.text</name>
         <load_address>0xac16</load_address>
         <run_address>0xac16</run_address>
         <size>0x3a</size>
         <input_file_ref idref="fl-5b"/>
      </object_component>
      <object_component id="oc-40d">
         <name>.text</name>
         <load_address>0xac50</load_address>
         <run_address>0xac50</run_address>
         <size>0x39</size>
         <input_file_ref idref="fl-5f"/>
      </object_component>
      <object_component id="oc-407">
         <name>.text</name>
         <load_address>0xac89</load_address>
         <run_address>0xac89</run_address>
         <size>0x38</size>
         <input_file_ref idref="fl-5c"/>
      </object_component>
      <object_component id="oc-3c5">
         <name>.text:GPIO_setControllerCore</name>
         <load_address>0xacc1</load_address>
         <run_address>0xacc1</run_address>
         <size>0x37</size>
         <input_file_ref idref="fl-18"/>
      </object_component>
      <object_component id="oc-288">
         <name>.text:GPIO_setPinConfig</name>
         <load_address>0xacf8</load_address>
         <run_address>0xacf8</run_address>
         <size>0x37</size>
         <input_file_ref idref="fl-18"/>
      </object_component>
      <object_component id="oc-294">
         <name>.text:GPIO_setQualificationMode</name>
         <load_address>0xad2f</load_address>
         <run_address>0xad2f</run_address>
         <size>0x37</size>
         <input_file_ref idref="fl-18"/>
      </object_component>
      <object_component id="oc-6a">
         <name>.text:Interrupt_enable</name>
         <load_address>0xad66</load_address>
         <run_address>0xad66</run_address>
         <size>0x37</size>
         <input_file_ref idref="fl-19"/>
      </object_component>
      <object_component id="oc-208">
         <name>.text:SCI_read</name>
         <load_address>0xad9d</load_address>
         <run_address>0xad9d</run_address>
         <size>0x36</size>
         <input_file_ref idref="fl-8"/>
      </object_component>
      <object_component id="oc-166">
         <name>.text:bsp_DebugSCI_init</name>
         <load_address>0xadd3</load_address>
         <run_address>0xadd3</run_address>
         <size>0x36</size>
         <input_file_ref idref="fl-7"/>
      </object_component>
      <object_component id="oc-174">
         <name>.text</name>
         <load_address>0xae09</load_address>
         <run_address>0xae09</run_address>
         <size>0x34</size>
         <input_file_ref idref="fl-1c"/>
      </object_component>
      <object_component id="oc-441">
         <name>.text</name>
         <load_address>0xae3d</load_address>
         <run_address>0xae3d</run_address>
         <size>0x33</size>
         <input_file_ref idref="fl-63"/>
      </object_component>
      <object_component id="oc-2d7">
         <name>.text:GPIO_setDirectionMode</name>
         <load_address>0xae70</load_address>
         <run_address>0xae70</run_address>
         <size>0x31</size>
         <input_file_ref idref="fl-18"/>
      </object_component>
      <object_component id="oc-489">
         <name>.text</name>
         <load_address>0xaea1</load_address>
         <run_address>0xaea1</run_address>
         <size>0x31</size>
         <input_file_ref idref="fl-3c"/>
      </object_component>
      <object_component id="oc-556">
         <name>.text</name>
         <load_address>0xaed2</load_address>
         <run_address>0xaed2</run_address>
         <size>0x30</size>
         <input_file_ref idref="fl-3a"/>
      </object_component>
      <object_component id="oc-19">
         <name>.text:decompress:lzss</name>
         <load_address>0xaf02</load_address>
         <run_address>0xaf02</run_address>
         <size>0x2e</size>
         <input_file_ref idref="fl-37"/>
      </object_component>
      <object_component id="oc-35c">
         <name>.text:SysCtl_selectXTAL</name>
         <load_address>0xaf30</load_address>
         <run_address>0xaf30</run_address>
         <size>0x2b</size>
         <input_file_ref idref="fl-1b"/>
      </object_component>
      <object_component id="oc-de">
         <name>.text:__TI_auto_init_nobinit_nopinit</name>
         <load_address>0xaf5b</load_address>
         <run_address>0xaf5b</run_address>
         <size>0x2b</size>
         <input_file_ref idref="fl-34"/>
      </object_component>
      <object_component id="oc-53d">
         <name>.text</name>
         <load_address>0xaf86</load_address>
         <run_address>0xaf86</run_address>
         <size>0x2a</size>
         <input_file_ref idref="fl-24"/>
      </object_component>
      <object_component id="oc-5c4">
         <name>.text</name>
         <load_address>0xafb0</load_address>
         <run_address>0xafb0</run_address>
         <size>0x2a</size>
         <input_file_ref idref="fl-54"/>
      </object_component>
      <object_component id="oc-3a5">
         <name>.text:DCC_enableSingleShotMode</name>
         <load_address>0xafda</load_address>
         <run_address>0xafda</run_address>
         <size>0x24</size>
         <input_file_ref idref="fl-1b"/>
      </object_component>
      <object_component id="oc-1c0">
         <name>.text:Interrupt_illegalOperationHandler</name>
         <load_address>0xaffe</load_address>
         <run_address>0xaffe</run_address>
         <size>0x2</size>
         <input_file_ref idref="fl-19"/>
      </object_component>
      <object_component id="oc-634">
         <name>.cinit..data.load</name>
         <load_address>0x12c</load_address>
         <run_address>0x12c</run_address>
         <size>0x2c</size>
      </object_component>
      <object_component id="oc-631">
         <name>__TI_handler_table</name>
         <load_address>0x158</load_address>
         <run_address>0x158</run_address>
         <size>0x6</size>
      </object_component>
      <object_component id="oc-633">
         <name>.cinit..bss.load</name>
         <load_address>0x15e</load_address>
         <run_address>0x15e</run_address>
         <size>0x4</size>
      </object_component>
      <object_component id="oc-632">
         <name>__TI_cinit_table</name>
         <load_address>0x164</load_address>
         <run_address>0x164</run_address>
         <size>0x8</size>
      </object_component>
      <object_component id="oc-37">
         <name>.stack</name>
         <uninitialized>true</uninitialized>
         <run_address>0x400</run_address>
         <size>0x0</size>
         <input_file_ref idref="fl-23"/>
      </object_component>
      <object_component id="oc-635">
         <name>.stack</name>
         <uninitialized>true</uninitialized>
         <run_address>0x400</run_address>
         <size>0x0</size>
      </object_component>
      <object_component id="oc-2cc">
         <name>.bss</name>
         <uninitialized>true</uninitialized>
         <run_address>0xb6d8</run_address>
         <size>0x1</size>
         <input_file_ref idref="fl-3"/>
      </object_component>
      <object_component id="oc-5a">
         <name>.bss</name>
         <uninitialized>true</uninitialized>
         <run_address>0xb6d2</run_address>
         <size>0x4</size>
         <input_file_ref idref="fl-5"/>
      </object_component>
      <object_component id="oc-57">
         <name>.bss:ADCA_Vol</name>
         <uninitialized>true</uninitialized>
         <run_address>0xb6c2</run_address>
         <size>0x8</size>
         <input_file_ref idref="fl-5"/>
      </object_component>
      <object_component id="oc-171">
         <name>.bss:tx_buff</name>
         <uninitialized>true</uninitialized>
         <run_address>0xb50a</run_address>
         <size>0xc8</size>
         <input_file_ref idref="fl-5"/>
      </object_component>
      <object_component id="oc-92">
         <name>.bss</name>
         <uninitialized>true</uninitialized>
         <run_address>0xb680</run_address>
         <size>0x42</size>
         <input_file_ref idref="fl-6"/>
      </object_component>
      <object_component id="oc-447">
         <name>.bss:__TI_tmpnams</name>
         <uninitialized>true</uninitialized>
         <run_address>0xb5d2</run_address>
         <size>0xa0</size>
         <input_file_ref idref="fl-3e"/>
      </object_component>
      <object_component id="oc-45a">
         <name>.bss</name>
         <uninitialized>true</uninitialized>
         <run_address>0xb6d6</run_address>
         <size>0x2</size>
         <input_file_ref idref="fl-41"/>
      </object_component>
      <object_component id="oc-4db">
         <name>.bss:parmbuf</name>
         <uninitialized>true</uninitialized>
         <run_address>0xb6ca</run_address>
         <size>0x8</size>
         <input_file_ref idref="fl-5b"/>
      </object_component>
      <object_component id="oc-582">
         <name>.bss:_CIOBUF_</name>
         <uninitialized>true</uninitialized>
         <run_address>0xb3ea</run_address>
         <size>0x120</size>
         <input_file_ref idref="fl-60"/>
      </object_component>
      <object_component id="oc-2c5">
         <name>.bss</name>
         <uninitialized>true</uninitialized>
         <run_address>0xb67b</run_address>
         <size>0x5</size>
         <input_file_ref idref="fl-68"/>
      </object_component>
      <object_component id="oc-2c9">
         <name>.bss:MEP_SF</name>
         <uninitialized>true</uninitialized>
         <run_address>0xb672</run_address>
         <size>0x9</size>
         <input_file_ref idref="fl-68"/>
      </object_component>
      <object_component id="oc-52f">
         <name>.const:.string:_ctypes_</name>
         <load_address>0xb000</load_address>
         <run_address>0xb000</run_address>
         <size>0x101</size>
         <input_file_ref idref="fl-3d"/>
      </object_component>
      <object_component id="oc-263">
         <name>.const:.string</name>
         <load_address>0xb102</load_address>
         <run_address>0xb102</run_address>
         <size>0x9a</size>
         <input_file_ref idref="fl-1b"/>
      </object_component>
      <object_component id="oc-282">
         <name>.const:.string</name>
         <load_address>0xb19c</load_address>
         <run_address>0xb19c</run_address>
         <size>0x98</size>
         <input_file_ref idref="fl-18"/>
      </object_component>
      <object_component id="oc-3d3">
         <name>.const:.string</name>
         <load_address>0xb234</load_address>
         <run_address>0xb234</run_address>
         <size>0x97</size>
         <input_file_ref idref="fl-1a"/>
      </object_component>
      <object_component id="oc-63">
         <name>.const:.string</name>
         <load_address>0xb2cc</load_address>
         <run_address>0xb2cc</run_address>
         <size>0x59</size>
         <input_file_ref idref="fl-5"/>
      </object_component>
      <object_component id="oc-3c3">
         <name>.const:.string</name>
         <load_address>0xb326</load_address>
         <run_address>0xb326</run_address>
         <size>0x4e</size>
         <input_file_ref idref="fl-2"/>
      </object_component>
      <object_component id="oc-47a">
         <name>.const:.string</name>
         <load_address>0xb374</load_address>
         <run_address>0xb374</run_address>
         <size>0x26</size>
         <input_file_ref idref="fl-1d"/>
      </object_component>
      <object_component id="oc-53c">
         <name>.const</name>
         <load_address>0xb39a</load_address>
         <run_address>0xb39a</run_address>
         <size>0x1c</size>
         <input_file_ref idref="fl-1d"/>
      </object_component>
      <object_component id="oc-5d3">
         <name>.const</name>
         <load_address>0xb3b6</load_address>
         <run_address>0xb3b6</run_address>
         <size>0x8</size>
         <input_file_ref idref="fl-4b"/>
      </object_component>
      <object_component id="oc-341">
         <name>.const:.string</name>
         <load_address>0xb3be</load_address>
         <run_address>0xb3be</run_address>
         <size>0x2</size>
         <input_file_ref idref="fl-20"/>
      </object_component>
      <object_component id="oc-5d8">
         <name>.const</name>
         <load_address>0xb3c0</load_address>
         <run_address>0xb3c0</run_address>
         <size>0x1c</size>
         <input_file_ref idref="fl-4c"/>
      </object_component>
      <object_component id="oc-22c">
         <name>.const:.string</name>
         <load_address>0xb3dc</load_address>
         <run_address>0xb3dc</run_address>
         <size>0xe</size>
         <input_file_ref idref="fl-7"/>
      </object_component>
      <object_component id="oc-2cf">
         <name>.data:ePWM</name>
         <load_address>0xa8e8</load_address>
         <run_address>0xa8e8</run_address>
         <size>0x10</size>
         <input_file_ref idref="fl-3"/>
      </object_component>
      <object_component id="oc-2e4">
         <name>.data</name>
         <load_address>0xa903</load_address>
         <run_address>0xa903</run_address>
         <size>0x1</size>
         <input_file_ref idref="fl-8"/>
      </object_component>
      <object_component id="oc-310">
         <name>.data</name>
         <load_address>0xa907</load_address>
         <run_address>0xa907</run_address>
         <size>0x1</size>
         <input_file_ref idref="fl-1e"/>
      </object_component>
      <object_component id="oc-116">
         <name>.data</name>
         <load_address>0xa8f8</load_address>
         <run_address>0xa8f8</run_address>
         <size>0x6</size>
         <input_file_ref idref="fl-38"/>
      </object_component>
      <object_component id="oc-119">
         <name>.data:_lock</name>
         <load_address>0xa8fe</load_address>
         <run_address>0xa8fe</run_address>
         <size>0x2</size>
         <input_file_ref idref="fl-39"/>
      </object_component>
      <object_component id="oc-254">
         <name>.data:_unlock</name>
         <load_address>0xa900</load_address>
         <run_address>0xa900</run_address>
         <size>0x2</size>
         <input_file_ref idref="fl-39"/>
      </object_component>
      <object_component id="oc-30d">
         <name>.data</name>
         <load_address>0xa905</load_address>
         <run_address>0xa905</run_address>
         <size>0x1</size>
         <input_file_ref idref="fl-3e"/>
      </object_component>
      <object_component id="oc-239">
         <name>.data:_ftable</name>
         <load_address>0xa800</load_address>
         <run_address>0xa800</run_address>
         <size>0x78</size>
         <input_file_ref idref="fl-3e"/>
      </object_component>
      <object_component id="oc-45d">
         <name>.data</name>
         <load_address>0xa908</load_address>
         <run_address>0xa908</run_address>
         <size>0x1</size>
         <input_file_ref idref="fl-41"/>
      </object_component>
      <object_component id="oc-4a4">
         <name>.data</name>
         <load_address>0xa906</load_address>
         <run_address>0xa906</run_address>
         <size>0x1</size>
         <input_file_ref idref="fl-46"/>
      </object_component>
      <object_component id="oc-43c">
         <name>.data:_stream</name>
         <load_address>0xa8c0</load_address>
         <run_address>0xa8c0</run_address>
         <size>0x28</size>
         <input_file_ref idref="fl-48"/>
      </object_component>
      <object_component id="oc-2f0">
         <name>.data:_device</name>
         <load_address>0xa878</load_address>
         <run_address>0xa878</run_address>
         <size>0x48</size>
         <input_file_ref idref="fl-48"/>
      </object_component>
      <object_component id="oc-43b">
         <name>.data</name>
         <load_address>0xa909</load_address>
         <run_address>0xa909</run_address>
         <size>0x1</size>
         <input_file_ref idref="fl-49"/>
      </object_component>
      <object_component id="oc-2ef">
         <name>.data</name>
         <load_address>0xa904</load_address>
         <run_address>0xa904</run_address>
         <size>0x1</size>
         <input_file_ref idref="fl-4a"/>
      </object_component>
      <object_component id="oc-2c8">
         <name>.data</name>
         <load_address>0xa902</load_address>
         <run_address>0xa902</run_address>
         <size>0x1</size>
         <input_file_ref idref="fl-68"/>
      </object_component>
      <object_component id="oc-38">
         <name>.sysmem</name>
         <uninitialized>true</uninitialized>
         <run_address>0xa90a</run_address>
         <size>0x4</size>
         <input_file_ref idref="fl-41"/>
      </object_component>
      <object_component id="oc-636">
         <name>.sysmem</name>
         <uninitialized>true</uninitialized>
         <run_address>0xa90a</run_address>
         <size>0x0</size>
      </object_component>
      <object_component id="oc-71">
         <name>.debug_types</name>
         <load_address>0x0</load_address>
         <run_address>0x0</run_address>
         <size>0x2bd3</size>
         <input_file_ref idref="fl-2"/>
      </object_component>
      <object_component id="oc-1f9">
         <name>.debug_types</name>
         <load_address>0x2bd3</load_address>
         <run_address>0x2bd3</run_address>
         <size>0x61</size>
         <input_file_ref idref="fl-3"/>
      </object_component>
      <object_component id="oc-73">
         <name>.debug_types</name>
         <load_address>0x2c34</load_address>
         <run_address>0x2c34</run_address>
         <size>0xb28</size>
         <input_file_ref idref="fl-5"/>
      </object_component>
      <object_component id="oc-96">
         <name>.debug_types</name>
         <load_address>0x375c</load_address>
         <run_address>0x375c</run_address>
         <size>0x43a</size>
         <input_file_ref idref="fl-6"/>
      </object_component>
      <object_component id="oc-243">
         <name>.debug_types</name>
         <load_address>0x3b96</load_address>
         <run_address>0x3b96</run_address>
         <size>0x562</size>
         <input_file_ref idref="fl-7"/>
      </object_component>
      <object_component id="oc-2e8">
         <name>.debug_types</name>
         <load_address>0x40f8</load_address>
         <run_address>0x40f8</run_address>
         <size>0x89</size>
         <input_file_ref idref="fl-8"/>
      </object_component>
      <object_component id="oc-98">
         <name>.debug_types</name>
         <load_address>0x4181</load_address>
         <run_address>0x4181</run_address>
         <size>0x468</size>
         <input_file_ref idref="fl-9"/>
      </object_component>
      <object_component id="oc-3c2">
         <name>.debug_types</name>
         <load_address>0x45e9</load_address>
         <run_address>0x45e9</run_address>
         <size>0x151</size>
         <input_file_ref idref="fl-16"/>
      </object_component>
      <object_component id="oc-284">
         <name>.debug_types</name>
         <load_address>0x473a</load_address>
         <run_address>0x473a</run_address>
         <size>0x278</size>
         <input_file_ref idref="fl-18"/>
      </object_component>
      <object_component id="oc-a6">
         <name>.debug_types</name>
         <load_address>0x0</load_address>
         <run_address>0x0</run_address>
         <size>0x0</size>
         <input_file_ref idref="fl-19"/>
      </object_component>
      <object_component id="oc-3db">
         <name>.debug_types</name>
         <load_address>0x49b2</load_address>
         <run_address>0x49b2</run_address>
         <size>0x3fa</size>
         <input_file_ref idref="fl-1a"/>
      </object_component>
      <object_component id="oc-27e">
         <name>.debug_types</name>
         <load_address>0x4dac</load_address>
         <run_address>0x4dac</run_address>
         <size>0x768</size>
         <input_file_ref idref="fl-1b"/>
      </object_component>
      <object_component id="oc-258">
         <name>.debug_types</name>
         <load_address>0x5514</load_address>
         <run_address>0x5514</run_address>
         <size>0x24e</size>
         <input_file_ref idref="fl-1c"/>
      </object_component>
      <object_component id="oc-488">
         <name>.debug_types</name>
         <load_address>0x5762</load_address>
         <run_address>0x5762</run_address>
         <size>0x9b2</size>
         <input_file_ref idref="fl-1d"/>
      </object_component>
      <object_component id="oc-312">
         <name>.debug_types</name>
         <load_address>0x6114</load_address>
         <run_address>0x6114</run_address>
         <size>0x68</size>
         <input_file_ref idref="fl-1e"/>
      </object_component>
      <object_component id="oc-334">
         <name>.debug_types</name>
         <load_address>0x617c</load_address>
         <run_address>0x617c</run_address>
         <size>0x2f</size>
         <input_file_ref idref="fl-1f"/>
      </object_component>
      <object_component id="oc-343">
         <name>.debug_types</name>
         <load_address>0x0</load_address>
         <run_address>0x0</run_address>
         <size>0x0</size>
         <input_file_ref idref="fl-20"/>
      </object_component>
      <object_component id="oc-46b">
         <name>.debug_types</name>
         <load_address>0x0</load_address>
         <run_address>0x0</run_address>
         <size>0x0</size>
         <input_file_ref idref="fl-21"/>
      </object_component>
      <object_component id="oc-31d">
         <name>.debug_types</name>
         <load_address>0x0</load_address>
         <run_address>0x0</run_address>
         <size>0x0</size>
         <input_file_ref idref="fl-22"/>
      </object_component>
      <object_component id="oc-7b">
         <name>.debug_types</name>
         <load_address>0x61ab</load_address>
         <run_address>0x61ab</run_address>
         <size>0x2f</size>
         <input_file_ref idref="fl-32"/>
      </object_component>
      <object_component id="oc-dd">
         <name>.debug_types</name>
         <load_address>0x0</load_address>
         <run_address>0x0</run_address>
         <size>0x0</size>
         <input_file_ref idref="fl-33"/>
      </object_component>
      <object_component id="oc-128">
         <name>.debug_types</name>
         <load_address>0x61da</load_address>
         <run_address>0x61da</run_address>
         <size>0x441</size>
         <input_file_ref idref="fl-34"/>
      </object_component>
      <object_component id="oc-80">
         <name>.debug_types</name>
         <load_address>0x661b</load_address>
         <run_address>0x661b</run_address>
         <size>0x169</size>
         <input_file_ref idref="fl-35"/>
      </object_component>
      <object_component id="oc-44">
         <name>.debug_types</name>
         <load_address>0x0</load_address>
         <run_address>0x0</run_address>
         <size>0x0</size>
         <input_file_ref idref="fl-36"/>
      </object_component>
      <object_component id="oc-3c">
         <name>.debug_types</name>
         <load_address>0x6784</load_address>
         <run_address>0x6784</run_address>
         <size>0x191</size>
         <input_file_ref idref="fl-37"/>
      </object_component>
      <object_component id="oc-11d">
         <name>.debug_types</name>
         <load_address>0x6915</load_address>
         <run_address>0x6915</run_address>
         <size>0x90</size>
         <input_file_ref idref="fl-38"/>
      </object_component>
      <object_component id="oc-188">
         <name>.debug_types</name>
         <load_address>0x69a5</load_address>
         <run_address>0x69a5</run_address>
         <size>0x2f</size>
         <input_file_ref idref="fl-39"/>
      </object_component>
      <object_component id="oc-5ca">
         <name>.debug_types</name>
         <load_address>0x69d4</load_address>
         <run_address>0x69d4</run_address>
         <size>0x32</size>
         <input_file_ref idref="fl-3a"/>
      </object_component>
      <object_component id="oc-115">
         <name>.debug_types</name>
         <load_address>0x6a06</load_address>
         <run_address>0x6a06</run_address>
         <size>0xb6</size>
         <input_file_ref idref="fl-3b"/>
      </object_component>
      <object_component id="oc-533">
         <name>.debug_types</name>
         <load_address>0x6abc</load_address>
         <run_address>0x6abc</run_address>
         <size>0x34</size>
         <input_file_ref idref="fl-3c"/>
      </object_component>
      <object_component id="oc-5b5">
         <name>.debug_types</name>
         <load_address>0x0</load_address>
         <run_address>0x0</run_address>
         <size>0x0</size>
         <input_file_ref idref="fl-3d"/>
      </object_component>
      <object_component id="oc-315">
         <name>.debug_types</name>
         <load_address>0x6af0</load_address>
         <run_address>0x6af0</run_address>
         <size>0x66</size>
         <input_file_ref idref="fl-3e"/>
      </object_component>
      <object_component id="oc-52b">
         <name>.debug_types</name>
         <load_address>0x0</load_address>
         <run_address>0x0</run_address>
         <size>0x0</size>
         <input_file_ref idref="fl-3f"/>
      </object_component>
      <object_component id="oc-476">
         <name>.debug_types</name>
         <load_address>0x0</load_address>
         <run_address>0x0</run_address>
         <size>0x0</size>
         <input_file_ref idref="fl-40"/>
      </object_component>
      <object_component id="oc-76">
         <name>.debug_types</name>
         <load_address>0x6b56</load_address>
         <run_address>0x6b56</run_address>
         <size>0x23d</size>
         <input_file_ref idref="fl-41"/>
      </object_component>
      <object_component id="oc-b7">
         <name>.debug_types</name>
         <load_address>0x0</load_address>
         <run_address>0x0</run_address>
         <size>0x0</size>
         <input_file_ref idref="fl-42"/>
      </object_component>
      <object_component id="oc-4f8">
         <name>.debug_types</name>
         <load_address>0x0</load_address>
         <run_address>0x0</run_address>
         <size>0x0</size>
         <input_file_ref idref="fl-43"/>
      </object_component>
      <object_component id="oc-529">
         <name>.debug_types</name>
         <load_address>0x6d93</load_address>
         <run_address>0x6d93</run_address>
         <size>0x34</size>
         <input_file_ref idref="fl-44"/>
      </object_component>
      <object_component id="oc-474">
         <name>.debug_types</name>
         <load_address>0x0</load_address>
         <run_address>0x0</run_address>
         <size>0x0</size>
         <input_file_ref idref="fl-45"/>
      </object_component>
      <object_component id="oc-53b">
         <name>.debug_types</name>
         <load_address>0x0</load_address>
         <run_address>0x0</run_address>
         <size>0x0</size>
         <input_file_ref idref="fl-46"/>
      </object_component>
      <object_component id="oc-46f">
         <name>.debug_types</name>
         <load_address>0x6dc7</load_address>
         <run_address>0x6dc7</run_address>
         <size>0x20d</size>
         <input_file_ref idref="fl-47"/>
      </object_component>
      <object_component id="oc-427">
         <name>.debug_types</name>
         <load_address>0x6fd4</load_address>
         <run_address>0x6fd4</run_address>
         <size>0x32</size>
         <input_file_ref idref="fl-48"/>
      </object_component>
      <object_component id="oc-440">
         <name>.debug_types</name>
         <load_address>0x7006</load_address>
         <run_address>0x7006</run_address>
         <size>0x56</size>
         <input_file_ref idref="fl-49"/>
      </object_component>
      <object_component id="oc-300">
         <name>.debug_types</name>
         <load_address>0x705c</load_address>
         <run_address>0x705c</run_address>
         <size>0x149</size>
         <input_file_ref idref="fl-4a"/>
      </object_component>
      <object_component id="oc-5d7">
         <name>.debug_types</name>
         <load_address>0x71a5</load_address>
         <run_address>0x71a5</run_address>
         <size>0x2f</size>
         <input_file_ref idref="fl-4b"/>
      </object_component>
      <object_component id="oc-5e2">
         <name>.debug_types</name>
         <load_address>0x0</load_address>
         <run_address>0x0</run_address>
         <size>0x0</size>
         <input_file_ref idref="fl-4c"/>
      </object_component>
      <object_component id="oc-5fc">
         <name>.debug_types</name>
         <load_address>0x0</load_address>
         <run_address>0x0</run_address>
         <size>0x0</size>
         <input_file_ref idref="fl-4d"/>
      </object_component>
      <object_component id="oc-538">
         <name>.debug_types</name>
         <load_address>0x71d4</load_address>
         <run_address>0x71d4</run_address>
         <size>0x160</size>
         <input_file_ref idref="fl-4e"/>
      </object_component>
      <object_component id="oc-451">
         <name>.debug_types</name>
         <load_address>0x0</load_address>
         <run_address>0x0</run_address>
         <size>0x0</size>
         <input_file_ref idref="fl-4f"/>
      </object_component>
      <object_component id="oc-46d">
         <name>.debug_types</name>
         <load_address>0x0</load_address>
         <run_address>0x0</run_address>
         <size>0x0</size>
         <input_file_ref idref="fl-50"/>
      </object_component>
      <object_component id="oc-518">
         <name>.debug_types</name>
         <load_address>0x0</load_address>
         <run_address>0x0</run_address>
[...]
      <symbol id="sm-3cd">
         <name>SysCtl_setClock</name>
         <value>0x86c2</value>
         <object_component_ref idref="oc-193"/>
      </symbol>
      <symbol id="sm-3ce">
         <name>SysCtl_getClock</name>
         <value>0x9f9a</value>
         <object_component_ref idref="oc-199"/>
      </symbol>
      <symbol id="sm-3df">
         <name>printf</name>
         <value>0xae0f</value>
         <object_component_ref idref="oc-174"/>
      </symbol>
      <symbol id="sm-547">
         <name>__TI_printfi</name>
         <value>0x8c8f</value>
         <object_component_ref idref="oc-350"/>
      </symbol>
      <symbol id="sm-580">
         <name>__TI_cleanup</name>
         <value>0x8eb3</value>
         <object_component_ref idref="oc-233"/>
      </symbol>
      <symbol id="sm-581">
         <name>freopen</name>
         <value>0x8ed0</value>
         <object_component_ref idref="oc-233"/>
      </symbol>
      <symbol id="sm-582">
         <name>fopen</name>
         <value>0x8eee</value>
         <object_component_ref idref="oc-233"/>
      </symbol>
      <symbol id="sm-596">
         <name>putc</name>
         <value>0xa6b1</value>
         <object_component_ref idref="oc-247"/>
      </symbol>
      <symbol id="sm-597">
         <name>fputc</name>
         <value>0xa6b1</value>
         <object_component_ref idref="oc-247"/>
      </symbol>
      <symbol id="sm-598">
         <name>putchar</name>
         <value>0xa6ff</value>
         <object_component_ref idref="oc-247"/>
      </symbol>
      <symbol id="sm-5b5">
         <name>puts</name>
         <value>0x9d25</value>
         <object_component_ref idref="oc-24d"/>
      </symbol>
      <symbol id="sm-5b6">
         <name>fputs</name>
         <value>0x9c90</value>
         <object_component_ref idref="oc-24d"/>
      </symbol>
      <symbol id="sm-5ce">
         <name>__TI_wrt_ok</name>
         <value>0xa427</value>
         <object_component_ref idref="oc-321"/>
      </symbol>
      <symbol id="sm-5cf">
         <name>__TI_rd_ok</name>
         <value>0xa461</value>
         <object_component_ref idref="oc-321"/>
      </symbol>
      <symbol id="sm-5e7">
         <name>setvbuf</name>
         <value>0xa10b</value>
         <object_component_ref idref="oc-23c"/>
      </symbol>
      <symbol id="sm-5f1">
         <name>_c_int00</name>
         <value>0x2e5</value>
         <object_component_ref idref="oc-88"/>
      </symbol>
      <symbol id="sm-5f2">
         <name>__stack</name>
         <value>0x400</value>
         <object_component_ref idref="oc-37"/>
      </symbol>
      <symbol id="sm-5fe">
         <name>__c28xabi_cmpd</name>
         <value>0xaf86</value>
         <object_component_ref idref="oc-53d"/>
      </symbol>
      <symbol id="sm-60c">
         <name>__c28xabi_mpyd</name>
         <value>0xa088</value>
         <object_component_ref idref="oc-54c"/>
      </symbol>
      <symbol id="sm-615">
         <name>__c28xabi_negd</name>
         <value>0x4f4</value>
         <object_component_ref idref="oc-542"/>
      </symbol>
      <symbol id="sm-61d">
         <name>__c28xabi_subd</name>
         <value>0x441</value>
         <object_component_ref idref="oc-561"/>
      </symbol>
      <symbol id="sm-628">
         <name>__c28xabi_dtoi</name>
         <value>0xe5</value>
         <object_component_ref idref="oc-566"/>
      </symbol>
      <symbol id="sm-633">
         <name>__c28xabi_dtol</name>
         <value>0x106</value>
         <object_component_ref idref="oc-551"/>
      </symbol>
      <symbol id="sm-640">
         <name>__c28xabi_divf</name>
         <value>0xa000</value>
         <object_component_ref idref="oc-36a"/>
      </symbol>
      <symbol id="sm-648">
         <name>__c28xabi_orll</name>
         <value>0x2a6</value>
         <object_component_ref idref="oc-499"/>
      </symbol>
      <symbol id="sm-649">
         <name>__c28xabi_xorll</name>
         <value>0x2ae</value>
         <object_component_ref idref="oc-499"/>
      </symbol>
      <symbol id="sm-64a">
         <name>__c28xabi_andll</name>
         <value>0x29e</value>
         <object_component_ref idref="oc-499"/>
      </symbol>
      <symbol id="sm-654">
         <name>__c28xabi_cmpll</name>
         <value>0x17f</value>
         <object_component_ref idref="oc-48f"/>
      </symbol>
      <symbol id="sm-655">
         <name>__c28xabi_cmpull</name>
         <value>0x191</value>
         <object_component_ref idref="oc-48f"/>
      </symbol>
      <symbol id="sm-67c">
         <name>__c28xabi_modull</name>
         <value>0x99b8</value>
         <object_component_ref idref="oc-494"/>
      </symbol>
      <symbol id="sm-67d">
         <name>__c28xabi_divull</name>
         <value>0x9989</value>
         <object_component_ref idref="oc-494"/>
      </symbol>
      <symbol id="sm-67e">
         <name>__c28xabi_divll</name>
         <value>0x9913</value>
         <object_component_ref idref="oc-494"/>
      </symbol>
      <symbol id="sm-67f">
         <name>__c28xabi_modll</name>
         <value>0x994f</value>
         <object_component_ref idref="oc-494"/>
      </symbol>
      <symbol id="sm-68b">
         <name>__c28xabi_itod</name>
         <value>0x8fe3</value>
         <object_component_ref idref="oc-577"/>
      </symbol>
      <symbol id="sm-697">
         <name>__c28xabi_ltod</name>
         <value>0x1d6</value>
         <object_component_ref idref="oc-55c"/>
      </symbol>
      <symbol id="sm-6a3">
         <name>__c28xabi_ftod</name>
         <value>0x1ba</value>
         <object_component_ref idref="oc-16c"/>
      </symbol>
      <symbol id="sm-6b6">
         <name>__c28xabi_divd</name>
         <value>0x9f0f</value>
         <object_component_ref idref="oc-547"/>
      </symbol>
      <symbol id="sm-6c8">
         <name>memcpy</name>
         <value>0x19d</value>
         <object_component_ref idref="oc-3d"/>
      </symbol>
      <symbol id="sm-6d5">
         <name>_system_pre_init</name>
         <value>0x53f</value>
         <object_component_ref idref="oc-b8"/>
      </symbol>
      <symbol id="sm-6e4">
         <name>__TI_auto_init_nobinit_nopinit</name>
         <value>0xaf5b</value>
         <object_component_ref idref="oc-de"/>
      </symbol>
      <symbol id="sm-6f3">
         <name>__TI_zero_init_nomemset</name>
         <value>0x476</value>
         <object_component_ref idref="oc-45"/>
      </symbol>
      <symbol id="sm-700">
         <name>__TI_decompress_none</name>
         <value>0x4fd</value>
         <object_component_ref idref="oc-1f"/>
      </symbol>
      <symbol id="sm-714">
         <name>__TI_decompress_lzss</name>
         <value>0xaf02</value>
         <object_component_ref idref="oc-19"/>
      </symbol>
      <symbol id="sm-72a">
         <name>C$$EXIT</name>
         <value>0x0</value>
         <object_component_ref idref="oc-c5"/>
      </symbol>
      <symbol id="sm-72b">
         <name>abort</name>
         <value>0x0</value>
         <object_component_ref idref="oc-c5"/>
      </symbol>
      <symbol id="sm-72c">
         <name>exit</name>
         <value>0x2</value>
         <object_component_ref idref="oc-c5"/>
      </symbol>
      <symbol id="sm-72d">
         <name>__TI_dtors_ptr</name>
         <value>0xa8fc</value>
         <object_component_ref idref="oc-116"/>
      </symbol>
      <symbol id="sm-72e">
         <name>__TI_cleanup_ptr</name>
         <value>0xa8fa</value>
         <object_component_ref idref="oc-116"/>
      </symbol>
      <symbol id="sm-72f">
         <name>__TI_enable_exit_profile_output</name>
         <value>0xa8f8</value>
         <object_component_ref idref="oc-116"/>
      </symbol>
      <symbol id="sm-746">
         <name>_nop</name>
         <value>0x4f3</value>
         <object_component_ref idref="oc-180"/>
      </symbol>
      <symbol id="sm-747">
         <name>_lock</name>
         <value>0xa8fe</value>
         <object_component_ref idref="oc-119"/>
      </symbol>
      <symbol id="sm-748">
         <name>_unlock</name>
         <value>0xa900</value>
         <object_component_ref idref="oc-254"/>
      </symbol>
      <symbol id="sm-749">
         <name>_register_lock</name>
         <value>0x4ef</value>
         <object_component_ref idref="oc-180"/>
      </symbol>
      <symbol id="sm-74a">
         <name>_register_unlock</name>
         <value>0x4eb</value>
         <object_component_ref idref="oc-180"/>
      </symbol>
      <symbol id="sm-759">
         <name>__TI_ltoa</name>
         <value>0xaed2</value>
         <object_component_ref idref="oc-556"/>
      </symbol>
      <symbol id="sm-768">
         <name>_args_main</name>
         <value>0x4a8</value>
         <object_component_ref idref="oc-bf"/>
      </symbol>
      <symbol id="sm-77d">
         <name>atoi</name>
         <value>0xaea1</value>
         <object_component_ref idref="oc-489"/>
      </symbol>
      <symbol id="sm-788">
         <name>_ctypes_</name>
         <value>0xb000</value>
         <object_component_ref idref="oc-52f"/>
      </symbol>
      <symbol id="sm-79d">
         <name>__TI_tmpnams</name>
         <value>0xb5d2</value>
         <object_component_ref idref="oc-447"/>
      </symbol>
      <symbol id="sm-79e">
         <name>_ftable</name>
         <value>0xa800</value>
         <object_component_ref idref="oc-239"/>
      </symbol>
      <symbol id="sm-79f">
         <name>__TI_ft_end</name>
         <value>0xa905</value>
         <object_component_ref idref="oc-30d"/>
      </symbol>
      <symbol id="sm-7af">
         <name>memccpy</name>
         <value>0x415</value>
         <object_component_ref idref="oc-481"/>
      </symbol>
      <symbol id="sm-7bf">
         <name>memchr</name>
         <value>0x483</value>
         <object_component_ref idref="oc-33b"/>
      </symbol>
      <symbol id="sm-826">
         <name>_sys_memory</name>
         <value>0xa90a</value>
         <object_component_ref idref="oc-38"/>
      </symbol>
      <symbol id="sm-827">
         <name>free</name>
         <value>0x902b</value>
         <object_component_ref idref="oc-316"/>
      </symbol>
      <symbol id="sm-828">
         <name>__TI_heap_total_available</name>
         <value>0x9258</value>
         <object_component_ref idref="oc-316"/>
      </symbol>
      <symbol id="sm-829">
         <name>__TI_heap_largest_available</name>
         <value>0x9277</value>
         <object_component_ref idref="oc-316"/>
      </symbol>
      <symbol id="sm-82a">
         <name>realloc</name>
         <value>0x90f5</value>
         <object_component_ref idref="oc-316"/>
      </symbol>
      <symbol id="sm-82b">
         <name>memalign</name>
         <value>0x91aa</value>
         <object_component_ref idref="oc-316"/>
      </symbol>
      <symbol id="sm-82c">
         <name>calloc</name>
         <value>0x917d</value>
         <object_component_ref idref="oc-316"/>
      </symbol>
      <symbol id="sm-82d">
         <name>malloc</name>
         <value>0x9000</value>
         <object_component_ref idref="oc-316"/>
      </symbol>
      <symbol id="sm-82e">
         <name>__TI_heap_check</name>
         <value>0x9296</value>
         <object_component_ref idref="oc-316"/>
      </symbol>
      <symbol id="sm-82f">
         <name>aligned_alloc</name>
         <value>0x91aa</value>
         <object_component_ref idref="oc-316"/>
      </symbol>
      <symbol id="sm-830">
         <name>minit</name>
         <value>0x9179</value>
         <object_component_ref idref="oc-316"/>
      </symbol>
      <symbol id="sm-83f">
         <name>memset</name>
         <value>0x523</value>
         <object_component_ref idref="oc-81"/>
      </symbol>
      <symbol id="sm-84f">
         <name>strchr</name>
         <value>0x4b4</value>
         <object_component_ref idref="oc-42e"/>
      </symbol>
      <symbol id="sm-85d">
         <name>strcpy</name>
         <value>0x52f</value>
         <object_component_ref idref="oc-47b"/>
      </symbol>
      <symbol id="sm-86b">
         <name>strlen</name>
         <value>0x50d</value>
         <object_component_ref idref="oc-335"/>
      </symbol>
      <symbol id="sm-876">
         <name>errno</name>
         <value>0xa906</value>
         <object_component_ref idref="oc-4a4"/>
      </symbol>
      <symbol id="sm-884">
         <name>write</name>
         <value>0x225</value>
         <object_component_ref idref="oc-32d"/>
      </symbol>
      <symbol id="sm-894">
         <name>_stream</name>
         <value>0xa8c0</value>
         <object_component_ref idref="oc-43c"/>
      </symbol>
      <symbol id="sm-895">
         <name>_device</name>
         <value>0xa878</value>
         <object_component_ref idref="oc-2f0"/>
      </symbol>
      <symbol id="sm-8ae">
         <name>open</name>
         <value>0xa2df</value>
         <object_component_ref idref="oc-301"/>
      </symbol>
      <symbol id="sm-8c4">
         <name>add_device</name>
         <value>0xa350</value>
         <object_component_ref idref="oc-22d"/>
      </symbol>
      <symbol id="sm-8db">
         <name>frexpl</name>
         <value>0xa5ac</value>
         <object_component_ref idref="oc-56b"/>
      </symbol>
      <symbol id="sm-8dc">
         <name>frexp</name>
         <value>0xa5ac</value>
         <object_component_ref idref="oc-56b"/>
      </symbol>
      <symbol id="sm-8fe">
         <name>scalbn</name>
         <value>0x9be7</value>
         <object_component_ref idref="oc-571"/>
      </symbol>
      <symbol id="sm-8ff">
         <name>scalbnl</name>
         <value>0x9be7</value>
         <object_component_ref idref="oc-571"/>
      </symbol>
      <symbol id="sm-900">
         <name>ldexpl</name>
         <value>0x9be7</value>
         <object_component_ref idref="oc-571"/>
      </symbol>
      <symbol id="sm-901">
         <name>ldexp</name>
         <value>0x9be7</value>
         <object_component_ref idref="oc-571"/>
      </symbol>
      <symbol id="sm-90f">
         <name>copysign</name>
         <value>0x9e</value>
         <object_component_ref idref="oc-5db"/>
      </symbol>
      <symbol id="sm-910">
         <name>copysignl</name>
         <value>0x9e</value>
         <object_component_ref idref="oc-5db"/>
      </symbol>
      <symbol id="sm-91f">
         <name>wcslen</name>
         <value>0x4d6</value>
         <object_component_ref idref="oc-49e"/>
      </symbol>
      <symbol id="sm-931">
         <name>__TI_closefile</name>
         <value>0xa54f</value>
         <object_component_ref idref="oc-307"/>
      </symbol>
      <symbol id="sm-932">
         <name>fclose</name>
         <value>0xa593</value>
         <object_component_ref idref="oc-307"/>
      </symbol>
      <symbol id="sm-949">
         <name>__TI_doflush</name>
         <value>0xa1fa</value>
         <object_component_ref idref="oc-327"/>
      </symbol>
      <symbol id="sm-94a">
         <name>fflush</name>
         <value>0xa229</value>
         <object_component_ref idref="oc-327"/>
      </symbol>
      <symbol id="sm-95b">
         <name>fseeko</name>
         <value>0xabd9</value>
         <object_component_ref idref="oc-464"/>
      </symbol>
      <symbol id="sm-95c">
         <name>fseek</name>
         <value>0xabd9</value>
         <object_component_ref idref="oc-464"/>
      </symbol>
      <symbol id="sm-96e">
         <name>finddevice</name>
         <value>0xa756</value>
         <object_component_ref idref="oc-2f3"/>
      </symbol>
      <symbol id="sm-96f">
         <name>getdevice</name>
         <value>0xa771</value>
         <object_component_ref idref="oc-2f3"/>
      </symbol>
      <symbol id="sm-986">
         <name>__c28xabi_addd</name>
         <value>0x9ddd</value>
         <object_component_ref idref="oc-5cc"/>
      </symbol>
      <symbol id="sm-98e">
         <name>__c28xabi_divul</name>
         <value>0xafcd</value>
         <object_component_ref idref="oc-5c4"/>
      </symbol>
      <symbol id="sm-98f">
         <name>__c28xabi_modul</name>
         <value>0xafd4</value>
         <object_component_ref idref="oc-5c4"/>
      </symbol>
      <symbol id="sm-990">
         <name>__c28xabi_modl</name>
         <value>0xafbf</value>
         <object_component_ref idref="oc-5c4"/>
      </symbol>
      <symbol id="sm-991">
         <name>__c28xabi_divl</name>
         <value>0xafb0</value>
         <object_component_ref idref="oc-5c4"/>
      </symbol>
      <symbol id="sm-99f">
         <name>_system_post_cinit</name>
         <value>0x87ff</value>
         <object_component_ref idref="oc-121"/>
      </symbol>
      <symbol id="sm-9ae">
         <name>strcmp</name>
         <value>0x4e1</value>
         <object_component_ref idref="oc-428"/>
      </symbol>
      <symbol id="sm-9bf">
         <name>strncpy</name>
         <value>0x366</value>
         <object_component_ref idref="oc-2f9"/>
      </symbol>
      <symbol id="sm-9cc">
         <name>HOSTclose</name>
         <value>0x29</value>
         <object_component_ref idref="oc-401"/>
      </symbol>
      <symbol id="sm-9d9">
         <name>HOSTlseek</name>
         <value>0xa4ee</value>
         <object_component_ref idref="oc-413"/>
      </symbol>
      <symbol id="sm-9ec">
         <name>parmbuf</name>
         <value>0xb6ca</value>
         <object_component_ref idref="oc-4db"/>
      </symbol>
      <symbol id="sm-9ed">
         <name>HOSTopen</name>
         <value>0xac16</value>
         <object_component_ref idref="oc-3fb"/>
      </symbol>
      <symbol id="sm-9fb">
         <name>HOSTread</name>
         <value>0xac89</value>
         <object_component_ref idref="oc-407"/>
      </symbol>
      <symbol id="sm-a08">
         <name>HOSTrename</name>
         <value>0xab5e</value>
         <object_component_ref idref="oc-41f"/>
      </symbol>
      <symbol id="sm-a15">
         <name>HOSTunlink</name>
         <value>0x7a</value>
         <object_component_ref idref="oc-419"/>
      </symbol>
      <symbol id="sm-a23">
         <name>HOSTwrite</name>
         <value>0xac50</value>
         <object_component_ref idref="oc-40d"/>
      </symbol>
      <symbol id="sm-a40">
         <name>__TI_readmsg</name>
         <value>0x9ed2</value>
         <object_component_ref idref="oc-4de"/>
      </symbol>
      <symbol id="sm-a41">
         <name>C$$IO$$</name>
         <value>0x9ecd</value>
         <object_component_ref idref="oc-4de"/>
      </symbol>
      <symbol id="sm-a42">
         <name>__CIOBUF_</name>
         <value>0xb3ea</value>
         <object_component_ref idref="oc-582"/>
      </symbol>
      <symbol id="sm-a43">
         <name>__TI_writemsg</name>
         <value>0x9e7a</value>
         <object_component_ref idref="oc-4de"/>
      </symbol>
      <symbol id="sm-a52">
         <name>lseek</name>
         <value>0x2b6</value>
         <object_component_ref idref="oc-511"/>
      </symbol>
      <symbol id="sm-a63">
         <name>close</name>
         <value>0xae3d</value>
         <object_component_ref idref="oc-441"/>
      </symbol>
      <symbol id="sm-a70">
         <name>unlink</name>
         <value>0x20c</value>
         <object_component_ref idref="oc-44a"/>
      </symbol>
      <symbol id="sm-a9d">
         <name>MEP_SF</name>
         <value>0xb672</value>
         <object_component_ref idref="oc-2c9"/>
      </symbol>
      <symbol id="sm-a9e">
         <name>SFO_CAL</name>
         <value>0xb67b</value>
         <object_component_ref idref="oc-2c5"/>
      </symbol>
      <symbol id="sm-a9f">
         <name>SFO</name>
         <value>0x952a</value>
         <object_component_ref idref="oc-1f2"/>
      </symbol>
      <symbol id="sm-aa1">
         <name>__c_args__</name>
         <value>0x0</value>
      </symbol>
      <symbol id="sm-aa2">
         <name>remove</name>
         <value>0x20c</value>
      </symbol>
   </symbol_table>
   <title>Link errors: red sections failed placement,available memory ranges in purple</title>
</link_info>
